Archive member included to satisfy reference by file (symbol)

C:/ST/STM32CubeIDE_1.9.0/STM32CubeIDE/plugins/com.st.stm32cube.ide.mcu.externaltools.gnu-tools-for-stm32.11.3.rel1.win32_1.1.0.202305231506/tools/bin/../lib/gcc/arm-none-eabi/11.3.1/../../../../arm-none-eabi/lib/thumb/v7e-m+fp/hard\libc_nano.a(libc_a-exit.o)
                              C:/ST/STM32CubeIDE_1.9.0/STM32CubeIDE/plugins/com.st.stm32cube.ide.mcu.externaltools.gnu-tools-for-stm32.11.3.rel1.win32_1.1.0.202305231506/tools/bin/../lib/gcc/arm-none-eabi/11.3.1/../../../../arm-none-eabi/lib/thumb/v7e-m+fp/hard/crt0.o (exit)
C:/ST/STM32CubeIDE_1.9.0/STM32CubeIDE/plugins/com.st.stm32cube.ide.mcu.externaltools.gnu-tools-for-stm32.11.3.rel1.win32_1.1.0.202305231506/tools/bin/../lib/gcc/arm-none-eabi/11.3.1/../../../../arm-none-eabi/lib/thumb/v7e-m+fp/hard\libc_nano.a(libc_a-nano-vfprintf_float.o)
                              (_printf_float)
C:/ST/STM32CubeIDE_1.9.0/STM32CubeIDE/plugins/com.st.stm32cube.ide.mcu.externaltools.gnu-tools-for-stm32.11.3.rel1.win32_1.1.0.202305231506/tools/bin/../lib/gcc/arm-none-eabi/11.3.1/../../../../arm-none-eabi/lib/thumb/v7e-m+fp/hard\libc_nano.a(libc_a-nano-vfprintf_i.o)
                              C:/ST/STM32CubeIDE_1.9.0/STM32CubeIDE/plugins/com.st.stm32cube.ide.mcu.externaltools.gnu-tools-for-stm32.11.3.rel1.win32_1.1.0.202305231506/tools/bin/../lib/gcc/arm-none-eabi/11.3.1/../../../../arm-none-eabi/lib/thumb/v7e-m+fp/hard\libc_nano.a(libc_a-nano-vfprintf_float.o) (_printf_common)
C:/ST/STM32CubeIDE_1.9.0/STM32CubeIDE/plugins/com.st.stm32cube.ide.mcu.externaltools.gnu-tools-for-stm32.11.3.rel1.win32_1.1.0.202305231506/tools/bin/../lib/gcc/arm-none-eabi/11.3.1/../../../../arm-none-eabi/lib/thumb/v7e-m+fp/hard\libc_nano.a(libc_a-findfp.o)
                              C:/ST/STM32CubeIDE_1.9.0/STM32CubeIDE/plugins/com.st.stm32cube.ide.mcu.externaltools.gnu-tools-for-stm32.11.3.rel1.win32_1.1.0.202305231506/tools/bin/../lib/gcc/arm-none-eabi/11.3.1/../../../../arm-none-eabi/lib/thumb/v7e-m+fp/hard\libc_nano.a(libc_a-exit.o) (__stdio_exit_handler)
C:/ST/STM32CubeIDE_1.9.0/STM32CubeIDE/plugins/com.st.stm32cube.ide.mcu.externaltools.gnu-tools-for-stm32.11.3.rel1.win32_1.1.0.202305231506/tools/bin/../lib/gcc/arm-none-eabi/11.3.1/../../../../arm-none-eabi/lib/thumb/v7e-m+fp/hard\libc_nano.a(libc_a-fwalk.o)
                              C:/ST/STM32CubeIDE_1.9.0/STM32CubeIDE/plugins/com.st.stm32cube.ide.mcu.externaltools.gnu-tools-for-stm32.11.3.rel1.win32_1.1.0.202305231506/tools/bin/../lib/gcc/arm-none-eabi/11.3.1/../../../../arm-none-eabi/lib/thumb/v7e-m+fp/hard\libc_nano.a(libc_a-findfp.o) (_fwalk_sglue)
C:/ST/STM32CubeIDE_1.9.0/STM32CubeIDE/plugins/com.st.stm32cube.ide.mcu.externaltools.gnu-tools-for-stm32.11.3.rel1.win32_1.1.0.202305231506/tools/bin/../lib/gcc/arm-none-eabi/11.3.1/../../../../arm-none-eabi/lib/thumb/v7e-m+fp/hard\libc_nano.a(libc_a-printf.o)
                              ./Core/Src/dma_ring.o (printf)
C:/ST/STM32CubeIDE_1.9.0/STM32CubeIDE/plugins/com.st.stm32cube.ide.mcu.externaltools.gnu-tools-for-stm32.11.3.rel1.win32_1.1.0.202305231506/tools/bin/../lib/gcc/arm-none-eabi/11.3.1/../../../../arm-none-eabi/lib/thumb/v7e-m+fp/hard\libc_nano.a(libc_a-puts.o)
                              ./Core/Src/dma_ring.o (puts)
C:/ST/STM32CubeIDE_1.9.0/STM32CubeIDE/plugins/com.st.stm32cube.ide.mcu.externaltools.gnu-tools-for-stm32.11.3.rel1.win32_1.1.0.202305231506/tools/bin/../lib/gcc/arm-none-eabi/11.3.1/../../../../arm-none-eabi/lib/thumb/v7e-m+fp/hard\libc_nano.a(libc_a-setbuf.o)
                              ./Core/Src/main.o (setbuf)
C:/ST/STM32CubeIDE_1.9.0/STM32CubeIDE/plugins/com.st.stm32cube.ide.mcu.externaltools.gnu-tools-for-stm32.11.3.rel1.win32_1.1.0.202305231506/tools/bin/../lib/gcc/arm-none-eabi/11.3.1/../../../../arm-none-eabi/lib/thumb/v7e-m+fp/hard\libc_nano.a(libc_a-setvbuf.o)
                              C:/ST/STM32CubeIDE_1.9.0/STM32CubeIDE/plugins/com.st.stm32cube.ide.mcu.externaltools.gnu-tools-for-stm32.11.3.rel1.win32_1.1.0.202305231506/tools/bin/../lib/gcc/arm-none-eabi/11.3.1/../../../../arm-none-eabi/lib/thumb/v7e-m+fp/hard\libc_nano.a(libc_a-setbuf.o) (setvbuf)
C:/ST/STM32CubeIDE_1.9.0/STM32CubeIDE/plugins/com.st.stm32cube.ide.mcu.externaltools.gnu-tools-for-stm32.11.3.rel1.win32_1.1.0.202305231506/tools/bin/../lib/gcc/arm-none-eabi/11.3.1/../../../../arm-none-eabi/lib/thumb/v7e-m+fp/hard\libc_nano.a(libc_a-stdio.o)
                              C:/ST/STM32CubeIDE_1.9.0/STM32CubeIDE/plugins/com.st.stm32cube.ide.mcu.externaltools.gnu-tools-for-stm32.11.3.rel1.win32_1.1.0.202305231506/tools/bin/../lib/gcc/arm-none-eabi/11.3.1/../../../../arm-none-eabi/lib/thumb/v7e-m+fp/hard\libc_nano.a(libc_a-findfp.o) (__sread)
C:/ST/STM32CubeIDE_1.9.0/STM32CubeIDE/plugins/com.st.stm32cube.ide.mcu.externaltools.gnu-tools-for-stm32.11.3.rel1.win32_1.1.0.202305231506/tools/bin/../lib/gcc/arm-none-eabi/11.3.1/../../../../arm-none-eabi/lib/thumb/v7e-m+fp/hard\libc_nano.a(libc_a-vsprintf.o)
[...]
Memory Configuration

Name             Origin             Length             Attributes
RAM              0x0000000020000000 0x0000000000020000 xrw
FLASH            0x0000000008000000 0x0000000000080000 xr
*default*        0x0000000000000000 0xffffffffffffffff

Linker script and memory map

LOAD C:/ST/STM32CubeIDE_1.9.0/STM32CubeIDE/plugins/com.st.stm32cube.ide.mcu.externaltools.gnu-tools-for-stm32.11.3.rel1.win32_1.1.0.202305231506/tools/bin/../lib/gcc/arm-none-eabi/11.3.1/thumb/v7e-m+fp/hard/crti.o
LOAD C:/ST/STM32CubeIDE_1.9.0/STM32CubeIDE/plugins/com.st.stm32cube.ide.mcu.externaltools.gnu-tools-for-stm32.11.3.rel1.win32_1.1.0.202305231506/tools/bin/../lib/gcc/arm-none-eabi/11.3.1/thumb/v7e-m+fp/hard/crtbegin.o
LOAD C:/ST/STM32CubeIDE_1.9.0/STM32CubeIDE/plugins/com.st.stm32cube.ide.mcu.externaltools.gnu-tools-for-stm32.11.3.rel1.win32_1.1.0.202305231506/tools/bin/../lib/gcc/arm-none-eabi/11.3.1/../../../../arm-none-eabi/lib/thumb/v7e-m+fp/hard/crt0.o
LOAD ./Core/Src/actuator.o
LOAD ./Core/Src/adc.o
LOAD ./Core/Src/can_ibis.o
LOAD ./Core/Src/dma.o
LOAD ./Core/Src/dma_printf.o
LOAD ./Core/Src/dma_ring.o
LOAD ./Core/Src/dma_scanf.o
LOAD ./Core/Src/fdcan.o
LOAD ./Core/Src/gpio.o
LOAD ./Core/Src/icm20602_spi.o
LOAD ./Core/Src/keeper.o
LOAD ./Core/Src/main.o
LOAD ./Core/Src/microsectimer.o
LOAD ./Core/Src/myatan2.o
LOAD ./Core/Src/odom.o
LOAD ./Core/Src/omni_wheel.o
LOAD ./Core/Src/spi.o
LOAD ./Core/Src/stm32g4xx_hal_msp.o
LOAD ./Core/Src/stm32g4xx_it.o
LOAD ./Core/Src/syscalls.o
LOAD ./Core/Src/system_stm32g4xx.o
LOAD ./Core/Src/tim.o
LOAD ./Core/Src/usart.o
LOAD ./Core/Src/util.o
LOAD ./Core/Startup/startup_stm32g474retx.o
LOAD ./Drivers/STM32G4xx_HAL_Driver/Src/stm32g4xx_hal.o
LOAD ./Drivers/STM32G4xx_HAL_Driver/Src/stm32g4xx_hal_adc.o
LOAD ./Drivers/STM32G4xx_HAL_Driver/Src/stm32g4xx_hal_adc_ex.o
LOAD ./Drivers/STM32G4xx_HAL_Driver/Src/stm32g4xx_hal_cortex.o
LOAD ./Drivers/STM32G4xx_HAL_Driver/Src/stm32g4xx_hal_dma.o
LOAD ./Drivers/STM32G4xx_HAL_Driver/Src/stm32g4xx_hal_dma_ex.o
LOAD ./Drivers/STM32G4xx_HAL_Driver/Src/stm32g4xx_hal_exti.o
LOAD ./Drivers/STM32G4xx_HAL_Driver/Src/stm32g4xx_hal_fdcan.o
LOAD ./Drivers/STM32G4xx_HAL_Driver/Src/stm32g4xx_hal_flash.o
LOAD ./Drivers/STM32G4xx_HAL_Driver/Src/stm32g4xx_hal_flash_ex.o
LOAD ./Drivers/STM32G4xx_HAL_Driver/Src/stm32g4xx_hal_flash_ramfunc.o
LOAD ./Drivers/STM32G4xx_HAL_Driver/Src/stm32g4xx_hal_gpio.o
LOAD ./Drivers/STM32G4xx_HAL_Driver/Src/stm32g4xx_hal_pwr.o
LOAD ./Drivers/STM32G4xx_HAL_Driver/Src/stm32g4xx_hal_pwr_ex.o
LOAD ./Drivers/STM32G4xx_HAL_Driver/Src/stm32g4xx_hal_rcc.o
LOAD ./Drivers/STM32G4xx_HAL_Driver/Src/stm32g4xx_hal_rcc_ex.o
LOAD ./Drivers/STM32G4xx_HAL_Driver/Src/stm32g4xx_hal_spi.o
LOAD ./Drivers/STM32G4xx_HAL_Driver/Src/stm32g4xx_hal_spi_ex.o
LOAD ./Drivers/STM32G4xx_HAL_Driver/Src/stm32g4xx_hal_tim.o
LOAD ./Drivers/STM32G4xx_HAL_Driver/Src/stm32g4xx_hal_tim_ex.o
LOAD ./Drivers/STM32G4xx_HAL_Driver/Src/stm32g4xx_hal_uart.o
LOAD ./Drivers/STM32G4xx_HAL_Driver/Src/stm32g4xx_hal_uart_ex.o
LOAD ./Drivers/STM32G4xx_HAL_Driver/Src/stm32g4xx_ll_adc.o
START GROUP
LOAD C:/ST/STM32CubeIDE_1.9.0/STM32CubeIDE/plugins/com.st.stm32cube.ide.mcu.externaltools.gnu-tools-for-stm32.11.3.rel1.win32_1.1.0.202305231506/tools/bin/../lib/gcc/arm-none-eabi/11.3.1/../../../../arm-none-eabi/lib/thumb/v7e-m+fp/hard\libc_nano.a
LOAD C:/ST/STM32CubeIDE_1.9.0/STM32CubeIDE/plugins/com.st.stm32cube.ide.mcu.externaltools.gnu-tools-for-stm32.11.3.rel1.win32_1.1.0.202305231506/tools/bin/../lib/gcc/arm-none-eabi/11.3.1/../../../../arm-none-eabi/lib/thumb/v7e-m+fp/hard\libm.a
END GROUP
START GROUP
LOAD C:/ST/STM32CubeIDE_1.9.0/STM32CubeIDE/plugins/com.st.stm32cube.ide.mcu.externaltools.gnu-tools-for-stm32.11.3.rel1.win32_1.1.0.202305231506/tools/bin/../lib/gcc/arm-none-eabi/11.3.1/thumb/v7e-m+fp/hard\libgcc.a
LOAD C:/ST/STM32CubeIDE_1.9.0/STM32CubeIDE/plugins/com.st.stm32cube.ide.mcu.externaltools.gnu-tools-for-stm32.11.3.rel1.win32_1.1.0.202305231506/tools/bin/../lib/gcc/arm-none-eabi/11.3.1/../../../../arm-none-eabi/lib/thumb/v7e-m+fp/hard\libc_nano.a
END GROUP
START GROUP
LOAD C:/ST/STM32CubeIDE_1.9.0/STM32CubeIDE/plugins/com.st.stm32cube.ide.mcu.externaltools.gnu-tools-for-stm32.11.3.rel1.win32_1.1.0.202305231506/tools/bin/../lib/gcc/arm-none-eabi/11.3.1/thumb/v7e-m+fp/hard\libgcc.a
LOAD C:/ST/STM32CubeIDE_1.9.0/STM32CubeIDE/plugins/com.st.stm32cube.ide.mcu.externaltools.gnu-tools-for-stm32.11.3.rel1.win32_1.1.0.202305231506/tools/bin/../lib/gcc/arm-none-eabi/11.3.1/../../../../arm-none-eabi/lib/thumb/v7e-m+fp/hard\libc_nano.a
LOAD C:/ST/STM32CubeIDE_1.9.0/STM32CubeIDE/plugins/com.st.stm32cube.ide.mcu.externaltools.gnu-tools-for-stm32.11.3.rel1.win32_1.1.0.202305231506/tools/bin/../lib/gcc/arm-none-eabi/11.3.1/../../../../arm-none-eabi/lib/thumb/v7e-m+fp/hard\libnosys.a
END GROUP
START GROUP
LOAD C:/ST/STM32CubeIDE_1.9.0/STM32CubeIDE/plugins/com.st.stm32cube.ide.mcu.externaltools.gnu-tools-for-stm32.11.3.rel1.win32_1.1.0.202305231506/tools/bin/../lib/gcc/arm-none-eabi/11.3.1/thumb/v7e-m+fp/hard\libgcc.a
LOAD C:/ST/STM32CubeIDE_1.9.0/STM32CubeIDE/plugins/com.st.stm32cube.ide.mcu.externaltools.gnu-tools-for-stm32.11.3.rel1.win32_1.1.0.202305231506/tools/bin/../lib/gcc/arm-none-eabi/11.3.1/../../../../arm-none-eabi/lib/thumb/v7e-m+fp/hard\libc_nano.a
LOAD C:/ST/STM32CubeIDE_1.9.0/STM32CubeIDE/plugins/com.st.stm32cube.ide.mcu.externaltools.gnu-tools-for-stm32.11.3.rel1.win32_1.1.0.202305231506/tools/bin/../lib/gcc/arm-none-eabi/11.3.1/../../../../arm-none-eabi/lib/thumb/v7e-m+fp/hard\libnosys.a
END GROUP
LOAD C:/ST/STM32CubeIDE_1.9.0/STM32CubeIDE/plugins/com.st.stm32cube.ide.mcu.externaltools.gnu-tools-for-stm32.11.3.rel1.win32_1.1.0.202305231506/tools/bin/../lib/gcc/arm-none-eabi/11.3.1/thumb/v7e-m+fp/hard/crtend.o
LOAD C:/ST/STM32CubeIDE_1.9.0/STM32CubeIDE/plugins/com.st.stm32cube.ide.mcu.externaltools.gnu-tools-for-stm32.11.3.rel1.win32_1.1.0.202305231506/tools/bin/../lib/gcc/arm-none-eabi/11.3.1/thumb/v7e-m+fp/hard/crtn.o
                0x0000000020020000                _estack = (ORIGIN (RAM) + LENGTH (RAM))
                0x0000000000000200                _Min_Heap_Size = 0x200
                0x0000000000000400                _Min_Stack_Size = 0x400

.isr_vector     0x0000000008000000      0x1d8
                0x0000000008000000                . = ALIGN (0x4)
 *(.isr_vector)
 .isr_vector    0x0000000008000000      0x1d8 ./Core/Startup/startup_stm32g474retx.o
                0x0000000008000000                g_pfnVectors
                0x00000000080001d8                . = ALIGN (0x4)

.text           0x00000000080001e0     0xe21c
                0x00000000080001e0                . = ALIGN (0x4)
 *(.text)
 .text          0x00000000080001e0       0x40 C:/ST/STM32CubeIDE_1.9.0/STM32CubeIDE/plugins/com.st.stm32cube.ide.mcu.externaltools.gnu-tools-for-stm32.11.3.rel1.win32_1.1.0.202305231506/tools/bin/../lib/gcc/arm-none-eabi/11.3.1/thumb/v7e-m+fp/hard/crtbegin.o
 .text          0x0000000008000220       0xa0 C:/ST/STM32CubeIDE_1.9.0/STM32CubeIDE/plugins/com.st.stm32cube.ide.mcu.externaltools.gnu-tools-for-stm32.11.3.rel1.win32_1.1.0.202305231506/tools/bin/../lib/gcc/arm-none-eabi/11.3.1/../../../../arm-none-eabi/lib/thumb/v7e-m+fp/hard\libc_nano.a(libc_a-memchr.o)
                0x0000000008000220                memchr
 .text          0x00000000080002c0       0x10 C:/ST/STM32CubeIDE_1.9.0/STM32CubeIDE/plugins/com.st.stm32cube.ide.mcu.externaltools.gnu-tools-for-stm32.11.3.rel1.win32_1.1.0.202305231506/tools/bin/../lib/gcc/arm-none-eabi/11.3.1/../../../../arm-none-eabi/lib/thumb/v7e-m+fp/hard\libc_nano.a(libc_a-strlen.o)
                0x00000000080002c0                strlen
 .text          0x00000000080002d0      0x378 C:/ST/STM32CubeIDE_1.9.0/STM32CubeIDE/plugins/com.st.stm32cube.ide.mcu.externaltools.gnu-tools-for-stm32.11.3.rel1.win32_1.1.0.202305231506/tools/bin/../lib/gcc/arm-none-eabi/11.3.1/thumb/v7e-m+fp/hard\libgcc.a(_arm_addsubdf3.o)
                0x00000000080002d0                __aeabi_drsub
                0x00000000080002d8                __aeabi_dsub
                0x00000000080002d8                __subdf3
                0x00000000080002dc                __aeabi_dadd
                0x00000000080002dc                __adddf3
                0x0000000008000554                __floatunsidf
                0x0000000008000554                __aeabi_ui2d
                0x0000000008000574                __floatsidf
                0x0000000008000574                __aeabi_i2d
                0x0000000008000598                __aeabi_f2d
                0x0000000008000598                __extendsfdf2
                0x00000000080005dc                __floatundidf
                0x00000000080005dc                __aeabi_ul2d
                0x00000000080005ec                __floatdidf
                0x00000000080005ec                __aeabi_l2d
 .text          0x0000000008000648      0x424 C:/ST/STM32CubeIDE_1.9.0/STM32CubeIDE/plugins/com.st.stm32cube.ide.mcu.externaltools.gnu-tools-for-stm32.11.3.rel1.win32_1.1.0.202305231506/tools/bin/../lib/gcc/arm-none-eabi/11.3.1/thumb/v7e-m+fp/hard\libgcc.a(_arm_muldivdf3.o)
                0x0000000008000648                __aeabi_dmul
                0x0000000008000648                __muldf3
                0x000000000800089c                __divdf3
                0x000000000800089c                __aeabi_ddiv
 .text          0x0000000008000a6c      0x110 C:/ST/STM32CubeIDE_1.9.0/STM32CubeIDE/plugins/com.st.stm32cube.ide.mcu.externaltools.gnu-tools-for-stm32.11.3.rel1.win32_1.1.0.202305231506/tools/bin/../lib/gcc/arm-none-eabi/11.3.1/thumb/v7e-m+fp/hard\libgcc.a(_arm_cmpdf2.o)
                0x0000000008000a6c                __gtdf2
                0x0000000008000a6c                __gedf2
                0x0000000008000a74                __ltdf2
                0x0000000008000a74                __ledf2
                0x0000000008000a7c                __nedf2
                0x0000000008000a7c                __eqdf2
                0x0000000008000a7c                __cmpdf2
                0x0000000008000af8                __aeabi_cdrcmple
                0x0000000008000b08                __aeabi_cdcmpeq
                0x0000000008000b08                __aeabi_cdcmple
                0x0000000008000b18                __aeabi_dcmpeq
                0x0000000008000b2c                __aeabi_dcmplt
                0x0000000008000b40                __aeabi_dcmple
                0x0000000008000b54                __aeabi_dcmpge
                0x0000000008000b68                __aeabi_dcmpgt
 .text          0x0000000008000b7c       0x2c C:/ST/STM32CubeIDE_1.9.0/STM32CubeIDE/plugins/com.st.stm32cube.ide.mcu.externaltools.gnu-tools-for-stm32.11.3.rel1.win32_1.1.0.202305231506/tools/bin/../lib/gcc/arm-none-eabi/11.3.1/thumb/v7e-m+fp/hard\libgcc.a(_arm_unorddf2.o)
                0x0000000008000b7c                __unorddf2
                0x0000000008000b7c                __aeabi_dcmpun
 .text          0x0000000008000ba8       0x50 C:/ST/STM32CubeIDE_1.9.0/STM32CubeIDE/plugins/com.st.stm32cube.ide.mcu.externaltools.gnu-tools-for-stm32.11.3.rel1.win32_1.1.0.202305231506/tools/bin/../lib/gcc/arm-none-eabi/11.3.1/thumb/v7e-m+fp/hard\libgcc.a(_arm_fixdfsi.o)
                0x0000000008000ba8                __aeabi_d2iz
                0x0000000008000ba8                __fixdfsi
 .text          0x0000000008000bf8       0x40 C:/ST/STM32CubeIDE_1.9.0/STM32CubeIDE/plugins/com.st.stm32cube.ide.mcu.externaltools.gnu-tools-for-stm32.11.3.rel1.win32_1.1.0.202305231506/tools/bin/../lib/gcc/arm-none-eabi/11.3.1/thumb/v7e-m+fp/hard\libgcc.a(_arm_fixunsdfsi.o)
                0x0000000008000bf8                __aeabi_d2uiz
                0x0000000008000bf8                __fixunsdfsi
 .text          0x0000000008000c38       0xa0 C:/ST/STM32CubeIDE_1.9.0/STM32CubeIDE/plugins/com.st.stm32cube.ide.mcu.externaltools.gnu-tools-for-stm32.11.3.rel1.win32_1.1.0.202305231506/tools/bin/../lib/gcc/arm-none-eabi/11.3.1/thumb/v7e-m+fp/hard\libgcc.a(_arm_truncdfsf2.o)
                0x0000000008000c38                __truncdfsf2
                0x0000000008000c38                __aeabi_d2f
 .text          0x0000000008000cd8       0x30 C:/ST/STM32CubeIDE_1.9.0/STM32CubeIDE/plugins/com.st.stm32cube.ide.mcu.externaltools.gnu-tools-for-stm32.11.3.rel1.win32_1.1.0.202305231506/tools/bin/../lib/gcc/arm-none-eabi/11.3.1/thumb/v7e-m+fp/hard\libgcc.a(_aeabi_uldivmod.o)
                0x0000000008000cd8                __aeabi_uldivmod
 .text          0x0000000008000d08      0x2c8 C:/ST/STM32CubeIDE_1.9.0/STM32CubeIDE/plugins/com.st.stm32cube.ide.mcu.externaltools.gnu-tools-for-stm32.11.3.rel1.win32_1.1.0.202305231506/tools/bin/../lib/gcc/arm-none-eabi/11.3.1/thumb/v7e-m+fp/hard\libgcc.a(_udivmoddi4.o)
                0x0000000008000d08                __udivmoddi4
 .text          0x0000000008000fd0        0x4 C:/ST/STM32CubeIDE_1.9.0/STM32CubeIDE/plugins/com.st.stm32cube.ide.mcu.externaltools.gnu-tools-for-stm32.11.3.rel1.win32_1.1.0.202305231506/tools/bin/../lib/gcc/arm-none-eabi/11.3.1/thumb/v7e-m+fp/hard\libgcc.a(_dvmd_tls.o)
                0x0000000008000fd0                __aeabi_idiv0
                0x0000000008000fd0                __aeabi_ldiv0
 *(.text*)
 .text.actuator_motor1
                0x0000000008000fd4       0x40 ./Core/Src/actuator.o
                0x0000000008000fd4                actuator_motor1
 .text.actuator_motor2
                0x0000000008001014       0x40 ./Core/Src/actuator.o
                0x0000000008001014                actuator_motor2
 .text.actuator_motor3
                0x0000000008001054       0x40 ./Core/Src/actuator.o
                0x0000000008001054                actuator_motor3
 .text.actuator_motor4
                0x0000000008001094       0x40 ./Core/Src/actuator.o
                0x0000000008001094                actuator_motor4
 .text.actuator_motor5
                0x00000000080010d4       0x40 ./Core/Src/actuator.o
                0x00000000080010d4                actuator_motor5
 .text.actuator_dribbler_up
                0x0000000008001114       0x24 ./Core/Src/actuator.o
                0x0000000008001114                actuator_dribbler_up
 .text.actuator_dribbler_down
                0x0000000008001138       0x24 ./Core/Src/actuator.o
                0x0000000008001138                actuator_dribbler_down
 .text.actuator_kicker_voltage
                0x000000000800115c       0x10 ./Core/Src/actuator.o
                0x000000000800115c                actuator_kicker_voltage
 .text.actuator_kicker
                0x000000000800116c        0x4 ./Core/Src/actuator.o
                0x000000000800116c                actuator_kicker
 .text.actuator_power_ONOFF
                0x0000000008001170       0x28 ./Core/Src/actuator.o
                0x0000000008001170                actuator_power_ONOFF
 .text.actuator_power_param
                0x0000000008001198       0x20 ./Core/Src/actuator.o
                0x0000000008001198                actuator_power_param
 .text.actuator_buzzer
                0x00000000080011b8       0x24 ./Core/Src/actuator.o
                0x00000000080011b8                actuator_buzzer
 .text.actuator_buzzer_on
                0x00000000080011dc       0x10 ./Core/Src/actuator.o
                0x00000000080011dc                actuator_buzzer_on
 .text.actuator_buzzer_off
                0x00000000080011ec       0x10 ./Core/Src/actuator.o
                0x00000000080011ec                actuator_buzzer_off
 .text.morse_long
                0x00000000080011fc       0x24 ./Core/Src/actuator.o
                0x00000000080011fc                morse_long
 .text.MX_ADC1_Init
                0x0000000008001220       0xac ./Core/Src/adc.o
                0x0000000008001220                MX_ADC1_Init
 .text.MX_ADC3_Init
                0x00000000080012cc       0xb0 ./Core/Src/adc.o
                0x00000000080012cc                MX_ADC3_Init
 .text.MX_ADC5_Init
                0x000000000800137c       0x94 ./Core/Src/adc.o
                0x000000000800137c                MX_ADC5_Init
 .text.HAL_ADC_MspInit
                0x0000000008001410      0x1cc ./Core/Src/adc.o
                0x0000000008001410                HAL_ADC_MspInit
 *fill*         0x00000000080015dc        0x4 
 .text.can1_init_ibis
                0x00000000080015e0       0x5c ./Core/Src/can_ibis.o
                0x00000000080015e0                can1_init_ibis
 .text.can1_send
                0x000000000800163c       0x40 ./Core/Src/can_ibis.o
                0x000000000800163c                can1_send
 *fill*         0x000000000800167c        0x4 
 .text.can2_init_ibis
                0x0000000008001680       0x5c ./Core/Src/can_ibis.o
                0x0000000008001680                can2_init_ibis
 .text.can2_send
                0x00000000080016dc       0x40 ./Core/Src/can_ibis.o
                0x00000000080016dc                can2_send
 *fill*         0x000000000800171c        0x4 
 .text.HAL_FDCAN_RxFifo0Callback
                0x0000000008001720      0x188 ./Core/Src/can_ibis.o
                0x0000000008001720                HAL_FDCAN_RxFifo0Callback
 .text.MX_DMA_Init
                0x00000000080018a8       0xa4 ./Core/Src/dma.o
                0x00000000080018a8                MX_DMA_Init
 .text.dma_printf_init
                0x000000000800194c       0x20 ./Core/Src/dma_printf.o
                0x000000000800194c                dma_printf_init
 .text.dma_printf_send_it
                0x000000000800196c       0x50 ./Core/Src/dma_printf.o
                0x000000000800196c                dma_printf_send_it
 .text.dma_ring_init
                0x00000000080019bc       0x14 ./Core/Src/dma_ring.o
                0x00000000080019bc                dma_ring_init
 .text.dma_ring_available_linear
                0x00000000080019d0       0x14 ./Core/Src/dma_ring.o
                0x00000000080019d0                dma_ring_available_linear
 .text.dma_ring_get_r_ptr
                0x00000000080019e4        0x8 ./Core/Src/dma_ring.o
                0x00000000080019e4                dma_ring_get_r_ptr
 .text.dma_ring_forward_r_ptr
                0x00000000080019ec       0x20 ./Core/Src/dma_ring.o
                0x00000000080019ec                dma_ring_forward_r_ptr
 .text.dma_scanf_init
                0x0000000008001a0c       0x28 ./Core/Src/dma_scanf.o
                0x0000000008001a0c                dma_scanf_init
 .text.MX_FDCAN1_Init
                0x0000000008001a34       0x4c ./Core/Src/fdcan.o
                0x0000000008001a34                MX_FDCAN1_Init
 .text.MX_FDCAN2_Init
                0x0000000008001a80       0x4c ./Core/Src/fdcan.o
                0x0000000008001a80                MX_FDCAN2_Init
 *fill*         0x0000000008001acc        0x4 
 .text.HAL_FDCAN_MspInit
                0x0000000008001ad0      0x17c ./Core/Src/fdcan.o
                0x0000000008001ad0                HAL_FDCAN_MspInit
 .text.MX_GPIO_Init
                0x0000000008001c4c      0x138 ./Core/Src/gpio.o
                0x0000000008001c4c                MX_GPIO_Init
 .text.ICM20602_init
                0x0000000008001d84      0x1ec ./Core/Src/icm20602_spi.o
                0x0000000008001d84                ICM20602_init
 .text.ICM20602_clearAngle
                0x0000000008001f70       0x1c ./Core/Src/icm20602_spi.o
                0x0000000008001f70                ICM20602_clearAngle
 .text.ICM20602_medianFilter
                0x0000000008001f8c      0x1f8 ./Core/Src/icm20602_spi.o
                0x0000000008001f8c                ICM20602_medianFilter
 .text.ICM20602_read_IMU_data
                0x0000000008002184      0x294 ./Core/Src/icm20602_spi.o
                0x0000000008002184                ICM20602_read_IMU_data
 .text.ICM20602_IMU_calibration2
                0x0000000008002418      0x7e8 ./Core/Src/icm20602_spi.o
                0x0000000008002418                ICM20602_IMU_calibration2
 .text.p.constprop.0
                0x0000000008002c00       0x30 ./Core/Src/main.o
 .text.p.constprop.1
                0x0000000008002c30       0x30 ./Core/Src/main.o
 .text.p.constprop.2
                0x0000000008002c60       0x30 ./Core/Src/main.o
 .text.p.constprop.3
                0x0000000008002c90       0x30 ./Core/Src/main.o
 .text.__io_putchar
                0x0000000008002cc0       0x24 ./Core/Src/main.o
                0x0000000008002cc0                __io_putchar
 .text.HAL_GetTick
                0x0000000008002ce4        0xc ./Core/Src/main.o
                0x0000000008002ce4                HAL_GetTick
 .text.p        0x0000000008002cf0       0x30 ./Core/Src/main.o
                0x0000000008002cf0                p
 .text.motor_test
                0x0000000008002d20       0xe0 ./Core/Src/main.o
                0x0000000008002d20                motor_test
 .text.kicker_test
                0x0000000008002e00      0x184 ./Core/Src/main.o
                0x0000000008002e00                kicker_test
 .text.speed_control
                0x0000000008002f84      0x564 ./Core/Src/main.o
                0x0000000008002f84                speed_control
 .text.output_limit
                0x00000000080034e8       0xac ./Core/Src/main.o
                0x00000000080034e8                output_limit
 *fill*         0x0000000008003594        0x4 
 .text.send_accutuator_cmd_run
                0x0000000008003598      0x110 ./Core/Src/main.o
                0x0000000008003598                send_accutuator_cmd_run
 .text.maintask_run
                0x00000000080036a8       0xdc ./Core/Src/main.o
                0x00000000080036a8                maintask_run
 *fill*         0x0000000008003784        0x4 
 .text.HAL_TIM_PeriodElapsedCallback
                0x0000000008003788      0x420 ./Core/Src/main.o
                0x0000000008003788                HAL_TIM_PeriodElapsedCallback
 .text.sendRobotInfo
                0x0000000008003ba8      0x32c ./Core/Src/main.o
                0x0000000008003ba8                sendRobotInfo
 *fill*         0x0000000008003ed4        0x4 
 .text.parseRxCmd
                0x0000000008003ed8      0x1c8 ./Core/Src/main.o
                0x0000000008003ed8                parseRxCmd
 .text.HAL_UART_RxCpltCallback
                0x00000000080040a0       0x6c ./Core/Src/main.o
                0x00000000080040a0                HAL_UART_RxCpltCallback
 .text.HAL_UART_TxCpltCallback
                0x000000000800410c       0x14 ./Core/Src/main.o
                0x000000000800410c                HAL_UART_TxCpltCallback
 .text.Error_Handler
                0x0000000008004120       0x5c ./Core/Src/main.o
                0x0000000008004120                Error_Handler
 .text.SystemClock_Config
                0x000000000800417c       0x68 ./Core/Src/main.o
                0x000000000800417c                SystemClock_Config
 *fill*         0x00000000080041e4        0x4 
 .text.startup.main
                0x00000000080041e8      0x374 ./Core/Src/main.o
                0x00000000080041e8                main
 *fill*         0x000000000800455c        0x4 
 .text.mouseOdometory
                0x0000000008004560      0x1bc ./Core/Src/odom.o
                0x0000000008004560                mouseOdometory
 *fill*         0x000000000800471c        0x4 
 .text.omniOdometory
                0x0000000008004720      0x384 ./Core/Src/odom.o
                0x0000000008004720                omniOdometory
 *fill*         0x0000000008004aa4        0x4 
 .text.omni_move
                0x0000000008004aa8       0xe4 ./Core/Src/omni_wheel.o
                0x0000000008004aa8                omni_move
 .text.MX_SPI1_Init
                0x0000000008004b8c       0x50 ./Core/Src/spi.o
                0x0000000008004b8c                MX_SPI1_Init
 *fill*         0x0000000008004bdc        0x4 
 .text.HAL_SPI_MspInit
                0x0000000008004be0       0x74 ./Core/Src/spi.o
                0x0000000008004be0                HAL_SPI_MspInit
 .text.HAL_MspInit
                0x0000000008004c54       0x34 ./Core/Src/stm32g4xx_hal_msp.o
                0x0000000008004c54                HAL_MspInit
 .text.NMI_Handler
                0x0000000008004c88        0x4 ./Core/Src/stm32g4xx_it.o
                0x0000000008004c88                NMI_Handler
 .text.HardFault_Handler
                0x0000000008004c8c        0x4 ./Core/Src/stm32g4xx_it.o
                0x0000000008004c8c                HardFault_Handler
 .text.MemManage_Handler
                0x0000000008004c90        0x4 ./Core/Src/stm32g4xx_it.o
                0x0000000008004c90                MemManage_Handler
 .text.BusFault_Handler
                0x0000000008004c94        0x4 ./Core/Src/stm32g4xx_it.o
                0x0000000008004c94                BusFault_Handler
 .text.UsageFault_Handler
                0x0000000008004c98        0x4 ./Core/Src/stm32g4xx_it.o
                0x0000000008004c98                UsageFault_Handler
 .text.SVC_Handler
                0x0000000008004c9c        0x4 ./Core/Src/stm32g4xx_it.o
                0x0000000008004c9c                SVC_Handler
 .text.DebugMon_Handler
                0x0000000008004ca0        0x4 ./Core/Src/stm32g4xx_it.o
                0x0000000008004ca0                DebugMon_Handler
 .text.PendSV_Handler
                0x0000000008004ca4        0x4 ./Core/Src/stm32g4xx_it.o
                0x0000000008004ca4                PendSV_Handler
 .text.SysTick_Handler
                0x0000000008004ca8        0x4 ./Core/Src/stm32g4xx_it.o
                0x0000000008004ca8                SysTick_Handler
 .text.DMA1_Channel2_IRQHandler
                0x0000000008004cac        0xc ./Core/Src/stm32g4xx_it.o
                0x0000000008004cac                DMA1_Channel2_IRQHandler
 .text.DMA1_Channel3_IRQHandler
                0x0000000008004cb8        0xc ./Core/Src/stm32g4xx_it.o
                0x0000000008004cb8                DMA1_Channel3_IRQHandler
 .text.DMA1_Channel4_IRQHandler
                0x0000000008004cc4        0xc ./Core/Src/stm32g4xx_it.o
                0x0000000008004cc4                DMA1_Channel4_IRQHandler
 .text.DMA1_Channel5_IRQHandler
                0x0000000008004cd0        0xc ./Core/Src/stm32g4xx_it.o
                0x0000000008004cd0                DMA1_Channel5_IRQHandler
 .text.DMA1_Channel6_IRQHandler
                0x0000000008004cdc        0xc ./Core/Src/stm32g4xx_it.o
                0x0000000008004cdc                DMA1_Channel6_IRQHandler
 .text.DMA1_Channel7_IRQHandler
                0x0000000008004ce8        0xc ./Core/Src/stm32g4xx_it.o
                0x0000000008004ce8                DMA1_Channel7_IRQHandler
 .text.FDCAN1_IT0_IRQHandler
                0x0000000008004cf4        0xc ./Core/Src/stm32g4xx_it.o
                0x0000000008004cf4                FDCAN1_IT0_IRQHandler
 .text.FDCAN1_IT1_IRQHandler
                0x0000000008004d00        0xc ./Core/Src/stm32g4xx_it.o
                0x0000000008004d00                FDCAN1_IT1_IRQHandler
 .text.USART2_IRQHandler
                0x0000000008004d0c        0xc ./Core/Src/stm32g4xx_it.o
                0x0000000008004d0c                USART2_IRQHandler
 .text.TIM7_DAC_IRQHandler
                0x0000000008004d18        0xc ./Core/Src/stm32g4xx_it.o
                0x0000000008004d18                TIM7_DAC_IRQHandler
 .text.FDCAN2_IT0_IRQHandler
                0x0000000008004d24        0xc ./Core/Src/stm32g4xx_it.o
                0x0000000008004d24                FDCAN2_IT0_IRQHandler
 .text.FDCAN2_IT1_IRQHandler
                0x0000000008004d30        0xc ./Core/Src/stm32g4xx_it.o
                0x0000000008004d30                FDCAN2_IT1_IRQHandler
 .text.LPUART1_IRQHandler
                0x0000000008004d3c        0xc ./Core/Src/stm32g4xx_it.o
                0x0000000008004d3c                LPUART1_IRQHandler
 .text.DMA1_Channel8_IRQHandler
                0x0000000008004d48        0xc ./Core/Src/stm32g4xx_it.o
                0x0000000008004d48                DMA1_Channel8_IRQHandler
 .text._getpid  0x0000000008004d54        0x4 ./Core/Src/syscalls.o
                0x0000000008004d54                _getpid
 .text._kill    0x0000000008004d58       0x10 ./Core/Src/syscalls.o
                0x0000000008004d58                _kill
 .text._exit    0x0000000008004d68        0xc ./Core/Src/syscalls.o
                0x0000000008004d68                _exit
 .text._read    0x0000000008004d74       0x1c ./Core/Src/syscalls.o
                0x0000000008004d74                _read
 .text._write   0x0000000008004d90       0x1c ./Core/Src/syscalls.o
                0x0000000008004d90                _write
 .text._close   0x0000000008004dac        0x8 ./Core/Src/syscalls.o
                0x0000000008004dac                _close
 .text._fstat   0x0000000008004db4        0xc ./Core/Src/syscalls.o
                0x0000000008004db4                _fstat
 .text._isatty  0x0000000008004dc0        0x4 ./Core/Src/syscalls.o
                0x0000000008004dc0                _isatty
 .text._lseek   0x0000000008004dc4        0x4 ./Core/Src/syscalls.o
                0x0000000008004dc4                _lseek
 .text.SystemInit
                0x0000000008004dc8       0x1c ./Core/Src/system_stm32g4xx.o
                0x0000000008004dc8                SystemInit
 *fill*         0x0000000008004de4        0x4 
 .text.MX_TIM5_Init
                0x0000000008004de8       0xdc ./Core/Src/tim.o
                0x0000000008004de8                MX_TIM5_Init
 .text.MX_TIM7_Init
                0x0000000008004ec4       0x54 ./Core/Src/tim.o
                0x0000000008004ec4                MX_TIM7_Init
 .text.HAL_TIM_PWM_MspInit
                0x0000000008004f18       0x2c ./Core/Src/tim.o
                0x0000000008004f18                HAL_TIM_PWM_MspInit
 .text.HAL_TIM_Base_MspInit
                0x0000000008004f44       0x40 ./Core/Src/tim.o
                0x0000000008004f44                HAL_TIM_Base_MspInit
 *fill*         0x0000000008004f84        0x4 
 .text.MX_LPUART1_UART_Init
                0x0000000008004f88       0x9c ./Core/Src/usart.o
                0x0000000008004f88                MX_LPUART1_UART_Init
 .text.MX_USART2_UART_Init
                0x0000000008005024       0x90 ./Core/Src/usart.o
                0x0000000008005024                MX_USART2_UART_Init
 .text.MX_USART3_UART_Init
                0x00000000080050b4       0x88 ./Core/Src/usart.o
                0x00000000080050b4                MX_USART3_UART_Init
 .text.HAL_UART_MspInit
                0x000000000800513c      0x2a4 ./Core/Src/usart.o
                0x000000000800513c                HAL_UART_MspInit
 .text.uchar4_to_float
                0x00000000080053e0        0x8 ./Core/Src/util.o
                0x00000000080053e0                uchar4_to_float
 .text.float_to_uchar4
                0x00000000080053e8        0x8 ./Core/Src/util.o
                0x00000000080053e8                float_to_uchar4
 .text.getAngleDiff
                0x00000000080053f0      0x1b0 ./Core/Src/util.o
                0x00000000080053f0                getAngleDiff
 .text.decode_SW
                0x00000000080055a0       0x50 ./Core/Src/util.o
                0x00000000080055a0                decode_SW
 .text.two_to_float
                0x00000000080055f0       0x48 ./Core/Src/util.o
                0x00000000080055f0                two_to_float
 .text.two_to_int
                0x0000000008005638       0x28 ./Core/Src/util.o
                0x0000000008005638                two_to_int
 .text.Reset_Handler
                0x0000000008005660       0x50 ./Core/Startup/startup_stm32g474retx.o
                0x0000000008005660                Reset_Handler
 .text.Default_Handler
                0x00000000080056b0        0x2 ./Core/Startup/startup_stm32g474retx.o
                0x00000000080056b0                RTC_Alarm_IRQHandler
                0x00000000080056b0                EXTI2_IRQHandler
                0x00000000080056b0                TIM8_TRG_COM_IRQHandler
                0x00000000080056b0                TIM8_CC_IRQHandler
                0x00000000080056b0                HRTIM1_Master_IRQHandler
                0x00000000080056b0                SPI4_IRQHandler
                0x00000000080056b0                FDCAN3_IT0_IRQHandler
                0x00000000080056b0                TIM1_CC_IRQHandler
                0x00000000080056b0                HRTIM1_FLT_IRQHandler
                0x00000000080056b0                HRTIM1_TIMF_IRQHandler
                0x00000000080056b0                USB_HP_IRQHandler
                0x00000000080056b0                CORDIC_IRQHandler
                0x00000000080056b0                HRTIM1_TIMD_IRQHandler
                0x00000000080056b0                DMA2_Channel8_IRQHandler
                0x00000000080056b0                EXTI3_IRQHandler
                0x00000000080056b0                I2C3_ER_IRQHandler
                0x00000000080056b0                EXTI0_IRQHandler
                0x00000000080056b0                I2C2_EV_IRQHandler
                0x00000000080056b0                FPU_IRQHandler
                0x00000000080056b0                TIM1_UP_TIM16_IRQHandler
                0x00000000080056b0                ADC1_2_IRQHandler
                0x00000000080056b0                HRTIM1_TIME_IRQHandler
                0x00000000080056b0                SPI1_IRQHandler
                0x00000000080056b0                TIM6_DAC_IRQHandler
                0x00000000080056b0                HRTIM1_TIMC_IRQHandler
                0x00000000080056b0                TIM8_UP_IRQHandler
                0x00000000080056b0                DMA2_Channel2_IRQHandler
                0x00000000080056b0                TIM20_TRG_COM_IRQHandler
                0x00000000080056b0                USART3_IRQHandler
                0x00000000080056b0                UART5_IRQHandler
                0x00000000080056b0                ADC3_IRQHandler
                0x00000000080056b0                TIM4_IRQHandler
                0x00000000080056b0                DMA2_Channel1_IRQHandler
                0x00000000080056b0                QUADSPI_IRQHandler
                0x00000000080056b0                I2C1_EV_IRQHandler
                0x00000000080056b0                UART4_IRQHandler
                0x00000000080056b0                DMA2_Channel4_IRQHandler
                0x00000000080056b0                TIM3_IRQHandler
                0x00000000080056b0                RCC_IRQHandler
                0x00000000080056b0                TIM20_UP_IRQHandler
                0x00000000080056b0                DMA1_Channel1_IRQHandler
                0x00000000080056b0                Default_Handler
                0x00000000080056b0                DMA2_Channel7_IRQHandler
                0x00000000080056b0                RTC_TAMP_LSECSS_IRQHandler
                0x00000000080056b0                FMAC_IRQHandler
                0x00000000080056b0                EXTI15_10_IRQHandler
                0x00000000080056b0                HRTIM1_TIMA_IRQHandler
                0x00000000080056b0                FDCAN3_IT1_IRQHandler
                0x00000000080056b0                TIM5_IRQHandler
                0x00000000080056b0                UCPD1_IRQHandler
                0x00000000080056b0                I2C3_EV_IRQHandler
                0x00000000080056b0                EXTI9_5_IRQHandler
                0x00000000080056b0                RTC_WKUP_IRQHandler
                0x00000000080056b0                PVD_PVM_IRQHandler
                0x00000000080056b0                SPI2_IRQHandler
                0x00000000080056b0                ADC5_IRQHandler
                0x00000000080056b0                DMA2_Channel5_IRQHandler
                0x00000000080056b0                CRS_IRQHandler
                0x00000000080056b0                USB_LP_IRQHandler
                0x00000000080056b0                EXTI4_IRQHandler
                0x00000000080056b0                RNG_IRQHandler
                0x00000000080056b0                HRTIM1_TIMB_IRQHandler
                0x00000000080056b0                TIM1_TRG_COM_TIM17_IRQHandler
                0x00000000080056b0                ADC4_IRQHandler
                0x00000000080056b0                WWDG_IRQHandler
                0x00000000080056b0                I2C4_EV_IRQHandler
                0x00000000080056b0                DMA2_Channel6_IRQHandler
                0x00000000080056b0                TIM2_IRQHandler
                0x00000000080056b0                COMP7_IRQHandler
                0x00000000080056b0                COMP1_2_3_IRQHandler
                0x00000000080056b0                EXTI1_IRQHandler
                0x00000000080056b0                COMP4_5_6_IRQHandler
                0x00000000080056b0                TIM20_BRK_IRQHandler
                0x00000000080056b0                I2C2_ER_IRQHandler
                0x00000000080056b0                TIM8_BRK_IRQHandler
                0x00000000080056b0                FLASH_IRQHandler
                0x00000000080056b0                TIM20_CC_IRQHandler
                0x00000000080056b0                USART1_IRQHandler
                0x00000000080056b0                SPI3_IRQHandler
                0x00000000080056b0                I2C1_ER_IRQHandler
                0x00000000080056b0                FMC_IRQHandler
                0x00000000080056b0                LPTIM1_IRQHandler
                0x00000000080056b0                DMAMUX_OVR_IRQHandler
                0x00000000080056b0                I2C4_ER_IRQHandler
                0x00000000080056b0                USBWakeUp_IRQHandler
                0x00000000080056b0                SAI1_IRQHandler
                0x00000000080056b0                DMA2_Channel3_IRQHandler
                0x00000000080056b0                TIM1_BRK_TIM15_IRQHandler
 *fill*         0x00000000080056b2        0x2 
 .text.HAL_InitTick
                0x00000000080056b4       0x4c ./Drivers/STM32G4xx_HAL_Driver/Src/stm32g4xx_hal.o
                0x00000000080056b4                HAL_InitTick
 .text.HAL_Init
                0x0000000008005700       0x20 ./Drivers/STM32G4xx_HAL_Driver/Src/stm32g4xx_hal.o
                0x0000000008005700                HAL_Init
 .text.HAL_IncTick
                0x0000000008005720       0x18 ./Drivers/STM32G4xx_HAL_Driver/Src/stm32g4xx_hal.o
                0x0000000008005720                HAL_IncTick
 .text.HAL_Delay
                0x0000000008005738       0x24 ./Drivers/STM32G4xx_HAL_Driver/Src/stm32g4xx_hal.o
                0x0000000008005738                HAL_Delay
 .text.HAL_ADC_Init
                0x000000000800575c      0x24c ./Drivers/STM32G4xx_HAL_Driver/Src/stm32g4xx_hal_adc.o
                0x000000000800575c                HAL_ADC_Init
 .text.HAL_ADC_ConvCpltCallback
                0x00000000080059a8        0x4 ./Drivers/STM32G4xx_HAL_Driver/Src/stm32g4xx_hal_adc.o
                0x00000000080059a8                HAL_ADC_ConvCpltCallback
 .text.HAL_ADC_ConvHalfCpltCallback
                0x00000000080059ac        0x4 ./Drivers/STM32G4xx_HAL_Driver/Src/stm32g4xx_hal_adc.o
                0x00000000080059ac                HAL_ADC_ConvHalfCpltCallback
 .text.ADC_DMAHalfConvCplt
                0x00000000080059b0        0xc ./Drivers/STM32G4xx_HAL_Driver/Src/stm32g4xx_hal_adc.o
                0x00000000080059b0                ADC_DMAHalfConvCplt
 .text.HAL_ADC_ErrorCallback
                0x00000000080059bc        0x4 ./Drivers/STM32G4xx_HAL_Driver/Src/stm32g4xx_hal_adc.o
                0x00000000080059bc                HAL_ADC_ErrorCallback
 .text.ADC_DMAConvCplt
                0x00000000080059c0       0x6c ./Drivers/STM32G4xx_HAL_Driver/Src/stm32g4xx_hal_adc.o
                0x00000000080059c0                ADC_DMAConvCplt
 .text.ADC_DMAError
                0x0000000008005a2c       0x1c ./Drivers/STM32G4xx_HAL_Driver/Src/stm32g4xx_hal_adc.o
                0x0000000008005a2c                ADC_DMAError
 .text.HAL_ADC_ConfigChannel
                0x0000000008005a48      0x518 ./Drivers/STM32G4xx_HAL_Driver/Src/stm32g4xx_hal_adc.o
                0x0000000008005a48                HAL_ADC_ConfigChannel
 .text.ADC_Enable
                0x0000000008005f60       0x78 ./Drivers/STM32G4xx_HAL_Driver/Src/stm32g4xx_hal_adc.o
                0x0000000008005f60                ADC_Enable
 .text.HAL_ADC_Start_DMA
                0x0000000008005fd8      0x114 ./Drivers/STM32G4xx_HAL_Driver/Src/stm32g4xx_hal_adc.o
                0x0000000008005fd8                HAL_ADC_Start_DMA
 .text.HAL_ADCEx_MultiModeConfigChannel
                0x00000000080060ec      0x160 ./Drivers/STM32G4xx_HAL_Driver/Src/stm32g4xx_hal_adc_ex.o
                0x00000000080060ec                HAL_ADCEx_MultiModeConfigChannel
 .text.HAL_NVIC_SetPriorityGrouping
                0x000000000800624c       0x24 ./Drivers/STM32G4xx_HAL_Driver/Src/stm32g4xx_hal_cortex.o
                0x000000000800624c                HAL_NVIC_SetPriorityGrouping
 .text.HAL_NVIC_SetPriority
                0x0000000008006270       0x7c ./Drivers/STM32G4xx_HAL_Driver/Src/stm32g4xx_hal_cortex.o
                0x0000000008006270                HAL_NVIC_SetPriority
 .text.HAL_NVIC_EnableIRQ
                0x00000000080062ec       0x1c ./Drivers/STM32G4xx_HAL_Driver/Src/stm32g4xx_hal_cortex.o
                0x00000000080062ec                HAL_NVIC_EnableIRQ
 .text.HAL_SYSTICK_Config
                0x0000000008006308       0x34 ./Drivers/STM32G4xx_HAL_Driver/Src/stm32g4xx_hal_cortex.o
                0x0000000008006308                HAL_SYSTICK_Config
 .text.HAL_DMA_Init
                0x000000000800633c      0x12c ./Drivers/STM32G4xx_HAL_Driver/Src/stm32g4xx_hal_dma.o
                0x000000000800633c                HAL_DMA_Init
 .text.HAL_DMA_Start_IT
                0x0000000008006468       0xb4 ./Drivers/STM32G4xx_HAL_Driver/Src/stm32g4xx_hal_dma.o
                0x0000000008006468                HAL_DMA_Start_IT
 .text.HAL_DMA_Abort
                0x000000000800651c       0x74 ./Drivers/STM32G4xx_HAL_Driver/Src/stm32g4xx_hal_dma.o
                0x000000000800651c                HAL_DMA_Abort
 .text.HAL_DMA_Abort_IT
                0x0000000008006590       0x7c ./Drivers/STM32G4xx_HAL_Driver/Src/stm32g4xx_hal_dma.o
                0x0000000008006590                HAL_DMA_Abort_IT
 .text.HAL_DMA_IRQHandler
                0x000000000800660c       0x9c ./Drivers/STM32G4xx_HAL_Driver/Src/stm32g4xx_hal_dma.o
                0x000000000800660c                HAL_DMA_IRQHandler
 .text.HAL_FDCAN_Init
                0x00000000080066a8      0x2fc ./Drivers/STM32G4xx_HAL_Driver/Src/stm32g4xx_hal_fdcan.o
                0x00000000080066a8                HAL_FDCAN_Init
 .text.HAL_FDCAN_ConfigFilter
                0x00000000080069a4       0x64 ./Drivers/STM32G4xx_HAL_Driver/Src/stm32g4xx_hal_fdcan.o
                0x00000000080069a4                HAL_FDCAN_ConfigFilter
 .text.HAL_FDCAN_Start
                0x0000000008006a08       0x30 ./Drivers/STM32G4xx_HAL_Driver/Src/stm32g4xx_hal_fdcan.o
                0x0000000008006a08                HAL_FDCAN_Start
 .text.HAL_FDCAN_AddMessageToTxFifoQ
                0x0000000008006a38       0xcc ./Drivers/STM32G4xx_HAL_Driver/Src/stm32g4xx_hal_fdcan.o
                0x0000000008006a38                HAL_FDCAN_AddMessageToTxFifoQ
 .text.HAL_FDCAN_GetRxMessage
                0x0000000008006b04      0x108 ./Drivers/STM32G4xx_HAL_Driver/Src/stm32g4xx_hal_fdcan.o
                0x0000000008006b04                HAL_FDCAN_GetRxMessage
 .text.HAL_FDCAN_GetTxFifoFreeLevel
                0x0000000008006c0c        0xc ./Drivers/STM32G4xx_HAL_Driver/Src/stm32g4xx_hal_fdcan.o
                0x0000000008006c0c                HAL_FDCAN_GetTxFifoFreeLevel
 .text.HAL_FDCAN_ActivateNotification
                0x0000000008006c18       0xe8 ./Drivers/STM32G4xx_HAL_Driver/Src/stm32g4xx_hal_fdcan.o
                0x0000000008006c18                HAL_FDCAN_ActivateNotification
 .text.HAL_FDCAN_TxEventFifoCallback
                0x0000000008006d00        0x4 ./Drivers/STM32G4xx_HAL_Driver/Src/stm32g4xx_hal_fdcan.o
                0x0000000008006d00                HAL_FDCAN_TxEventFifoCallback
 .text.HAL_FDCAN_RxFifo1Callback
                0x0000000008006d04        0x4 ./Drivers/STM32G4xx_HAL_Driver/Src/stm32g4xx_hal_fdcan.o
                0x0000000008006d04                HAL_FDCAN_RxFifo1Callback
 .text.HAL_FDCAN_TxFifoEmptyCallback
                0x0000000008006d08        0x4 ./Drivers/STM32G4xx_HAL_Driver/Src/stm32g4xx_hal_fdcan.o
                0x0000000008006d08                HAL_FDCAN_TxFifoEmptyCallback
 .text.HAL_FDCAN_TxBufferCompleteCallback
                0x0000000008006d0c        0x4 ./Drivers/STM32G4xx_HAL_Driver/Src/stm32g4xx_hal_fdcan.o
                0x0000000008006d0c                HAL_FDCAN_TxBufferCompleteCallback
 .text.HAL_FDCAN_TxBufferAbortCallback
                0x0000000008006d10        0x4 ./Drivers/STM32G4xx_HAL_Driver/Src/stm32g4xx_hal_fdcan.o
                0x0000000008006d10                HAL_FDCAN_TxBufferAbortCallback
 .text.HAL_FDCAN_TimestampWraparoundCallback
                0x0000000008006d14        0x4 ./Drivers/STM32G4xx_HAL_Driver/Src/stm32g4xx_hal_fdcan.o
                0x0000000008006d14                HAL_FDCAN_TimestampWraparoundCallback
 .text.HAL_FDCAN_TimeoutOccurredCallback
                0x0000000008006d18        0x4 ./Drivers/STM32G4xx_HAL_Driver/Src/stm32g4xx_hal_fdcan.o
                0x0000000008006d18                HAL_FDCAN_TimeoutOccurredCallback
 .text.HAL_FDCAN_HighPriorityMessageCallback
                0x0000000008006d1c        0x4 ./Drivers/STM32G4xx_HAL_Driver/Src/stm32g4xx_hal_fdcan.o
                0x0000000008006d1c                HAL_FDCAN_HighPriorityMessageCallback
 .text.HAL_FDCAN_ErrorCallback
                0x0000000008006d20        0x4 ./Drivers/STM32G4xx_HAL_Driver/Src/stm32g4xx_hal_fdcan.o
                0x0000000008006d20                HAL_FDCAN_ErrorCallback
 .text.HAL_FDCAN_ErrorStatusCallback
                0x0000000008006d24        0x4 ./Drivers/STM32G4xx_HAL_Driver/Src/stm32g4xx_hal_fdcan.o
                0x0000000008006d24                HAL_FDCAN_ErrorStatusCallback
 .text.HAL_FDCAN_IRQHandler
                0x0000000008006d28      0x188 ./Drivers/STM32G4xx_HAL_Driver/Src/stm32g4xx_hal_fdcan.o
                0x0000000008006d28                HAL_FDCAN_IRQHandler
 .text.HAL_GPIO_Init
                0x0000000008006eb0      0x1f4 ./Drivers/STM32G4xx_HAL_Driver/Src/stm32g4xx_hal_gpio.o
                0x0000000008006eb0                HAL_GPIO_Init
 .text.HAL_GPIO_ReadPin
                0x00000000080070a4        0xc ./Drivers/STM32G4xx_HAL_Driver/Src/stm32g4xx_hal_gpio.o
                0x00000000080070a4                HAL_GPIO_ReadPin
 .text.HAL_GPIO_WritePin
                0x00000000080070b0        0xc ./Drivers/STM32G4xx_HAL_Driver/Src/stm32g4xx_hal_gpio.o
                0x00000000080070b0                HAL_GPIO_WritePin
 .text.HAL_GPIO_TogglePin
                0x00000000080070bc       0x14 ./Drivers/STM32G4xx_HAL_Driver/Src/stm32g4xx_hal_gpio.o
                0x00000000080070bc                HAL_GPIO_TogglePin
 .text.HAL_PWREx_ControlVoltageScaling
                0x00000000080070d0       0xec ./Drivers/STM32G4xx_HAL_Driver/Src/stm32g4xx_hal_pwr_ex.o
                0x00000000080070d0                HAL_PWREx_ControlVoltageScaling
 .text.HAL_PWREx_DisableUCPDDeadBattery
                0x00000000080071bc       0x10 ./Drivers/STM32G4xx_HAL_Driver/Src/stm32g4xx_hal_pwr_ex.o
                0x00000000080071bc                HAL_PWREx_DisableUCPDDeadBattery
 .text.HAL_RCC_OscConfig
                0x00000000080071cc      0x498 ./Drivers/STM32G4xx_HAL_Driver/Src/stm32g4xx_hal_rcc.o
                0x00000000080071cc                HAL_RCC_OscConfig
 .text.HAL_RCC_GetSysClockFreq
                0x0000000008007664       0x70 ./Drivers/STM32G4xx_HAL_Driver/Src/stm32g4xx_hal_rcc.o
                0x0000000008007664                HAL_RCC_GetSysClockFreq
 .text.HAL_RCC_ClockConfig
                0x00000000080076d4      0x208 ./Drivers/STM32G4xx_HAL_Driver/Src/stm32g4xx_hal_rcc.o
                0x00000000080076d4                HAL_RCC_ClockConfig
 .text.HAL_RCC_GetPCLK1Freq
                0x00000000080078dc       0x24 ./Drivers/STM32G4xx_HAL_Driver/Src/stm32g4xx_hal_rcc.o
                0x00000000080078dc                HAL_RCC_GetPCLK1Freq
 .text.HAL_RCC_GetPCLK2Freq
                0x0000000008007900       0x24 ./Drivers/STM32G4xx_HAL_Driver/Src/stm32g4xx_hal_rcc.o
                0x0000000008007900                HAL_RCC_GetPCLK2Freq
 .text.HAL_RCCEx_PeriphCLKConfig
                0x0000000008007924      0x310 ./Drivers/STM32G4xx_HAL_Driver/Src/stm32g4xx_hal_rcc_ex.o
                0x0000000008007924                HAL_RCCEx_PeriphCLKConfig
 .text.SPI_WaitFifoStateUntilTimeout.constprop.0
                0x0000000008007c34       0xe8 ./Drivers/STM32G4xx_HAL_Driver/Src/stm32g4xx_hal_spi.o
 .text.SPI_EndRxTxTransaction
                0x0000000008007d1c      0x140 ./Drivers/STM32G4xx_HAL_Driver/Src/stm32g4xx_hal_spi.o
 .text.HAL_SPI_Init
                0x0000000008007e5c       0xfc ./Drivers/STM32G4xx_HAL_Driver/Src/stm32g4xx_hal_spi.o
                0x0000000008007e5c                HAL_SPI_Init
 .text.HAL_SPI_TransmitReceive
                0x0000000008007f58      0x30c ./Drivers/STM32G4xx_HAL_Driver/Src/stm32g4xx_hal_spi.o
                0x0000000008007f58                HAL_SPI_TransmitReceive
 .text.TIM_OC1_SetConfig
                0x0000000008008264       0x80 ./Drivers/STM32G4xx_HAL_Driver/Src/stm32g4xx_hal_tim.o
 .text.TIM_OC3_SetConfig
                0x00000000080082e4       0xa0 ./Drivers/STM32G4xx_HAL_Driver/Src/stm32g4xx_hal_tim.o
 .text.TIM_OC4_SetConfig
                0x0000000008008384       0xa4 ./Drivers/STM32G4xx_HAL_Driver/Src/stm32g4xx_hal_tim.o
 .text.HAL_TIM_Base_Init
                0x0000000008008428      0x134 ./Drivers/STM32G4xx_HAL_Driver/Src/stm32g4xx_hal_tim.o
                0x0000000008008428                HAL_TIM_Base_Init
 .text.HAL_TIM_Base_Start_IT
                0x000000000800855c       0x84 ./Drivers/STM32G4xx_HAL_Driver/Src/stm32g4xx_hal_tim.o
                0x000000000800855c                HAL_TIM_Base_Start_IT
 .text.HAL_TIM_PWM_Init
                0x00000000080085e0      0x134 ./Drivers/STM32G4xx_HAL_Driver/Src/stm32g4xx_hal_tim.o
                0x00000000080085e0                HAL_TIM_PWM_Init
 .text.HAL_TIM_PWM_Start
                0x0000000008008714      0x164 ./Drivers/STM32G4xx_HAL_Driver/Src/stm32g4xx_hal_tim.o
                0x0000000008008714                HAL_TIM_PWM_Start
 .text.HAL_TIM_OC_DelayElapsedCallback
                0x0000000008008878        0x4 ./Drivers/STM32G4xx_HAL_Driver/Src/stm32g4xx_hal_tim.o
                0x0000000008008878                HAL_TIM_OC_DelayElapsedCallback
 .text.HAL_TIM_IC_CaptureCallback
                0x000000000800887c        0x4 ./Drivers/STM32G4xx_HAL_Driver/Src/stm32g4xx_hal_tim.o
                0x000000000800887c                HAL_TIM_IC_CaptureCallback
 .text.HAL_TIM_PWM_PulseFinishedCallback
                0x0000000008008880        0x4 ./Drivers/STM32G4xx_HAL_Driver/Src/stm32g4xx_hal_tim.o
                0x0000000008008880                HAL_TIM_PWM_PulseFinishedCallback
 .text.HAL_TIM_TriggerCallback
                0x0000000008008884        0x4 ./Drivers/STM32G4xx_HAL_Driver/Src/stm32g4xx_hal_tim.o
                0x0000000008008884                HAL_TIM_TriggerCallback
 .text.HAL_TIM_IRQHandler
                0x0000000008008888      0x1f4 ./Drivers/STM32G4xx_HAL_Driver/Src/stm32g4xx_hal_tim.o
                0x0000000008008888                HAL_TIM_IRQHandler
 .text.TIM_OC2_SetConfig
                0x0000000008008a7c       0xa4 ./Drivers/STM32G4xx_HAL_Driver/Src/stm32g4xx_hal_tim.o
                0x0000000008008a7c                TIM_OC2_SetConfig
 .text.HAL_TIM_PWM_ConfigChannel
                0x0000000008008b20      0x214 ./Drivers/STM32G4xx_HAL_Driver/Src/stm32g4xx_hal_tim.o
                0x0000000008008b20                HAL_TIM_PWM_ConfigChannel
 .text.HAL_TIMEx_MasterConfigSynchronization
                0x0000000008008d34       0xb8 ./Drivers/STM32G4xx_HAL_Driver/Src/stm32g4xx_hal_tim_ex.o
                0x0000000008008d34                HAL_TIMEx_MasterConfigSynchronization
 .text.HAL_TIMEx_CommutCallback
                0x0000000008008dec        0x4 ./Drivers/STM32G4xx_HAL_Driver/Src/stm32g4xx_hal_tim_ex.o
                0x0000000008008dec                HAL_TIMEx_CommutCallback
 .text.HAL_TIMEx_BreakCallback
                0x0000000008008df0        0x4 ./Drivers/STM32G4xx_HAL_Driver/Src/stm32g4xx_hal_tim_ex.o
                0x0000000008008df0                HAL_TIMEx_BreakCallback
 .text.HAL_TIMEx_Break2Callback
                0x0000000008008df4        0x4 ./Drivers/STM32G4xx_HAL_Driver/Src/stm32g4xx_hal_tim_ex.o
                0x0000000008008df4                HAL_TIMEx_Break2Callback
 .text.HAL_TIMEx_EncoderIndexCallback
                0x0000000008008df8        0x4 ./Drivers/STM32G4xx_HAL_Driver/Src/stm32g4xx_hal_tim_ex.o
                0x0000000008008df8                HAL_TIMEx_EncoderIndexCallback
 .text.HAL_TIMEx_DirectionChangeCallback
                0x0000000008008dfc        0x4 ./Drivers/STM32G4xx_HAL_Driver/Src/stm32g4xx_hal_tim_ex.o
                0x0000000008008dfc                HAL_TIMEx_DirectionChangeCallback
 .text.HAL_TIMEx_IndexErrorCallback
                0x0000000008008e00        0x4 ./Drivers/STM32G4xx_HAL_Driver/Src/stm32g4xx_hal_tim_ex.o
                0x0000000008008e00                HAL_TIMEx_IndexErrorCallback
 .text.HAL_TIMEx_TransitionErrorCallback
                0x0000000008008e04        0x4 ./Drivers/STM32G4xx_HAL_Driver/Src/stm32g4xx_hal_tim_ex.o
                0x0000000008008e04                HAL_TIMEx_TransitionErrorCallback
 .text.HAL_UART_Receive_IT
                0x0000000008008e08      0x198 ./Drivers/STM32G4xx_HAL_Driver/Src/stm32g4xx_hal_uart.o
                0x0000000008008e08                HAL_UART_Receive_IT
 .text.HAL_UART_Transmit_DMA
                0x0000000008008fa0       0xb0 ./Drivers/STM32G4xx_HAL_Driver/Src/stm32g4xx_hal_uart.o
                0x0000000008008fa0                HAL_UART_Transmit_DMA
 .text.UART_DMATransmitCplt
                0x0000000008009050       0x44 ./Drivers/STM32G4xx_HAL_Driver/Src/stm32g4xx_hal_uart.o
 .text.HAL_UART_TxHalfCpltCallback
                0x0000000008009094        0x4 ./Drivers/STM32G4xx_HAL_Driver/Src/stm32g4xx_hal_uart.o
                0x0000000008009094                HAL_UART_TxHalfCpltCallback
 .text.UART_DMATxHalfCplt
                0x0000000008009098        0xc ./Drivers/STM32G4xx_HAL_Driver/Src/stm32g4xx_hal_uart.o
 .text.HAL_UART_RxHalfCpltCallback
                0x00000000080090a4        0x4 ./Drivers/STM32G4xx_HAL_Driver/Src/stm32g4xx_hal_uart.o
                0x00000000080090a4                HAL_UART_RxHalfCpltCallback
 .text.HAL_UART_ErrorCallback
                0x00000000080090a8        0x4 ./Drivers/STM32G4xx_HAL_Driver/Src/stm32g4xx_hal_uart.o
                0x00000000080090a8                HAL_UART_ErrorCallback
 .text.UART_DMAError
                0x00000000080090ac       0xd4 ./Drivers/STM32G4xx_HAL_Driver/Src/stm32g4xx_hal_uart.o
 .text.UART_DMAAbortOnError
                0x0000000008009180       0x14 ./Drivers/STM32G4xx_HAL_Driver/Src/stm32g4xx_hal_uart.o
 .text.HAL_UARTEx_RxEventCallback
                0x0000000008009194        0x4 ./Drivers/STM32G4xx_HAL_Driver/Src/stm32g4xx_hal_uart.o
                0x0000000008009194                HAL_UARTEx_RxEventCallback
 .text.HAL_UART_IRQHandler
                0x0000000008009198      0x370 ./Drivers/STM32G4xx_HAL_Driver/Src/stm32g4xx_hal_uart.o
                0x0000000008009198                HAL_UART_IRQHandler
 .text.UART_RxISR_8BIT.part.0
                0x0000000008009508       0x68 ./Drivers/STM32G4xx_HAL_Driver/Src/stm32g4xx_hal_uart.o
 .text.UART_RxISR_16BIT
                0x0000000008009570       0x4c ./Drivers/STM32G4xx_HAL_Driver/Src/stm32g4xx_hal_uart.o
 .text.UART_RxISR_8BIT
                0x00000000080095bc       0x40 ./Drivers/STM32G4xx_HAL_Driver/Src/stm32g4xx_hal_uart.o
 .text.UART_RxISR_8BIT_FIFOEN
                0x00000000080095fc      0x1ac ./Drivers/STM32G4xx_HAL_Driver/Src/stm32g4xx_hal_uart.o
 .text.UART_RxISR_16BIT_FIFOEN
                0x00000000080097a8      0x1b0 ./Drivers/STM32G4xx_HAL_Driver/Src/stm32g4xx_hal_uart.o
 .text.UART_DMARxHalfCplt
                0x0000000008009958       0x1c ./Drivers/STM32G4xx_HAL_Driver/Src/stm32g4xx_hal_uart.o
 .text.UART_DMAReceiveCplt
                0x0000000008009974       0x98 ./Drivers/STM32G4xx_HAL_Driver/Src/stm32g4xx_hal_uart.o
 .text.UART_SetConfig
                0x0000000008009a0c      0x314 ./Drivers/STM32G4xx_HAL_Driver/Src/stm32g4xx_hal_uart.o
                0x0000000008009a0c                UART_SetConfig
 .text.UART_AdvFeatureConfig
                0x0000000008009d20       0xb0 ./Drivers/STM32G4xx_HAL_Driver/Src/stm32g4xx_hal_uart.o
                0x0000000008009d20                UART_AdvFeatureConfig
 .text.UART_WaitOnFlagUntilTimeout
                0x0000000008009dd0       0xf0 ./Drivers/STM32G4xx_HAL_Driver/Src/stm32g4xx_hal_uart.o
                0x0000000008009dd0                UART_WaitOnFlagUntilTimeout
 .text.HAL_UART_Transmit
                0x0000000008009ec0      0x18c ./Drivers/STM32G4xx_HAL_Driver/Src/stm32g4xx_hal_uart.o
                0x0000000008009ec0                HAL_UART_Transmit
 .text.HAL_UART_Init
                0x000000000800a04c       0xd8 ./Drivers/STM32G4xx_HAL_Driver/Src/stm32g4xx_hal_uart.o
                0x000000000800a04c                HAL_UART_Init
 .text.UART_Start_Receive_DMA
                0x000000000800a124       0xa8 ./Drivers/STM32G4xx_HAL_Driver/Src/stm32g4xx_hal_uart.o
                0x000000000800a124                UART_Start_Receive_DMA
 .text.HAL_UART_Receive_DMA
                0x000000000800a1cc       0x54 ./Drivers/STM32G4xx_HAL_Driver/Src/stm32g4xx_hal_uart.o
                0x000000000800a1cc                HAL_UART_Receive_DMA
 .text.HAL_UARTEx_WakeupCallback
                0x000000000800a220        0x4 ./Drivers/STM32G4xx_HAL_Driver/Src/stm32g4xx_hal_uart_ex.o
                0x000000000800a220                HAL_UARTEx_WakeupCallback
 .text.HAL_UARTEx_RxFifoFullCallback
                0x000000000800a224        0x4 ./Drivers/STM32G4xx_HAL_Driver/Src/stm32g4xx_hal_uart_ex.o
                0x000000000800a224                HAL_UARTEx_RxFifoFullCallback
 .text.HAL_UARTEx_TxFifoEmptyCallback
                0x000000000800a228        0x4 ./Drivers/STM32G4xx_HAL_Driver/Src/stm32g4xx_hal_uart_ex.o
                0x000000000800a228                HAL_UARTEx_TxFifoEmptyCallback
 .text.HAL_UARTEx_DisableFifoMode
                0x000000000800a22c       0x3c ./Drivers/STM32G4xx_HAL_Driver/Src/stm32g4xx_hal_uart_ex.o
                0x000000000800a22c                HAL_UARTEx_DisableFifoMode
 .text.HAL_UARTEx_SetTxFifoThreshold
                0x000000000800a268       0x84 ./Drivers/STM32G4xx_HAL_Driver/Src/stm32g4xx_hal_uart_ex.o
                0x000000000800a268                HAL_UARTEx_SetTxFifoThreshold
 .text.HAL_UARTEx_SetRxFifoThreshold
                0x000000000800a2ec       0x84 ./Drivers/STM32G4xx_HAL_Driver/Src/stm32g4xx_hal_uart_ex.o
                0x000000000800a2ec                HAL_UARTEx_SetRxFifoThreshold
 .text.__cvt    0x000000000800a370       0xc4 C:/ST/STM32CubeIDE_1.9.0/STM32CubeIDE/plugins/com.st.stm32cube.ide.mcu.externaltools.gnu-tools-for-stm32.11.3.rel1.win32_1.1.0.202305231506/tools/bin/../lib/gcc/arm-none-eabi/11.3.1/../../../../arm-none-eabi/lib/thumb/v7e-m+fp/hard\libc_nano.a(libc_a-nano-vfprintf_float.o)
                0x000000000800a370                __cvt
 .text.__exponent
                0x000000000800a434       0x7c C:/ST/STM32CubeIDE_1.9.0/STM32CubeIDE/plugins/com.st.stm32cube.ide.mcu.externaltools.gnu-tools-for-stm32.11.3.rel1.win32_1.1.0.202305231506/tools/bin/../lib/gcc/arm-none-eabi/11.3.1/../../../../arm-none-eabi/lib/thumb/v7e-m+fp/hard\libc_nano.a(libc_a-nano-vfprintf_float.o)
                0x000000000800a434                __exponent
 .text._printf_float
                0x000000000800a4b0      0x46c C:/ST/STM32CubeIDE_1.9.0/STM32CubeIDE/plugins/com.st.stm32cube.ide.mcu.externaltools.gnu-tools-for-stm32.11.3.rel1.win32_1.1.0.202305231506/tools/bin/../lib/gcc/arm-none-eabi/11.3.1/../../../../arm-none-eabi/lib/thumb/v7e-m+fp/hard\libc_nano.a(libc_a-nano-vfprintf_float.o)
                0x000000000800a4b0                _printf_float
 .text._printf_common
                0x000000000800a91c       0xda C:/ST/STM32CubeIDE_1.9.0/STM32CubeIDE/plugins/com.st.stm32cube.ide.mcu.externaltools.gnu-tools-for-stm32.11.3.rel1.win32_1.1.0.202305231506/tools/bin/../lib/gcc/arm-none-eabi/11.3.1/../../../../arm-none-eabi/lib/thumb/v7e-m+fp/hard\libc_nano.a(libc_a-nano-vfprintf_i.o)
                0x000000000800a91c                _printf_common
 *fill*         0x000000000800a9f6        0x2 
 .text._printf_i
                0x000000000800a9f8      0x244 C:/ST/STM32CubeIDE_1.9.0/STM32CubeIDE/plugins/com.st.stm32cube.ide.mcu.externaltools.gnu-tools-for-stm32.11.3.rel1.win32_1.1.0.202305231506/tools/bin/../lib/gcc/arm-none-eabi/11.3.1/../../../../arm-none-eabi/lib/thumb/v7e-m+fp/hard\libc_nano.a(libc_a-nano-vfprintf_i.o)
                0x000000000800a9f8                _printf_i
 .text.std      0x000000000800ac3c       0x48 C:/ST/STM32CubeIDE_1.9.0/STM32CubeIDE/plugins/com.st.stm32cube.ide.mcu.externaltools.gnu-tools-for-stm32.11.3.rel1.win32_1.1.0.202305231506/tools/bin/../lib/gcc/arm-none-eabi/11.3.1/../../../../arm-none-eabi/lib/thumb/v7e-m+fp/hard\libc_nano.a(libc_a-findfp.o)
 .text.stdio_exit_handler
                0x000000000800ac84       0x18 C:/ST/STM32CubeIDE_1.9.0/STM32CubeIDE/plugins/com.st.stm32cube.ide.mcu.externaltools.gnu-tools-for-stm32.11.3.rel1.win32_1.1.0.202305231506/tools/bin/../lib/gcc/arm-none-eabi/11.3.1/../../../../arm-none-eabi/lib/thumb/v7e-m+fp/hard\libc_nano.a(libc_a-findfp.o)
 .text.cleanup_stdio
                0x000000000800ac9c       0x40 C:/ST/STM32CubeIDE_1.9.0/STM32CubeIDE/plugins/com.st.stm32cube.ide.mcu.externaltools.gnu-tools-for-stm32.11.3.rel1.win32_1.1.0.202305231506/tools/bin/../lib/gcc/arm-none-eabi/11.3.1/../../../../arm-none-eabi/lib/thumb/v7e-m+fp/hard\libc_nano.a(libc_a-findfp.o)
 .text.global_stdio_init.part.0
                0x000000000800acdc       0x3c C:/ST/STM32CubeIDE_1.9.0/STM32CubeIDE/plugins/com.st.stm32cube.ide.mcu.externaltools.gnu-tools-for-stm32.11.3.rel1.win32_1.1.0.202305231506/tools/bin/../lib/gcc/arm-none-eabi/11.3.1/../../../../arm-none-eabi/lib/thumb/v7e-m+fp/hard\libc_nano.a(libc_a-findfp.o)
 .text.__sfp_lock_acquire
                0x000000000800ad18        0xc C:/ST/STM32CubeIDE_1.9.0/STM32CubeIDE/plugins/com.st.stm32cube.ide.mcu.externaltools.gnu-tools-for-stm32.11.3.rel1.win32_1.1.0.202305231506/tools/bin/../lib/gcc/arm-none-eabi/11.3.1/../../../../arm-none-eabi/lib/thumb/v7e-m+fp/hard\libc_nano.a(libc_a-findfp.o)
                0x000000000800ad18                __sfp_lock_acquire
 .text.__sfp_lock_release
                0x000000000800ad24        0xc C:/ST/STM32CubeIDE_1.9.0/STM32CubeIDE/plugins/com.st.stm32cube.ide.mcu.externaltools.gnu-tools-for-stm32.11.3.rel1.win32_1.1.0.202305231506/tools/bin/../lib/gcc/arm-none-eabi/11.3.1/../../../../arm-none-eabi/lib/thumb/v7e-m+fp/hard\libc_nano.a(libc_a-findfp.o)
                0x000000000800ad24                __sfp_lock_release
 .text.__sinit  0x000000000800ad30       0x30 C:/ST/STM32CubeIDE_1.9.0/STM32CubeIDE/plugins/com.st.stm32cube.ide.mcu.externaltools.gnu-tools-for-stm32.11.3.rel1.win32_1.1.0.202305231506/tools/bin/../lib/gcc/arm-none-eabi/11.3.1/../../../../arm-none-eabi/lib/thumb/v7e-m+fp/hard\libc_nano.a(libc_a-findfp.o)
                0x000000000800ad30                __sinit
 .text._fwalk_sglue
                0x000000000800ad60       0x3c C:/ST/STM32CubeIDE_1.9.0/STM32CubeIDE/plugins/com.st.stm32cube.ide.mcu.externaltools.gnu-tools-for-stm32.11.3.rel1.win32_1.1.0.202305231506/tools/bin/../lib/gcc/arm-none-eabi/11.3.1/../../../../arm-none-eabi/lib/thumb/v7e-m+fp/hard\libc_nano.a(libc_a-fwalk.o)
                0x000000000800ad60                _fwalk_sglue
 .text.printf   0x000000000800ad9c       0x24 C:/ST/STM32CubeIDE_1.9.0/STM32CubeIDE/plugins/com.st.stm32cube.ide.mcu.externaltools.gnu-tools-for-stm32.11.3.rel1.win32_1.1.0.202305231506/tools/bin/../lib/gcc/arm-none-eabi/11.3.1/../../../../arm-none-eabi/lib/thumb/v7e-m+fp/hard\libc_nano.a(libc_a-printf.o)
                0x000000000800ad9c                iprintf
                0x000000000800ad9c                printf
 .text._puts_r  0x000000000800adc0       0xa8 C:/ST/STM32CubeIDE_1.9.0/STM32CubeIDE/plugins/com.st.stm32cube.ide.mcu.externaltools.gnu-tools-for-stm32.11.3.rel1.win32_1.1.0.202305231506/tools/bin/../lib/gcc/arm-none-eabi/11.3.1/../../../../arm-none-eabi/lib/thumb/v7e-m+fp/hard\libc_nano.a(libc_a-puts.o)
                0x000000000800adc0                _puts_r
 .text.puts     0x000000000800ae68       0x10 C:/ST/STM32CubeIDE_1.9.0/STM32CubeIDE/plugins/com.st.stm32cube.ide.mcu.externaltools.gnu-tools-for-stm32.11.3.rel1.win32_1.1.0.202305231506/tools/bin/../lib/gcc/arm-none-eabi/11.3.1/../../../../arm-none-eabi/lib/thumb/v7e-m+fp/hard\libc_nano.a(libc_a-puts.o)
                0x000000000800ae68                puts
 .text.setbuf   0x000000000800ae78       0x10 C:/ST/STM32CubeIDE_1.9.0/STM32CubeIDE/plugins/com.st.stm32cube.ide.mcu.externaltools.gnu-tools-for-stm32.11.3.rel1.win32_1.1.0.202305231506/tools/bin/../lib/gcc/arm-none-eabi/11.3.1/../../../../arm-none-eabi/lib/thumb/v7e-m+fp/hard\libc_nano.a(libc_a-setbuf.o)
                0x000000000800ae78                setbuf
 .text.setvbuf  0x000000000800ae88      0x15c C:/ST/STM32CubeIDE_1.9.0/STM32CubeIDE/plugins/com.st.stm32cube.ide.mcu.externaltools.gnu-tools-for-stm32.11.3.rel1.win32_1.1.0.202305231506/tools/bin/../lib/gcc/arm-none-eabi/11.3.1/../../../../arm-none-eabi/lib/thumb/v7e-m+fp/hard\libc_nano.a(libc_a-setvbuf.o)
                0x000000000800ae88                setvbuf
 .text.__sread  0x000000000800afe4       0x22 C:/ST/STM32CubeIDE_1.9.0/STM32CubeIDE/plugins/com.st.stm32cube.ide.mcu.externaltools.gnu-tools-for-stm32.11.3.rel1.win32_1.1.0.202305231506/tools/bin/../lib/gcc/arm-none-eabi/11.3.1/../../../../arm-none-eabi/lib/thumb/v7e-m+fp/hard\libc_nano.a(libc_a-stdio.o)
                0x000000000800afe4                __sread
 .text.__swrite
                0x000000000800b006       0x38 C:/ST/STM32CubeIDE_1.9.0/STM32CubeIDE/plugins/com.st.stm32cube.ide.mcu.externaltools.gnu-tools-for-stm32.11.3.rel1.win32_1.1.0.202305231506/tools/bin/../lib/gcc/arm-none-eabi/11.3.1/../../../../arm-none-eabi/lib/thumb/v7e-m+fp/hard\libc_nano.a(libc_a-stdio.o)
                0x000000000800b006                __swrite
 .text.__sseek  0x000000000800b03e       0x24 C:/ST/STM32CubeIDE_1.9.0/STM32CubeIDE/plugins/com.st.stm32cube.ide.mcu.externaltools.gnu-tools-for-stm32.11.3.rel1.win32_1.1.0.202305231506/tools/bin/../lib/gcc/arm-none-eabi/11.3.1/../../../../arm-none-eabi/lib/thumb/v7e-m+fp/hard\libc_nano.a(libc_a-stdio.o)
                0x000000000800b03e                __sseek
 .text.__sclose
                0x000000000800b062        0x8 C:/ST/STM32CubeIDE_1.9.0/STM32CubeIDE/plugins/com.st.stm32cube.ide.mcu.externaltools.gnu-tools-for-stm32.11.3.rel1.win32_1.1.0.202305231506/tools/bin/../lib/gcc/arm-none-eabi/11.3.1/../../../../arm-none-eabi/lib/thumb/v7e-m+fp/hard\libc_nano.a(libc_a-stdio.o)
                0x000000000800b062                __sclose
 *fill*         0x000000000800b06a        0x2 
 .text._vsprintf_r
                0x000000000800b06c       0x2c C:/ST/STM32CubeIDE_1.9.0/STM32CubeIDE/plugins/com.st.stm32cube.ide.mcu.externaltools.gnu-tools-for-stm32.11.3.rel1.win32_1.1.0.202305231506/tools/bin/../lib/gcc/arm-none-eabi/11.3.1/../../../../arm-none-eabi/lib/thumb/v7e-m+fp/hard\libc_nano.a(libc_a-vsprintf.o)
                0x000000000800b06c                _vsprintf_r
                0x000000000800b06c                _vsiprintf_r
 .text.vsprintf
                0x000000000800b098       0x14 C:/ST/STM32CubeIDE_1.9.0/STM32CubeIDE/plugins/com.st.stm32cube.ide.mcu.externaltools.gnu-tools-for-stm32.11.3.rel1.win32_1.1.0.202305231506/tools/bin/../lib/gcc/arm-none-eabi/11.3.1/../../../../arm-none-eabi/lib/thumb/v7e-m+fp/hard\libc_nano.a(libc_a-vsprintf.o)
                0x000000000800b098                vsiprintf
                0x000000000800b098                vsprintf
 .text.__swbuf_r
                0x000000000800b0ac       0x7a C:/ST/STM32CubeIDE_1.9.0/STM32CubeIDE/plugins/com.st.stm32cube.ide.mcu.externaltools.gnu-tools-for-stm32.11.3.rel1.win32_1.1.0.202305231506/tools/bin/../lib/gcc/arm-none-eabi/11.3.1/../../../../arm-none-eabi/lib/thumb/v7e-m+fp/hard\libc_nano.a(libc_a-wbuf.o)
                0x000000000800b0ac                __swbuf_r
 *fill*         0x000000000800b126        0x2 
 .text.__swsetup_r
                0x000000000800b128       0xb0 C:/ST/STM32CubeIDE_1.9.0/STM32CubeIDE/plugins/com.st.stm32cube.ide.mcu.externaltools.gnu-tools-for-stm32.11.3.rel1.win32_1.1.0.202305231506/tools/bin/../lib/gcc/arm-none-eabi/11.3.1/../../../../arm-none-eabi/lib/thumb/v7e-m+fp/hard\libc_nano.a(libc_a-wsetup.o)
                0x000000000800b128                __swsetup_r
 .text.memset   0x000000000800b1d8       0x10 C:/ST/STM32CubeIDE_1.9.0/STM32CubeIDE/plugins/com.st.stm32cube.ide.mcu.externaltools.gnu-tools-for-stm32.11.3.rel1.win32_1.1.0.202305231506/tools/bin/../lib/gcc/arm-none-eabi/11.3.1/../../../../arm-none-eabi/lib/thumb/v7e-m+fp/hard\libc_nano.a(libc_a-memset.o)
                0x000000000800b1d8                memset
 .text._localeconv_r
                0x000000000800b1e8        0x8 C:/ST/STM32CubeIDE_1.9.0/STM32CubeIDE/plugins/com.st.stm32cube.ide.mcu.externaltools.gnu-tools-for-stm32.11.3.rel1.win32_1.1.0.202305231506/tools/bin/../lib/gcc/arm-none-eabi/11.3.1/../../../../arm-none-eabi/lib/thumb/v7e-m+fp/hard\libc_nano.a(libc_a-localeconv.o)
                0x000000000800b1e8                _localeconv_r
 .text._close_r
                0x000000000800b1f0       0x20 C:/ST/STM32CubeIDE_1.9.0/STM32CubeIDE/plugins/com.st.stm32cube.ide.mcu.externaltools.gnu-tools-for-stm32.11.3.rel1.win32_1.1.0.202305231506/tools/bin/../lib/gcc/arm-none-eabi/11.3.1/../../../../arm-none-eabi/lib/thumb/v7e-m+fp/hard\libc_nano.a(libc_a-closer.o)
                0x000000000800b1f0                _close_r
 .text._lseek_r
                0x000000000800b210       0x24 C:/ST/STM32CubeIDE_1.9.0/STM32CubeIDE/plugins/com.st.stm32cube.ide.mcu.externaltools.gnu-tools-for-stm32.11.3.rel1.win32_1.1.0.202305231506/tools/bin/../lib/gcc/arm-none-eabi/11.3.1/../../../../arm-none-eabi/lib/thumb/v7e-m+fp/hard\libc_nano.a(libc_a-lseekr.o)
                0x000000000800b210                _lseek_r
 .text._read_r  0x000000000800b234       0x24 C:/ST/STM32CubeIDE_1.9.0/STM32CubeIDE/plugins/com.st.stm32cube.ide.mcu.externaltools.gnu-tools-for-stm32.11.3.rel1.win32_1.1.0.202305231506/tools/bin/../lib/gcc/arm-none-eabi/11.3.1/../../../../arm-none-eabi/lib/thumb/v7e-m+fp/hard\libc_nano.a(libc_a-readr.o)
                0x000000000800b234                _read_r
 .text._write_r
                0x000000000800b258       0x24 C:/ST/STM32CubeIDE_1.9.0/STM32CubeIDE/plugins/com.st.stm32cube.ide.mcu.externaltools.gnu-tools-for-stm32.11.3.rel1.win32_1.1.0.202305231506/tools/bin/../lib/gcc/arm-none-eabi/11.3.1/../../../../arm-none-eabi/lib/thumb/v7e-m+fp/hard\libc_nano.a(libc_a-writer.o)
                0x000000000800b258                _write_r
 .text.__errno  0x000000000800b27c        0xc C:/ST/STM32CubeIDE_1.9.0/STM32CubeIDE/plugins/com.st.stm32cube.ide.mcu.externaltools.gnu-tools-for-stm32.11.3.rel1.win32_1.1.0.202305231506/tools/bin/../lib/gcc/arm-none-eabi/11.3.1/../../../../arm-none-eabi/lib/thumb/v7e-m+fp/hard\libc_nano.a(libc_a-errno.o)
                0x000000000800b27c                __errno
 .text.__libc_init_array
                0x000000000800b288       0x48 C:/ST/STM32CubeIDE_1.9.0/STM32CubeIDE/plugins/com.st.stm32cube.ide.mcu.externaltools.gnu-tools-for-stm32.11.3.rel1.win32_1.1.0.202305231506/tools/bin/../lib/gcc/arm-none-eabi/11.3.1/../../../../arm-none-eabi/lib/thumb/v7e-m+fp/hard\libc_nano.a(libc_a-init.o)
                0x000000000800b288                __libc_init_array
 .text.__retarget_lock_acquire_recursive
                0x000000000800b2d0        0x2 C:/ST/STM32CubeIDE_1.9.0/STM32CubeIDE/plugins/com.st.stm32cube.ide.mcu.externaltools.gnu-tools-for-stm32.11.3.rel1.win32_1.1.0.202305231506/tools/bin/../lib/gcc/arm-none-eabi/11.3.1/../../../../arm-none-eabi/lib/thumb/v7e-m+fp/hard\libc_nano.a(libc_a-lock.o)
                0x000000000800b2d0                __retarget_lock_acquire_recursive
 .text.__retarget_lock_release_recursive
                0x000000000800b2d2        0x2 C:/ST/STM32CubeIDE_1.9.0/STM32CubeIDE/plugins/com.st.stm32cube.ide.mcu.externaltools.gnu-tools-for-stm32.11.3.rel1.win32_1.1.0.202305231506/tools/bin/../lib/gcc/arm-none-eabi/11.3.1/../../../../arm-none-eabi/lib/thumb/v7e-m+fp/hard\libc_nano.a(libc_a-lock.o)
                0x000000000800b2d2                __retarget_lock_release_recursive
 .text.quorem   0x000000000800b2d4      0x110 C:/ST/STM32CubeIDE_1.9.0/STM32CubeIDE/plugins/com.st.stm32cube.ide.mcu.externaltools.gnu-tools-for-stm32.11.3.rel1.win32_1.1.0.202305231506/tools/bin/../lib/gcc/arm-none-eabi/11.3.1/../../../../arm-none-eabi/lib/thumb/v7e-m+fp/hard\libc_nano.a(libc_a-dtoa.o)
 *fill*         0x000000000800b3e4        0x4 
 .text._dtoa_r  0x000000000800b3e8      0xbe4 C:/ST/STM32CubeIDE_1.9.0/STM32CubeIDE/plugins/com.st.stm32cube.ide.mcu.externaltools.gnu-tools-for-stm32.11.3.rel1.win32_1.1.0.202305231506/tools/bin/../lib/gcc/arm-none-eabi/11.3.1/../../../../arm-none-eabi/lib/thumb/v7e-m+fp/hard\libc_nano.a(libc_a-dtoa.o)
                0x000000000800b3e8                _dtoa_r
 .text._free_r  0x000000000800bfcc       0x98 C:/ST/STM32CubeIDE_1.9.0/STM32CubeIDE/plugins/com.st.stm32cube.ide.mcu.externaltools.gnu-tools-for-stm32.11.3.rel1.win32_1.1.0.202305231506/tools/bin/../lib/gcc/arm-none-eabi/11.3.1/../../../../arm-none-eabi/lib/thumb/v7e-m+fp/hard\libc_nano.a(libc_a-freer.o)
                0x000000000800bfcc                _free_r
 .text.malloc   0x000000000800c064       0x10 C:/ST/STM32CubeIDE_1.9.0/STM32CubeIDE/plugins/com.st.stm32cube.ide.mcu.externaltools.gnu-tools-for-stm32.11.3.rel1.win32_1.1.0.202305231506/tools/bin/../lib/gcc/arm-none-eabi/11.3.1/../../../../arm-none-eabi/lib/thumb/v7e-m+fp/hard\libc_nano.a(libc_a-malloc.o)
                0x000000000800c064                malloc
 .text.sbrk_aligned
                0x000000000800c074       0x40 C:/ST/STM32CubeIDE_1.9.0/STM32CubeIDE/plugins/com.st.stm32cube.ide.mcu.externaltools.gnu-tools-for-stm32.11.3.rel1.win32_1.1.0.202305231506/tools/bin/../lib/gcc/arm-none-eabi/11.3.1/../../../../arm-none-eabi/lib/thumb/v7e-m+fp/hard\libc_nano.a(libc_a-mallocr.o)
 .text._malloc_r
                0x000000000800c0b4      0x100 C:/ST/STM32CubeIDE_1.9.0/STM32CubeIDE/plugins/com.st.stm32cube.ide.mcu.externaltools.gnu-tools-for-stm32.11.3.rel1.win32_1.1.0.202305231506/tools/bin/../lib/gcc/arm-none-eabi/11.3.1/../../../../arm-none-eabi/lib/thumb/v7e-m+fp/hard\libc_nano.a(libc_a-mallocr.o)
                0x000000000800c0b4                _malloc_r
 .text.__malloc_lock
                0x000000000800c1b4        0xc C:/ST/STM32CubeIDE_1.9.0/STM32CubeIDE/plugins/com.st.stm32cube.ide.mcu.externaltools.gnu-tools-for-stm32.11.3.rel1.win32_1.1.0.202305231506/tools/bin/../lib/gcc/arm-none-eabi/11.3.1/../../../../arm-none-eabi/lib/thumb/v7e-m+fp/hard\libc_nano.a(libc_a-mlock.o)
                0x000000000800c1b4                __malloc_lock
 .text.__malloc_unlock
                0x000000000800c1c0        0xc C:/ST/STM32CubeIDE_1.9.0/STM32CubeIDE/plugins/com.st.stm32cube.ide.mcu.externaltools.gnu-tools-for-stm32.11.3.rel1.win32_1.1.0.202305231506/tools/bin/../lib/gcc/arm-none-eabi/11.3.1/../../../../arm-none-eabi/lib/thumb/v7e-m+fp/hard\libc_nano.a(libc_a-mlock.o)
                0x000000000800c1c0                __malloc_unlock
 .text._Balloc  0x000000000800c1cc       0x80 C:/ST/STM32CubeIDE_1.9.0/STM32CubeIDE/plugins/com.st.stm32cube.ide.mcu.externaltools.gnu-tools-for-stm32.11.3.rel1.win32_1.1.0.202305231506/tools/bin/../lib/gcc/arm-none-eabi/11.3.1/../../../../arm-none-eabi/lib/thumb/v7e-m+fp/hard\libc_nano.a(libc_a-mprec.o)
                0x000000000800c1cc                _Balloc
 .text._Bfree   0x000000000800c24c       0x44 C:/ST/STM32CubeIDE_1.9.0/STM32CubeIDE/plugins/com.st.stm32cube.ide.mcu.externaltools.gnu-tools-for-stm32.11.3.rel1.win32_1.1.0.202305231506/tools/bin/../lib/gcc/arm-none-eabi/11.3.1/../../../../arm-none-eabi/lib/thumb/v7e-m+fp/hard\libc_nano.a(libc_a-mprec.o)
                0x000000000800c24c                _Bfree
 .text.__multadd
                0x000000000800c290       0x8c C:/ST/STM32CubeIDE_1.9.0/STM32CubeIDE/plugins/com.st.stm32cube.ide.mcu.externaltools.gnu-tools-for-stm32.11.3.rel1.win32_1.1.0.202305231506/tools/bin/../lib/gcc/arm-none-eabi/11.3.1/../../../../arm-none-eabi/lib/thumb/v7e-m+fp/hard\libc_nano.a(libc_a-mprec.o)
                0x000000000800c290                __multadd
 .text.__hi0bits
                0x000000000800c31c       0x40 C:/ST/STM32CubeIDE_1.9.0/STM32CubeIDE/plugins/com.st.stm32cube.ide.mcu.externaltools.gnu-tools-for-stm32.11.3.rel1.win32_1.1.0.202305231506/tools/bin/../lib/gcc/arm-none-eabi/11.3.1/../../../../arm-none-eabi/lib/thumb/v7e-m+fp/hard\libc_nano.a(libc_a-mprec.o)
                0x000000000800c31c                __hi0bits
 .text.__lo0bits
                0x000000000800c35c       0x5a C:/ST/STM32CubeIDE_1.9.0/STM32CubeIDE/plugins/com.st.stm32cube.ide.mcu.externaltools.gnu-tools-for-stm32.11.3.rel1.win32_1.1.0.202305231506/tools/bin/../lib/gcc/arm-none-eabi/11.3.1/../../../../arm-none-eabi/lib/thumb/v7e-m+fp/hard\libc_nano.a(libc_a-mprec.o)
                0x000000000800c35c                __lo0bits
 *fill*         0x000000000800c3b6        0x2 
 .text.__i2b    0x000000000800c3b8       0x2c C:/ST/STM32CubeIDE_1.9.0/STM32CubeIDE/plugins/com.st.stm32cube.ide.mcu.externaltools.gnu-tools-for-stm32.11.3.rel1.win32_1.1.0.202305231506/tools/bin/../lib/gcc/arm-none-eabi/11.3.1/../../../../arm-none-eabi/lib/thumb/v7e-m+fp/hard\libc_nano.a(libc_a-mprec.o)
                0x000000000800c3b8                __i2b
 .text.__multiply
                0x000000000800c3e4      0x154 C:/ST/STM32CubeIDE_1.9.0/STM32CubeIDE/plugins/com.st.stm32cube.ide.mcu.externaltools.gnu-tools-for-stm32.11.3.rel1.win32_1.1.0.202305231506/tools/bin/../lib/gcc/arm-none-eabi/11.3.1/../../../../arm-none-eabi/lib/thumb/v7e-m+fp/hard\libc_nano.a(libc_a-mprec.o)
                0x000000000800c3e4                __multiply
 .text.__pow5mult
                0x000000000800c538       0xb4 C:/ST/STM32CubeIDE_1.9.0/STM32CubeIDE/plugins/com.st.stm32cube.ide.mcu.externaltools.gnu-tools-for-stm32.11.3.rel1.win32_1.1.0.202305231506/tools/bin/../lib/gcc/arm-none-eabi/11.3.1/../../../../arm-none-eabi/lib/thumb/v7e-m+fp/hard\libc_nano.a(libc_a-mprec.o)
                0x000000000800c538                __pow5mult
 .text.__lshift
                0x000000000800c5ec       0xd8 C:/ST/STM32CubeIDE_1.9.0/STM32CubeIDE/plugins/com.st.stm32cube.ide.mcu.externaltools.gnu-tools-for-stm32.11.3.rel1.win32_1.1.0.202305231506/tools/bin/../lib/gcc/arm-none-eabi/11.3.1/../../../../arm-none-eabi/lib/thumb/v7e-m+fp/hard\libc_nano.a(libc_a-mprec.o)
                0x000000000800c5ec                __lshift
 .text.__mcmp   0x000000000800c6c4       0x38 C:/ST/STM32CubeIDE_1.9.0/STM32CubeIDE/plugins/com.st.stm32cube.ide.mcu.externaltools.gnu-tools-for-stm32.11.3.rel1.win32_1.1.0.202305231506/tools/bin/../lib/gcc/arm-none-eabi/11.3.1/../../../../arm-none-eabi/lib/thumb/v7e-m+fp/hard\libc_nano.a(libc_a-mprec.o)
                0x000000000800c6c4                __mcmp
 .text.__mdiff  0x000000000800c6fc      0x114 C:/ST/STM32CubeIDE_1.9.0/STM32CubeIDE/plugins/com.st.stm32cube.ide.mcu.externaltools.gnu-tools-for-stm32.11.3.rel1.win32_1.1.0.202305231506/tools/bin/../lib/gcc/arm-none-eabi/11.3.1/../../../../arm-none-eabi/lib/thumb/v7e-m+fp/hard\libc_nano.a(libc_a-mprec.o)
                0x000000000800c6fc                __mdiff
 .text.__d2b    0x000000000800c810       0xb4 C:/ST/STM32CubeIDE_1.9.0/STM32CubeIDE/plugins/com.st.stm32cube.ide.mcu.externaltools.gnu-tools-for-stm32.11.3.rel1.win32_1.1.0.202305231506/tools/bin/../lib/gcc/arm-none-eabi/11.3.1/../../../../arm-none-eabi/lib/thumb/v7e-m+fp/hard\libc_nano.a(libc_a-mprec.o)
                0x000000000800c810                __d2b
 .text.__ssputs_r
                0x000000000800c8c4       0xb4 C:/ST/STM32CubeIDE_1.9.0/STM32CubeIDE/plugins/com.st.stm32cube.ide.mcu.externaltools.gnu-tools-for-stm32.11.3.rel1.win32_1.1.0.202305231506/tools/bin/../lib/gcc/arm-none-eabi/11.3.1/../../../../arm-none-eabi/lib/thumb/v7e-m+fp/hard\libc_nano.a(libc_a-nano-svfprintf.o)
                0x000000000800c8c4                __ssputs_r
 .text._svfprintf_r
                0x000000000800c978      0x1fc C:/ST/STM32CubeIDE_1.9.0/STM32CubeIDE/plugins/com.st.stm32cube.ide.mcu.externaltools.gnu-tools-for-stm32.11.3.rel1.win32_1.1.0.202305231506/tools/bin/../lib/gcc/arm-none-eabi/11.3.1/../../../../arm-none-eabi/lib/thumb/v7e-m+fp/hard\libc_nano.a(libc_a-nano-svfprintf.o)
                0x000000000800c978                _svfiprintf_r
                0x000000000800c978                _svfprintf_r
 .text.__sfputc_r
                0x000000000800cb74       0x2e C:/ST/STM32CubeIDE_1.9.0/STM32CubeIDE/plugins/com.st.stm32cube.ide.mcu.externaltools.gnu-tools-for-stm32.11.3.rel1.win32_1.1.0.202305231506/tools/bin/../lib/gcc/arm-none-eabi/11.3.1/../../../../arm-none-eabi/lib/thumb/v7e-m+fp/hard\libc_nano.a(libc_a-nano-vfprintf.o)
 .text.__sfputs_r
                0x000000000800cba2       0x24 C:/ST/STM32CubeIDE_1.9.0/STM32CubeIDE/plugins/com.st.stm32cube.ide.mcu.externaltools.gnu-tools-for-stm32.11.3.rel1.win32_1.1.0.202305231506/tools/bin/../lib/gcc/arm-none-eabi/11.3.1/../../../../arm-none-eabi/lib/thumb/v7e-m+fp/hard\libc_nano.a(libc_a-nano-vfprintf.o)
                0x000000000800cba2                __sfputs_r
 *fill*         0x000000000800cbc6        0x2 
 .text._vfprintf_r
                0x000000000800cbc8      0x234 C:/ST/STM32CubeIDE_1.9.0/STM32CubeIDE/plugins/com.st.stm32cube.ide.mcu.externaltools.gnu-tools-for-stm32.11.3.rel1.win32_1.1.0.202305231506/tools/bin/../lib/gcc/arm-none-eabi/11.3.1/../../../../arm-none-eabi/lib/thumb/v7e-m+fp/hard\libc_nano.a(libc_a-nano-vfprintf.o)
                0x000000000800cbc8                _vfprintf_r
                0x000000000800cbc8                _vfiprintf_r
 .text.__sflush_r
                0x000000000800cdfc      0x10c C:/ST/STM32CubeIDE_1.9.0/STM32CubeIDE/plugins/com.st.stm32cube.ide.mcu.externaltools.gnu-tools-for-stm32.11.3.rel1.win32_1.1.0.202305231506/tools/bin/../lib/gcc/arm-none-eabi/11.3.1/../../../../arm-none-eabi/lib/thumb/v7e-m+fp/hard\libc_nano.a(libc_a-fflush.o)
                0x000000000800cdfc                __sflush_r
 .text._fflush_r
                0x000000000800cf08       0x50 C:/ST/STM32CubeIDE_1.9.0/STM32CubeIDE/plugins/com.st.stm32cube.ide.mcu.externaltools.gnu-tools-for-stm32.11.3.rel1.win32_1.1.0.202305231506/tools/bin/../lib/gcc/arm-none-eabi/11.3.1/../../../../arm-none-eabi/lib/thumb/v7e-m+fp/hard\libc_nano.a(libc_a-fflush.o)
                0x000000000800cf08                _fflush_r
 .text.__swhatbuf_r
                0x000000000800cf58       0x4c C:/ST/STM32CubeIDE_1.9.0/STM32CubeIDE/plugins/com.st.stm32cube.ide.mcu.externaltools.gnu-tools-for-stm32.11.3.rel1.win32_1.1.0.202305231506/tools/bin/../lib/gcc/arm-none-eabi/11.3.1/../../../../arm-none-eabi/lib/thumb/v7e-m+fp/hard\libc_nano.a(libc_a-makebuf.o)
                0x000000000800cf58                __swhatbuf_r
 .text.__smakebuf_r
                0x000000000800cfa4       0x78 C:/ST/STM32CubeIDE_1.9.0/STM32CubeIDE/plugins/com.st.stm32cube.ide.mcu.externaltools.gnu-tools-for-stm32.11.3.rel1.win32_1.1.0.202305231506/tools/bin/../lib/gcc/arm-none-eabi/11.3.1/../../../../arm-none-eabi/lib/thumb/v7e-m+fp/hard\libc_nano.a(libc_a-makebuf.o)
                0x000000000800cfa4                __smakebuf_r
 .text.memmove  0x000000000800d01c       0x34 C:/ST/STM32CubeIDE_1.9.0/STM32CubeIDE/plugins/com.st.stm32cube.ide.mcu.externaltools.gnu-tools-for-stm32.11.3.rel1.win32_1.1.0.202305231506/tools/bin/../lib/gcc/arm-none-eabi/11.3.1/../../../../arm-none-eabi/lib/thumb/v7e-m+fp/hard\libc_nano.a(libc_a-memmove.o)
                0x000000000800d01c                memmove
 .text._fstat_r
                0x000000000800d050       0x24 C:/ST/STM32CubeIDE_1.9.0/STM32CubeIDE/plugins/com.st.stm32cube.ide.mcu.externaltools.gnu-tools-for-stm32.11.3.rel1.win32_1.1.0.202305231506/tools/bin/../lib/gcc/arm-none-eabi/11.3.1/../../../../arm-none-eabi/lib/thumb/v7e-m+fp/hard\libc_nano.a(libc_a-fstatr.o)
                0x000000000800d050                _fstat_r
 .text._isatty_r
                0x000000000800d074       0x20 C:/ST/STM32CubeIDE_1.9.0/STM32CubeIDE/plugins/com.st.stm32cube.ide.mcu.externaltools.gnu-tools-for-stm32.11.3.rel1.win32_1.1.0.202305231506/tools/bin/../lib/gcc/arm-none-eabi/11.3.1/../../../../arm-none-eabi/lib/thumb/v7e-m+fp/hard\libc_nano.a(libc_a-isattyr.o)
                0x000000000800d074                _isatty_r
 .text._sbrk_r  0x000000000800d094       0x20 C:/ST/STM32CubeIDE_1.9.0/STM32CubeIDE/plugins/com.st.stm32cube.ide.mcu.externaltools.gnu-tools-for-stm32.11.3.rel1.win32_1.1.0.202305231506/tools/bin/../lib/gcc/arm-none-eabi/11.3.1/../../../../arm-none-eabi/lib/thumb/v7e-m+fp/hard\libc_nano.a(libc_a-sbrkr.o)
                0x000000000800d094                _sbrk_r
 .text.memcpy   0x000000000800d0b4       0x1c C:/ST/STM32CubeIDE_1.9.0/STM32CubeIDE/plugins/com.st.stm32cube.ide.mcu.externaltools.gnu-tools-for-stm32.11.3.rel1.win32_1.1.0.202305231506/tools/bin/../lib/gcc/arm-none-eabi/11.3.1/../../../../arm-none-eabi/lib/thumb/v7e-m+fp/hard\libc_nano.a(libc_a-memcpy-stub.o)
                0x000000000800d0b4                memcpy
 .text.__assert_func
                0x000000000800d0d0       0x3c C:/ST/STM32CubeIDE_1.9.0/STM32CubeIDE/plugins/com.st.stm32cube.ide.mcu.externaltools.gnu-tools-for-stm32.11.3.rel1.win32_1.1.0.202305231506/tools/bin/../lib/gcc/arm-none-eabi/11.3.1/../../../../arm-none-eabi/lib/thumb/v7e-m+fp/hard\libc_nano.a(libc_a-assert.o)
                0x000000000800d0d0                __assert_func
 .text._calloc_r
                0x000000000800d10c       0x2c C:/ST/STM32CubeIDE_1.9.0/STM32CubeIDE/plugins/com.st.stm32cube.ide.mcu.externaltools.gnu-tools-for-stm32.11.3.rel1.win32_1.1.0.202305231506/tools/bin/../lib/gcc/arm-none-eabi/11.3.1/../../../../arm-none-eabi/lib/thumb/v7e-m+fp/hard\libc_nano.a(libc_a-callocr.o)
                0x000000000800d10c                _calloc_r
 .text.__ascii_mbtowc
                0x000000000800d138       0x24 C:/ST/STM32CubeIDE_1.9.0/STM32CubeIDE/plugins/com.st.stm32cube.ide.mcu.externaltools.gnu-tools-for-stm32.11.3.rel1.win32_1.1.0.202305231506/tools/bin/../lib/gcc/arm-none-eabi/11.3.1/../../../../arm-none-eabi/lib/thumb/v7e-m+fp/hard\libc_nano.a(libc_a-mbtowc_r.o)
                0x000000000800d138                __ascii_mbtowc
 .text._realloc_r
                0x000000000800d15c       0x5e C:/ST/STM32CubeIDE_1.9.0/STM32CubeIDE/plugins/com.st.stm32cube.ide.mcu.externaltools.gnu-tools-for-stm32.11.3.rel1.win32_1.1.0.202305231506/tools/bin/../lib/gcc/arm-none-eabi/11.3.1/../../../../arm-none-eabi/lib/thumb/v7e-m+fp/hard\libc_nano.a(libc_a-reallocr.o)
                0x000000000800d15c                _realloc_r
 .text.__ascii_wctomb
                0x000000000800d1ba       0x1a C:/ST/STM32CubeIDE_1.9.0/STM32CubeIDE/plugins/com.st.stm32cube.ide.mcu.externaltools.gnu-tools-for-stm32.11.3.rel1.win32_1.1.0.202305231506/tools/bin/../lib/gcc/arm-none-eabi/11.3.1/../../../../arm-none-eabi/lib/thumb/v7e-m+fp/hard\libc_nano.a(libc_a-wctomb_r.o)
                0x000000000800d1ba                __ascii_wctomb
 .text.fprintf  0x000000000800d1d4       0x24 C:/ST/STM32CubeIDE_1.9.0/STM32CubeIDE/plugins/com.st.stm32cube.ide.mcu.externaltools.gnu-tools-for-stm32.11.3.rel1.win32_1.1.0.202305231506/tools/bin/../lib/gcc/arm-none-eabi/11.3.1/../../../../arm-none-eabi/lib/thumb/v7e-m+fp/hard\libc_nano.a(libc_a-fprintf.o)
                0x000000000800d1d4                fiprintf
                0x000000000800d1d4                fprintf
 .text.abort    0x000000000800d1f8        0xe C:/ST/STM32CubeIDE_1.9.0/STM32CubeIDE/plugins/com.st.stm32cube.ide.mcu.externaltools.gnu-tools-for-stm32.11.3.rel1.win32_1.1.0.202305231506/tools/bin/../lib/gcc/arm-none-eabi/11.3.1/../../../../arm-none-eabi/lib/thumb/v7e-m+fp/hard\libc_nano.a(libc_a-abort.o)
                0x000000000800d1f8                abort
 .text._malloc_usable_size_r
                0x000000000800d206       0x10 C:/ST/STM32CubeIDE_1.9.0/STM32CubeIDE/plugins/com.st.stm32cube.ide.mcu.externaltools.gnu-tools-for-stm32.11.3.rel1.win32_1.1.0.202305231506/tools/bin/../lib/gcc/arm-none-eabi/11.3.1/../../../../arm-none-eabi/lib/thumb/v7e-m+fp/hard\libc_nano.a(libc_a-msizer.o)
                0x000000000800d206                _malloc_usable_size_r
 .text._raise_r
                0x000000000800d216       0x50 C:/ST/STM32CubeIDE_1.9.0/STM32CubeIDE/plugins/com.st.stm32cube.ide.mcu.externaltools.gnu-tools-for-stm32.11.3.rel1.win32_1.1.0.202305231506/tools/bin/../lib/gcc/arm-none-eabi/11.3.1/../../../../arm-none-eabi/lib/thumb/v7e-m+fp/hard\libc_nano.a(libc_a-signal.o)
                0x000000000800d216                _raise_r
 *fill*         0x000000000800d266        0x2 
 .text.raise    0x000000000800d268       0x10 C:/ST/STM32CubeIDE_1.9.0/STM32CubeIDE/plugins/com.st.stm32cube.ide.mcu.externaltools.gnu-tools-for-stm32.11.3.rel1.win32_1.1.0.202305231506/tools/bin/../lib/gcc/arm-none-eabi/11.3.1/../../../../arm-none-eabi/lib/thumb/v7e-m+fp/hard\libc_nano.a(libc_a-signal.o)
                0x000000000800d268                raise
 .text._kill_r  0x000000000800d278       0x24 C:/ST/STM32CubeIDE_1.9.0/STM32CubeIDE/plugins/com.st.stm32cube.ide.mcu.externaltools.gnu-tools-for-stm32.11.3.rel1.win32_1.1.0.202305231506/tools/bin/../lib/gcc/arm-none-eabi/11.3.1/../../../../arm-none-eabi/lib/thumb/v7e-m+fp/hard\libc_nano.a(libc_a-signalr.o)
                0x000000000800d278                _kill_r
 .text._getpid_r
                0x000000000800d29c        0x4 C:/ST/STM32CubeIDE_1.9.0/STM32CubeIDE/plugins/com.st.stm32cube.ide.mcu.externaltools.gnu-tools-for-stm32.11.3.rel1.win32_1.1.0.202305231506/tools/bin/../lib/gcc/arm-none-eabi/11.3.1/../../../../arm-none-eabi/lib/thumb/v7e-m+fp/hard\libc_nano.a(libc_a-signalr.o)
                0x000000000800d29c                _getpid_r
 .text.cos      0x000000000800d2a0       0xa8 C:/ST/STM32CubeIDE_1.9.0/STM32CubeIDE/plugins/com.st.stm32cube.ide.mcu.externaltools.gnu-tools-for-stm32.11.3.rel1.win32_1.1.0.202305231506/tools/bin/../lib/gcc/arm-none-eabi/11.3.1/../../../../arm-none-eabi/lib/thumb/v7e-m+fp/hard\libm.a(libm_a-s_cos.o)
                0x000000000800d2a0                cos
 .text.sin      0x000000000800d348       0xb0 C:/ST/STM32CubeIDE_1.9.0/STM32CubeIDE/plugins/com.st.stm32cube.ide.mcu.externaltools.gnu-tools-for-stm32.11.3.rel1.win32_1.1.0.202305231506/tools/bin/../lib/gcc/arm-none-eabi/11.3.1/../../../../arm-none-eabi/lib/thumb/v7e-m+fp/hard\libm.a(libm_a-s_sin.o)
                0x000000000800d348                sin
 .text.__kernel_cos
                0x000000000800d3f8      0x18c C:/ST/STM32CubeIDE_1.9.0/STM32CubeIDE/plugins/com.st.stm32cube.ide.mcu.externaltools.gnu-tools-for-stm32.11.3.rel1.win32_1.1.0.202305231506/tools/bin/../lib/gcc/arm-none-eabi/11.3.1/../../../../arm-none-eabi/lib/thumb/v7e-m+fp/hard\libm.a(libm_a-k_cos.o)
                0x000000000800d3f8                __kernel_cos
 *fill*         0x000000000800d584        0x4 
 .text.__kernel_sin
                0x000000000800d588      0x17c C:/ST/STM32CubeIDE_1.9.0/STM32CubeIDE/plugins/com.st.stm32cube.ide.mcu.externaltools.gnu-tools-for-stm32.11.3.rel1.win32_1.1.0.202305231506/tools/bin/../lib/gcc/arm-none-eabi/11.3.1/../../../../arm-none-eabi/lib/thumb/v7e-m+fp/hard\libm.a(libm_a-k_sin.o)
                0x000000000800d588                __kernel_sin
 *fill*         0x000000000800d704        0x4 
 .text.__ieee754_rem_pio2
                0x000000000800d708      0x40c C:/ST/STM32CubeIDE_1.9.0/STM32CubeIDE/plugins/com.st.stm32cube.ide.mcu.externaltools.gnu-tools-for-stm32.11.3.rel1.win32_1.1.0.202305231506/tools/bin/../lib/gcc/arm-none-eabi/11.3.1/../../../../arm-none-eabi/lib/thumb/v7e-m+fp/hard\libm.a(libm_a-e_rem_pio2.o)
                0x000000000800d708                __ieee754_rem_pio2
 .text.fabs     0x000000000800db14       0x12 C:/ST/STM32CubeIDE_1.9.0/STM32CubeIDE/plugins/com.st.stm32cube.ide.mcu.externaltools.gnu-tools-for-stm32.11.3.rel1.win32_1.1.0.202305231506/tools/bin/../lib/gcc/arm-none-eabi/11.3.1/../../../../arm-none-eabi/lib/thumb/v7e-m+fp/hard\libm.a(libm_a-s_fabs.o)
                0x000000000800db14                fabs
 *fill*         0x000000000800db26        0x2 
 .text.__kernel_rem_pio2
                0x000000000800db28      0x69c C:/ST/STM32CubeIDE_1.9.0/STM32CubeIDE/plugins/com.st.stm32cube.ide.mcu.externaltools.gnu-tools-for-stm32.11.3.rel1.win32_1.1.0.202305231506/tools/bin/../lib/gcc/arm-none-eabi/11.3.1/../../../../arm-none-eabi/lib/thumb/v7e-m+fp/hard\libm.a(libm_a-k_rem_pio2.o)
                0x000000000800db28                __kernel_rem_pio2
 *fill*         0x000000000800e1c4        0x4 
 .text.scalbn   0x000000000800e1c8       0xfc C:/ST/STM32CubeIDE_1.9.0/STM32CubeIDE/plugins/com.st.stm32cube.ide.mcu.externaltools.gnu-tools-for-stm32.11.3.rel1.win32_1.1.0.202305231506/tools/bin/../lib/gcc/arm-none-eabi/11.3.1/../../../../arm-none-eabi/lib/thumb/v7e-m+fp/hard\libm.a(libm_a-s_scalbn.o)
                0x000000000800e1c8                scalbn
 *fill*         0x000000000800e2c4        0x4 
 .text.floor    0x000000000800e2c8      0x100 C:/ST/STM32CubeIDE_1.9.0/STM32CubeIDE/plugins/com.st.stm32cube.ide.mcu.externaltools.gnu-tools-for-stm32.11.3.rel1.win32_1.1.0.202305231506/tools/bin/../lib/gcc/arm-none-eabi/11.3.1/../../../../arm-none-eabi/lib/thumb/v7e-m+fp/hard\libm.a(libm_a-s_floor.o)
                0x000000000800e2c8                floor