../Core/Src/dma_ring.c:9:6:dma_ring_init	0	static
../Core/Src/dma_ring.c:17:5:dma_ring_getc	0	static
../Core/Src/dma_ring.c:28:5:dma_ring_putc	0	static
../Core/Src/dma_ring.c:41:5:dma_ring_available	0	static
../Core/Src/dma_ring.c:49:5:dma_ring_available_linear	0	static
../Core/Src/dma_ring.c:57:10:dma_ring_get_w_ptr	0	static
../Core/Src/dma_ring.c:61:10:dma_ring_get_r_ptr	0	static
../Core/Src/dma_ring.c:65:6:dma_ring_forward_r_ptr	0	static
../Core/Src/dma_ring.c:76:6:dma_ring_set_w_ptr	0	static
../Core/Src/dma_ring.c:79:6:dma_ring_debug	8	static
