../Drivers/CMSIS/Include/core_cm4.h:1933:34:__NVIC_SystemReset	4	static,ignoring_inline_asm
../Core/Src/main.c:38:6:__io_putchar	16	static
../Core/Src/main.c:86:10:HAL_GetTick	4	static
../Core/Src/main.c:160:5:main	24	static
../Core/Src/main.c:305:6:SystemClock_Config	88	static
../Core/Src/main.c:347:6:HAL_TIM_PeriodElapsedCallback	96	static
../Core/Src/main.c:539:6:HAL_GPIO_EXTI_Callback	24	static
../Core/Src/main.c:569:6:HAL_FDCAN_RxFifo0Callback	16	static
../Core/Src/main.c:783:6:maintask_run	40	static
../Core/Src/main.c:837:6:maintask_emargency	16	static
../Core/Src/main.c:869:6:maintask_state_stop	8	static
../Core/Src/main.c:888:6:maintask_stop	8	static
../Core/Src/main.c:914:6:map	24	static
../Core/Src/main.c:918:7:normalizeAngle	16	static
../Core/Src/main.c:928:7:getAngleDiff	24	static
../Core/Src/main.c:942:9:decode_SW	24	static
../Core/Src/main.c:966:6:HAL_UART_RxCpltCallback	24	static
../Core/Src/main.c:1022:6:Error_Handler	8	static
