../Drivers/CMSIS/Include/core_cm4.h:1933:34:__NVIC_SystemReset	4	static,ignoring_inline_asm
../Core/Src/main.c:38:6:__io_putchar	16	static
../Core/Src/main.c:86:10:HAL_GetTick	4	static
../Core/Src/main.c:159:5:main	24	static
../Core/Src/main.c:303:6:SystemClock_Config	88	static
../Core/Src/main.c:345:6:HAL_TIM_PeriodElapsedCallback	96	static
../Core/Src/main.c:525:6:HAL_GPIO_EXTI_Callback	24	static
../Core/Src/main.c:555:6:HAL_FDCAN_RxFifo0Callback	16	static
../Core/Src/main.c:769:6:maintask_run	40	static
../Core/Src/main.c:820:6:maintask_emargency	16	static
../Core/Src/main.c:852:6:maintask_state_stop	8	static
../Core/Src/main.c:871:6:maintask_stop	8	static
../Core/Src/main.c:897:6:map	24	static
../Core/Src/main.c:901:7:normalizeAngle	16	static
../Core/Src/main.c:911:7:getAngleDiff	24	static
../Core/Src/main.c:925:9:decode_SW	24	static
../Core/Src/main.c:949:6:HAL_UART_RxCpltCallback	24	static
../Core/Src/main.c:1005:6:Error_Handler	8	static
