../Core/Src/util.c:5:7:dtor	8	static
../Core/Src/util.c:9:7:rtod	8	static
../Core/Src/util.c:13:5:sign	0	static
../Core/Src/util.c:19:5:fsign	0	static
../Core/Src/util.c:25:7:floatlimit	0	static
../Core/Src/util.c:32:7:constrain	0	static
../Core/Src/util.c:38:7:area	0	static
../Core/Src/util.c:47:7:max	0	static
../Core/Src/util.c:52:7:min	0	static
../Core/Src/util.c:57:7:abs_max	0	static
../Core/Src/util.c:62:7:abs_min	0	static
../Core/Src/util.c:72:5:uchar4_to_int	0	static
../Core/Src/util.c:81:6:int_to_uchar4	0	static
../Core/Src/util.c:96:16:uchar2_to_ushort	0	static
../Core/Src/util.c:103:6:ushort_to_uchar2	0	static
../Core/Src/util.c:115:7:uchar4_to_float	0	static
../Core/Src/util.c:124:6:float_to_uchar4	8	static
../Core/Src/util.c:133:7:deg_to_radian	8	static
../Core/Src/util.c:138:7:radian_to_deg	8	static
