Archive member included to satisfy reference by file (symbol)

C:/ST/STM32CubeIDE_1.10.1/STM32CubeIDE/plugins/com.st.stm32cube.ide.mcu.externaltools.gnu-tools-for-stm32.11.3.rel1.win32_1.1.0.202305231506/tools/bin/../lib/gcc/arm-none-eabi/11.3.1/../../../../arm-none-eabi/lib/thumb/v7e-m+fp/hard\libc_nano.a(libc_a-exit.o)
                              C:/ST/STM32CubeIDE_1.10.1/STM32CubeIDE/plugins/com.st.stm32cube.ide.mcu.externaltools.gnu-tools-for-stm32.11.3.rel1.win32_1.1.0.202305231506/tools/bin/../lib/gcc/arm-none-eabi/11.3.1/../../../../arm-none-eabi/lib/thumb/v7e-m+fp/hard/crt0.o (exit)
C:/ST/STM32CubeIDE_1.10.1/STM32CubeIDE/plugins/com.st.stm32cube.ide.mcu.externaltools.gnu-tools-for-stm32.11.3.rel1.win32_1.1.0.202305231506/tools/bin/../lib/gcc/arm-none-eabi/11.3.1/../../../../arm-none-eabi/lib/thumb/v7e-m+fp/hard\libc_nano.a(libc_a-malloc.o)
                              ./Core/Src/ring_buffer.o (malloc)
C:/ST/STM32CubeIDE_1.10.1/STM32CubeIDE/plugins/com.st.stm32cube.ide.mcu.externaltools.gnu-tools-for-stm32.11.3.rel1.win32_1.1.0.202305231506/tools/bin/../lib/gcc/arm-none-eabi/11.3.1/../../../../arm-none-eabi/lib/thumb/v7e-m+fp/hard\libc_nano.a(libc_a-mallocr.o)
                              C:/ST/STM32CubeIDE_1.10.1/STM32CubeIDE/plugins/com.st.stm32cube.ide.mcu.externaltools.gnu-tools-for-stm32.11.3.rel1.win32_1.1.0.202305231506/tools/bin/../lib/gcc/arm-none-eabi/11.3.1/../../../../arm-none-eabi/lib/thumb/v7e-m+fp/hard\libc_nano.a(libc_a-malloc.o) (_malloc_r)
C:/ST/STM32CubeIDE_1.10.1/STM32CubeIDE/plugins/com.st.stm32cube.ide.mcu.externaltools.gnu-tools-for-stm32.11.3.rel1.win32_1.1.0.202305231506/tools/bin/../lib/gcc/arm-none-eabi/11.3.1/../../../../arm-none-eabi/lib/thumb/v7e-m+fp/hard\libc_nano.a(libc_a-mlock.o)
                              C:/ST/STM32CubeIDE_1.10.1/STM32CubeIDE/plugins/com.st.stm32cube.ide.mcu.externaltools.gnu-tools-for-stm32.11.3.rel1.win32_1.1.0.202305231506/tools/bin/../lib/gcc/arm-none-eabi/11.3.1/../../../../arm-none-eabi/lib/thumb/v7e-m+fp/hard\libc_nano.a(libc_a-mallocr.o) (__malloc_lock)
C:/ST/STM32CubeIDE_1.10.1/STM32CubeIDE/plugins/com.st.stm32cube.ide.mcu.externaltools.gnu-tools-for-stm32.11.3.rel1.win32_1.1.0.202305231506/tools/bin/../lib/gcc/arm-none-eabi/11.3.1/../../../../arm-none-eabi/lib/thumb/v7e-m+fp/hard\libc_nano.a(libc_a-findfp.o)
                              C:/ST/STM32CubeIDE_1.10.1/STM32CubeIDE/plugins/com.st.stm32cube.ide.mcu.externaltools.gnu-tools-for-stm32.11.3.rel1.win32_1.1.0.202305231506/tools/bin/../lib/gcc/arm-none-eabi/11.3.1/../../../../arm-none-eabi/lib/thumb/v7e-m+fp/hard\libc_nano.a(libc_a-exit.o) (__stdio_exit_handler)
C:/ST/STM32CubeIDE_1.10.1/STM32CubeIDE/plugins/com.st.stm32cube.ide.mcu.externaltools.gnu-tools-for-stm32.11.3.rel1.win32_1.1.0.202305231506/tools/bin/../lib/gcc/arm-none-eabi/11.3.1/../../../../arm-none-eabi/lib/thumb/v7e-m+fp/hard\libc_nano.a(libc_a-fwalk.o)
                              C:/ST/STM32CubeIDE_1.10.1/STM32CubeIDE/plugins/com.st.stm32cube.ide.mcu.externaltools.gnu-tools-for-stm32.11.3.rel1.win32_1.1.0.202305231506/tools/bin/../lib/gcc/arm-none-eabi/11.3.1/../../../../arm-none-eabi/lib/thumb/v7e-m+fp/hard\libc_nano.a(libc_a-findfp.o) (_fwalk_sglue)
C:/ST/STM32CubeIDE_1.10.1/STM32CubeIDE/plugins/com.st.stm32cube.ide.mcu.externaltools.gnu-tools-for-stm32.11.3.rel1.win32_1.1.0.202305231506/tools/bin/../lib/gcc/arm-none-eabi/11.3.1/../../../../arm-none-eabi/lib/thumb/v7e-m+fp/hard\libc_nano.a(libc_a-printf.o)
                              ./Core/Src/icm20602_spi.o (printf)
C:/ST/STM32CubeIDE_1.10.1/STM32CubeIDE/plugins/com.st.stm32cube.ide.mcu.externaltools.gnu-tools-for-stm32.11.3.rel1.win32_1.1.0.202305231506/tools/bin/../lib/gcc/arm-none-eabi/11.3.1/../../../../arm-none-eabi/lib/thumb/v7e-m+fp/hard\libc_nano.a(libc_a-puts.o)
                              ./Core/Src/icm20602_spi.o (puts)
C:/ST/STM32CubeIDE_1.10.1/STM32CubeIDE/plugins/com.st.stm32cube.ide.mcu.externaltools.gnu-tools-for-stm32.11.3.rel1.win32_1.1.0.202305231506/tools/bin/../lib/gcc/arm-none-eabi/11.3.1/../../../../arm-none-eabi/lib/thumb/v7e-m+fp/hard\libc_nano.a(libc_a-setbuf.o)
                              ./Core/Src/main.o (setbuf)
C:/ST/STM32CubeIDE_1.10.1/STM32CubeIDE/plugins/com.st.stm32cube.ide.mcu.externaltools.gnu-tools-for-stm32.11.3.rel1.win32_1.1.0.202305231506/tools/bin/../lib/gcc/arm-none-eabi/11.3.1/../../../../arm-none-eabi/lib/thumb/v7e-m+fp/hard\libc_nano.a(libc_a-setvbuf.o)
                              C:/ST/STM32CubeIDE_1.10.1/STM32CubeIDE/plugins/com.st.stm32cube.ide.mcu.externaltools.gnu-tools-for-stm32.11.3.rel1.win32_1.1.0.202305231506/tools/bin/../lib/gcc/arm-none-eabi/11.3.1/../../../../arm-none-eabi/lib/thumb/v7e-m+fp/hard\libc_nano.a(libc_a-setbuf.o) (setvbuf)
[...]
Memory Configuration

Name             Origin             Length             Attributes
RAM              0x0000000020000000 0x0000000000020000 xrw
FLASH            0x0000000008000000 0x0000000000080000 xr
*default*        0x0000000000000000 0xffffffffffffffff

Linker script and memory map

LOAD C:/ST/STM32CubeIDE_1.10.1/STM32CubeIDE/plugins/com.st.stm32cube.ide.mcu.externaltools.gnu-tools-for-stm32.11.3.rel1.win32_1.1.0.202305231506/tools/bin/../lib/gcc/arm-none-eabi/11.3.1/thumb/v7e-m+fp/hard/crti.o
LOAD C:/ST/STM32CubeIDE_1.10.1/STM32CubeIDE/plugins/com.st.stm32cube.ide.mcu.externaltools.gnu-tools-for-stm32.11.3.rel1.win32_1.1.0.202305231506/tools/bin/../lib/gcc/arm-none-eabi/11.3.1/thumb/v7e-m+fp/hard/crtbegin.o
LOAD C:/ST/STM32CubeIDE_1.10.1/STM32CubeIDE/plugins/com.st.stm32cube.ide.mcu.externaltools.gnu-tools-for-stm32.11.3.rel1.win32_1.1.0.202305231506/tools/bin/../lib/gcc/arm-none-eabi/11.3.1/../../../../arm-none-eabi/lib/thumb/v7e-m+fp/hard/crt0.o
LOAD ./Core/Src/actuator.o
LOAD ./Core/Src/adc.o
LOAD ./Core/Src/ai_comm.o
LOAD ./Core/Src/can_ibis.o
LOAD ./Core/Src/dma.o
LOAD ./Core/Src/fdcan.o
LOAD ./Core/Src/gpio.o
LOAD ./Core/Src/icm20602_spi.o
LOAD ./Core/Src/keeper.o
LOAD ./Core/Src/main.o
LOAD ./Core/Src/microsectimer.o
LOAD ./Core/Src/myatan2.o
LOAD ./Core/Src/odom.o
LOAD ./Core/Src/omni_wheel.o
LOAD ./Core/Src/ring_buffer.o
LOAD ./Core/Src/spi.o
LOAD ./Core/Src/stm32g4xx_hal_msp.o
LOAD ./Core/Src/stm32g4xx_it.o
LOAD ./Core/Src/syscalls.o
LOAD ./Core/Src/system_stm32g4xx.o
LOAD ./Core/Src/test_func.o
LOAD ./Core/Src/tim.o
LOAD ./Core/Src/usart.o
LOAD ./Core/Src/util.o
LOAD ./Core/Startup/startup_stm32g474retx.o
LOAD ./Drivers/STM32G4xx_HAL_Driver/Src/stm32g4xx_hal.o
LOAD ./Drivers/STM32G4xx_HAL_Driver/Src/stm32g4xx_hal_adc.o
LOAD ./Drivers/STM32G4xx_HAL_Driver/Src/stm32g4xx_hal_adc_ex.o
LOAD ./Drivers/STM32G4xx_HAL_Driver/Src/stm32g4xx_hal_cortex.o
LOAD ./Drivers/STM32G4xx_HAL_Driver/Src/stm32g4xx_hal_dma.o
LOAD ./Drivers/STM32G4xx_HAL_Driver/Src/stm32g4xx_hal_dma_ex.o
LOAD ./Drivers/STM32G4xx_HAL_Driver/Src/stm32g4xx_hal_exti.o
LOAD ./Drivers/STM32G4xx_HAL_Driver/Src/stm32g4xx_hal_fdcan.o
LOAD ./Drivers/STM32G4xx_HAL_Driver/Src/stm32g4xx_hal_flash.o
LOAD ./Drivers/STM32G4xx_HAL_Driver/Src/stm32g4xx_hal_flash_ex.o
LOAD ./Drivers/STM32G4xx_HAL_Driver/Src/stm32g4xx_hal_flash_ramfunc.o
LOAD ./Drivers/STM32G4xx_HAL_Driver/Src/stm32g4xx_hal_gpio.o
LOAD ./Drivers/STM32G4xx_HAL_Driver/Src/stm32g4xx_hal_pwr.o
LOAD ./Drivers/STM32G4xx_HAL_Driver/Src/stm32g4xx_hal_pwr_ex.o
LOAD ./Drivers/STM32G4xx_HAL_Driver/Src/stm32g4xx_hal_rcc.o
LOAD ./Drivers/STM32G4xx_HAL_Driver/Src/stm32g4xx_hal_rcc_ex.o
LOAD ./Drivers/STM32G4xx_HAL_Driver/Src/stm32g4xx_hal_spi.o
LOAD ./Drivers/STM32G4xx_HAL_Driver/Src/stm32g4xx_hal_spi_ex.o
LOAD ./Drivers/STM32G4xx_HAL_Driver/Src/stm32g4xx_hal_tim.o
LOAD ./Drivers/STM32G4xx_HAL_Driver/Src/stm32g4xx_hal_tim_ex.o
LOAD ./Drivers/STM32G4xx_HAL_Driver/Src/stm32g4xx_hal_uart.o
LOAD ./Drivers/STM32G4xx_HAL_Driver/Src/stm32g4xx_hal_uart_ex.o
LOAD ./Drivers/STM32G4xx_HAL_Driver/Src/stm32g4xx_ll_adc.o
START GROUP
LOAD C:/ST/STM32CubeIDE_1.10.1/STM32CubeIDE/plugins/com.st.stm32cube.ide.mcu.externaltools.gnu-tools-for-stm32.11.3.rel1.win32_1.1.0.202305231506/tools/bin/../lib/gcc/arm-none-eabi/11.3.1/../../../../arm-none-eabi/lib/thumb/v7e-m+fp/hard\libc_nano.a
LOAD C:/ST/STM32CubeIDE_1.10.1/STM32CubeIDE/plugins/com.st.stm32cube.ide.mcu.externaltools.gnu-tools-for-stm32.11.3.rel1.win32_1.1.0.202305231506/tools/bin/../lib/gcc/arm-none-eabi/11.3.1/../../../../arm-none-eabi/lib/thumb/v7e-m+fp/hard\libm.a
END GROUP
START GROUP
LOAD C:/ST/STM32CubeIDE_1.10.1/STM32CubeIDE/plugins/com.st.stm32cube.ide.mcu.externaltools.gnu-tools-for-stm32.11.3.rel1.win32_1.1.0.202305231506/tools/bin/../lib/gcc/arm-none-eabi/11.3.1/thumb/v7e-m+fp/hard\libgcc.a
LOAD C:/ST/STM32CubeIDE_1.10.1/STM32CubeIDE/plugins/com.st.stm32cube.ide.mcu.externaltools.gnu-tools-for-stm32.11.3.rel1.win32_1.1.0.202305231506/tools/bin/../lib/gcc/arm-none-eabi/11.3.1/../../../../arm-none-eabi/lib/thumb/v7e-m+fp/hard\libc_nano.a
END GROUP
START GROUP
LOAD C:/ST/STM32CubeIDE_1.10.1/STM32CubeIDE/plugins/com.st.stm32cube.ide.mcu.externaltools.gnu-tools-for-stm32.11.3.rel1.win32_1.1.0.202305231506/tools/bin/../lib/gcc/arm-none-eabi/11.3.1/thumb/v7e-m+fp/hard\libgcc.a
LOAD C:/ST/STM32CubeIDE_1.10.1/STM32CubeIDE/plugins/com.st.stm32cube.ide.mcu.externaltools.gnu-tools-for-stm32.11.3.rel1.win32_1.1.0.202305231506/tools/bin/../lib/gcc/arm-none-eabi/11.3.1/../../../../arm-none-eabi/lib/thumb/v7e-m+fp/hard\libc_nano.a
LOAD C:/ST/STM32CubeIDE_1.10.1/STM32CubeIDE/plugins/com.st.stm32cube.ide.mcu.externaltools.gnu-tools-for-stm32.11.3.rel1.win32_1.1.0.202305231506/tools/bin/../lib/gcc/arm-none-eabi/11.3.1/../../../../arm-none-eabi/lib/thumb/v7e-m+fp/hard\libnosys.a
END GROUP
START GROUP
LOAD C:/ST/STM32CubeIDE_1.10.1/STM32CubeIDE/plugins/com.st.stm32cube.ide.mcu.externaltools.gnu-tools-for-stm32.11.3.rel1.win32_1.1.0.202305231506/tools/bin/../lib/gcc/arm-none-eabi/11.3.1/thumb/v7e-m+fp/hard\libgcc.a
LOAD C:/ST/STM32CubeIDE_1.10.1/STM32CubeIDE/plugins/com.st.stm32cube.ide.mcu.externaltools.gnu-tools-for-stm32.11.3.rel1.win32_1.1.0.202305231506/tools/bin/../lib/gcc/arm-none-eabi/11.3.1/../../../../arm-none-eabi/lib/thumb/v7e-m+fp/hard\libc_nano.a
LOAD C:/ST/STM32CubeIDE_1.10.1/STM32CubeIDE/plugins/com.st.stm32cube.ide.mcu.externaltools.gnu-tools-for-stm32.11.3.rel1.win32_1.1.0.202305231506/tools/bin/../lib/gcc/arm-none-eabi/11.3.1/../../../../arm-none-eabi/lib/thumb/v7e-m+fp/hard\libnosys.a
END GROUP
LOAD C:/ST/STM32CubeIDE_1.10.1/STM32CubeIDE/plugins/com.st.stm32cube.ide.mcu.externaltools.gnu-tools-for-stm32.11.3.rel1.win32_1.1.0.202305231506/tools/bin/../lib/gcc/arm-none-eabi/11.3.1/thumb/v7e-m+fp/hard/crtend.o
LOAD C:/ST/STM32CubeIDE_1.10.1/STM32CubeIDE/plugins/com.st.stm32cube.ide.mcu.externaltools.gnu-tools-for-stm32.11.3.rel1.win32_1.1.0.202305231506/tools/bin/../lib/gcc/arm-none-eabi/11.3.1/thumb/v7e-m+fp/hard/crtn.o
                0x0000000020020000                _estack = (ORIGIN (RAM) + LENGTH (RAM))
                0x0000000000000200                _Min_Heap_Size = 0x200
                0x0000000000000400                _Min_Stack_Size = 0x400

.isr_vector     0x0000000008000000      0x1d8
                0x0000000008000000                . = ALIGN (0x4)
 *(.isr_vector)
 .isr_vector    0x0000000008000000      0x1d8 ./Core/Startup/startup_stm32g474retx.o
                0x0000000008000000                g_pfnVectors
                0x00000000080001d8                . = ALIGN (0x4)

.text           0x00000000080001e0     0xd194
                0x00000000080001e0                . = ALIGN (0x4)
 *(.text)
 .text          0x00000000080001e0       0x40 C:/ST/STM32CubeIDE_1.10.1/STM32CubeIDE/plugins/com.st.stm32cube.ide.mcu.externaltools.gnu-tools-for-stm32.11.3.rel1.win32_1.1.0.202305231506/tools/bin/../lib/gcc/arm-none-eabi/11.3.1/thumb/v7e-m+fp/hard/crtbegin.o
 .text          0x0000000008000220       0x10 C:/ST/STM32CubeIDE_1.10.1/STM32CubeIDE/plugins/com.st.stm32cube.ide.mcu.externaltools.gnu-tools-for-stm32.11.3.rel1.win32_1.1.0.202305231506/tools/bin/../lib/gcc/arm-none-eabi/11.3.1/../../../../arm-none-eabi/lib/thumb/v7e-m+fp/hard\libc_nano.a(libc_a-strlen.o)
                0x0000000008000220                strlen
 .text          0x0000000008000230       0xa0 C:/ST/STM32CubeIDE_1.10.1/STM32CubeIDE/plugins/com.st.stm32cube.ide.mcu.externaltools.gnu-tools-for-stm32.11.3.rel1.win32_1.1.0.202305231506/tools/bin/../lib/gcc/arm-none-eabi/11.3.1/../../../../arm-none-eabi/lib/thumb/v7e-m+fp/hard\libc_nano.a(libc_a-memchr.o)
                0x0000000008000230                memchr
 .text          0x00000000080002d0      0x378 C:/ST/STM32CubeIDE_1.10.1/STM32CubeIDE/plugins/com.st.stm32cube.ide.mcu.externaltools.gnu-tools-for-stm32.11.3.rel1.win32_1.1.0.202305231506/tools/bin/../lib/gcc/arm-none-eabi/11.3.1/thumb/v7e-m+fp/hard\libgcc.a(_arm_addsubdf3.o)
                0x00000000080002d0                __aeabi_drsub
                0x00000000080002d8                __aeabi_dsub
                0x00000000080002d8                __subdf3
                0x00000000080002dc                __aeabi_dadd
                0x00000000080002dc                __adddf3
                0x0000000008000554                __floatunsidf
                0x0000000008000554                __aeabi_ui2d
                0x0000000008000574                __floatsidf
                0x0000000008000574                __aeabi_i2d
                0x0000000008000598                __aeabi_f2d
                0x0000000008000598                __extendsfdf2
                0x00000000080005dc                __floatundidf
                0x00000000080005dc                __aeabi_ul2d
                0x00000000080005ec                __floatdidf
                0x00000000080005ec                __aeabi_l2d
 .text          0x0000000008000648      0x424 C:/ST/STM32CubeIDE_1.10.1/STM32CubeIDE/plugins/com.st.stm32cube.ide.mcu.externaltools.gnu-tools-for-stm32.11.3.rel1.win32_1.1.0.202305231506/tools/bin/../lib/gcc/arm-none-eabi/11.3.1/thumb/v7e-m+fp/hard\libgcc.a(_arm_muldivdf3.o)
                0x0000000008000648                __aeabi_dmul
                0x0000000008000648                __muldf3
                0x000000000800089c                __divdf3
                0x000000000800089c                __aeabi_ddiv
 .text          0x0000000008000a6c      0x110 C:/ST/STM32CubeIDE_1.10.1/STM32CubeIDE/plugins/com.st.stm32cube.ide.mcu.externaltools.gnu-tools-for-stm32.11.3.rel1.win32_1.1.0.202305231506/tools/bin/../lib/gcc/arm-none-eabi/11.3.1/thumb/v7e-m+fp/hard\libgcc.a(_arm_cmpdf2.o)
                0x0000000008000a6c                __gtdf2
                0x0000000008000a6c                __gedf2
                0x0000000008000a74                __ltdf2
                0x0000000008000a74                __ledf2
                0x0000000008000a7c                __nedf2
                0x0000000008000a7c                __eqdf2
                0x0000000008000a7c                __cmpdf2
                0x0000000008000af8                __aeabi_cdrcmple
                0x0000000008000b08                __aeabi_cdcmpeq
                0x0000000008000b08                __aeabi_cdcmple
                0x0000000008000b18                __aeabi_dcmpeq
                0x0000000008000b2c                __aeabi_dcmplt
                0x0000000008000b40                __aeabi_dcmple
                0x0000000008000b54                __aeabi_dcmpge
                0x0000000008000b68                __aeabi_dcmpgt
 .text          0x0000000008000b7c       0x2c C:/ST/STM32CubeIDE_1.10.1/STM32CubeIDE/plugins/com.st.stm32cube.ide.mcu.externaltools.gnu-tools-for-stm32.11.3.rel1.win32_1.1.0.202305231506/tools/bin/../lib/gcc/arm-none-eabi/11.3.1/thumb/v7e-m+fp/hard\libgcc.a(_arm_unorddf2.o)
                0x0000000008000b7c                __unorddf2
                0x0000000008000b7c                __aeabi_dcmpun
 .text          0x0000000008000ba8       0x50 C:/ST/STM32CubeIDE_1.10.1/STM32CubeIDE/plugins/com.st.stm32cube.ide.mcu.externaltools.gnu-tools-for-stm32.11.3.rel1.win32_1.1.0.202305231506/tools/bin/../lib/gcc/arm-none-eabi/11.3.1/thumb/v7e-m+fp/hard\libgcc.a(_arm_fixdfsi.o)
                0x0000000008000ba8                __aeabi_d2iz
                0x0000000008000ba8                __fixdfsi
 .text          0x0000000008000bf8       0x40 C:/ST/STM32CubeIDE_1.10.1/STM32CubeIDE/plugins/com.st.stm32cube.ide.mcu.externaltools.gnu-tools-for-stm32.11.3.rel1.win32_1.1.0.202305231506/tools/bin/../lib/gcc/arm-none-eabi/11.3.1/thumb/v7e-m+fp/hard\libgcc.a(_arm_fixunsdfsi.o)
                0x0000000008000bf8                __aeabi_d2uiz
                0x0000000008000bf8                __fixunsdfsi
 .text          0x0000000008000c38       0xa0 C:/ST/STM32CubeIDE_1.10.1/STM32CubeIDE/plugins/com.st.stm32cube.ide.mcu.externaltools.gnu-tools-for-stm32.11.3.rel1.win32_1.1.0.202305231506/tools/bin/../lib/gcc/arm-none-eabi/11.3.1/thumb/v7e-m+fp/hard\libgcc.a(_arm_truncdfsf2.o)
                0x0000000008000c38                __truncdfsf2
                0x0000000008000c38                __aeabi_d2f
 .text          0x0000000008000cd8       0x30 C:/ST/STM32CubeIDE_1.10.1/STM32CubeIDE/plugins/com.st.stm32cube.ide.mcu.externaltools.gnu-tools-for-stm32.11.3.rel1.win32_1.1.0.202305231506/tools/bin/../lib/gcc/arm-none-eabi/11.3.1/thumb/v7e-m+fp/hard\libgcc.a(_aeabi_uldivmod.o)
                0x0000000008000cd8                __aeabi_uldivmod
 .text          0x0000000008000d08      0x2c8 C:/ST/STM32CubeIDE_1.10.1/STM32CubeIDE/plugins/com.st.stm32cube.ide.mcu.externaltools.gnu-tools-for-stm32.11.3.rel1.win32_1.1.0.202305231506/tools/bin/../lib/gcc/arm-none-eabi/11.3.1/thumb/v7e-m+fp/hard\libgcc.a(_udivmoddi4.o)
                0x0000000008000d08                __udivmoddi4
 .text          0x0000000008000fd0        0x4 C:/ST/STM32CubeIDE_1.10.1/STM32CubeIDE/plugins/com.st.stm32cube.ide.mcu.externaltools.gnu-tools-for-stm32.11.3.rel1.win32_1.1.0.202305231506/tools/bin/../lib/gcc/arm-none-eabi/11.3.1/thumb/v7e-m+fp/hard\libgcc.a(_dvmd_tls.o)
                0x0000000008000fd0                __aeabi_idiv0
                0x0000000008000fd0                __aeabi_ldiv0
 *(.text*)
 .text.motor_cmd_can1
                0x0000000008000fd4       0x3a ./Core/Src/actuator.o
 .text.actuator_motor1
                0x000000000800100e        0x8 ./Core/Src/actuator.o
                0x000000000800100e                actuator_motor1
 .text.actuator_motor2
                0x0000000008001016        0x8 ./Core/Src/actuator.o
                0x0000000008001016                actuator_motor2
 .text.actuator_motor3
                0x000000000800101e       0x3c ./Core/Src/actuator.o
                0x000000000800101e                actuator_motor3
 .text.actuator_motor4
                0x000000000800105a       0x3c ./Core/Src/actuator.o
                0x000000000800105a                actuator_motor4
 .text.actuator_motor5
                0x0000000008001096        0x8 ./Core/Src/actuator.o
                0x0000000008001096                actuator_motor5
 *fill*         0x000000000800109e        0x2 
 .text.actuator_dribbler_up
                0x00000000080010a0       0x14 ./Core/Src/actuator.o
                0x00000000080010a0                actuator_dribbler_up
 .text.actuator_dribbler_down
                0x00000000080010b4       0x14 ./Core/Src/actuator.o
                0x00000000080010b4                actuator_dribbler_down
 .text.actuator_kicker_voltage
                0x00000000080010c8       0x1e ./Core/Src/actuator.o
                0x00000000080010c8                actuator_kicker_voltage
 .text.actuator_kicker
                0x00000000080010e6       0x24 ./Core/Src/actuator.o
                0x00000000080010e6                actuator_kicker
 .text.actuator_power_ONOFF
                0x000000000800110a       0x22 ./Core/Src/actuator.o
                0x000000000800110a                actuator_power_ONOFF
 .text.actuator_power_param
                0x000000000800112c       0x1c ./Core/Src/actuator.o
                0x000000000800112c                actuator_power_param
 .text.actuator_buzzer
                0x0000000008001148       0x24 ./Core/Src/actuator.o
                0x0000000008001148                actuator_buzzer
 .text.actuator_buzzer_off
                0x000000000800116c       0x10 ./Core/Src/actuator.o
                0x000000000800116c                actuator_buzzer_off
 .text.actuator_buzzer_frq_on
                0x000000000800117c       0x24 ./Core/Src/actuator.o
                0x000000000800117c                actuator_buzzer_frq_on
 .text.actuator_buzzer_frq
                0x00000000080011a0       0x12 ./Core/Src/actuator.o
                0x00000000080011a0                actuator_buzzer_frq
 .text.actuator_motor_calib
                0x00000000080011b2       0x2a ./Core/Src/actuator.o
                0x00000000080011b2                actuator_motor_calib
 .text.MX_ADC1_Init
                0x00000000080011dc       0xa4 ./Core/Src/adc.o
                0x00000000080011dc                MX_ADC1_Init
 .text.MX_ADC3_Init
                0x0000000008001280       0xa8 ./Core/Src/adc.o
                0x0000000008001280                MX_ADC3_Init
 .text.MX_ADC5_Init
                0x0000000008001328       0x94 ./Core/Src/adc.o
                0x0000000008001328                MX_ADC5_Init
 .text.HAL_ADC_MspInit
                0x00000000080013bc      0x1bc ./Core/Src/adc.o
                0x00000000080013bc                HAL_ADC_MspInit
 .text.resetAiCmdData
                0x0000000008001578       0x28 ./Core/Src/ai_comm.o
                0x0000000008001578                resetAiCmdData
 .text.parseRxCmd
                0x00000000080015a0      0x24c ./Core/Src/ai_comm.o
                0x00000000080015a0                parseRxCmd
 .text.sendRobotInfo
                0x00000000080017ec      0x220 ./Core/Src/ai_comm.o
                0x00000000080017ec                sendRobotInfo
 .text.can1_init_ibis
                0x0000000008001a0c       0x38 ./Core/Src/can_ibis.o
                0x0000000008001a0c                can1_init_ibis
 .text.can1_send
                0x0000000008001a44       0x44 ./Core/Src/can_ibis.o
                0x0000000008001a44                can1_send
 .text.can2_init_ibis
                0x0000000008001a88       0x38 ./Core/Src/can_ibis.o
                0x0000000008001a88                can2_init_ibis
 .text.can2_send
                0x0000000008001ac0       0x44 ./Core/Src/can_ibis.o
                0x0000000008001ac0                can2_send
 *fill*         0x0000000008001b04        0x4 
 .text.HAL_FDCAN_RxFifo0Callback
                0x0000000008001b08      0x208 ./Core/Src/can_ibis.o
                0x0000000008001b08                HAL_FDCAN_RxFifo0Callback
 .text.MX_DMA_Init
                0x0000000008001d10       0xa4 ./Core/Src/dma.o
                0x0000000008001d10                MX_DMA_Init
 .text.MX_FDCAN1_Init
                0x0000000008001db4       0x50 ./Core/Src/fdcan.o
                0x0000000008001db4                MX_FDCAN1_Init
 .text.MX_FDCAN2_Init
                0x0000000008001e04       0x50 ./Core/Src/fdcan.o
                0x0000000008001e04                MX_FDCAN2_Init
 .text.HAL_FDCAN_MspInit
                0x0000000008001e54      0x14c ./Core/Src/fdcan.o
                0x0000000008001e54                HAL_FDCAN_MspInit
 .text.MX_GPIO_Init
                0x0000000008001fa0      0x130 ./Core/Src/gpio.o
                0x0000000008001fa0                MX_GPIO_Init
 .text.ICM20602_writeByte
                0x00000000080020d0       0x54 ./Core/Src/icm20602_spi.o
                0x00000000080020d0                ICM20602_writeByte
 .text.ICM20602_readByte
                0x0000000008002124       0x5c ./Core/Src/icm20602_spi.o
                0x0000000008002124                ICM20602_readByte
 .text.ICM20602_getGyrZvalue
                0x0000000008002180       0x18 ./Core/Src/icm20602_spi.o
                0x0000000008002180                ICM20602_getGyrZvalue
 .text.ICM20602_getIMUTemp
                0x0000000008002198       0x18 ./Core/Src/icm20602_spi.o
                0x0000000008002198                ICM20602_getIMUTemp
 .text.ICM20602_setAccRange
                0x00000000080021b0       0x40 ./Core/Src/icm20602_spi.o
                0x00000000080021b0                ICM20602_setAccRange
 .text.ICM20602_setGyroRange
                0x00000000080021f0       0x48 ./Core/Src/icm20602_spi.o
                0x00000000080021f0                ICM20602_setGyroRange
 .text.ICM20602_init
                0x0000000008002238       0x44 ./Core/Src/icm20602_spi.o
                0x0000000008002238                ICM20602_init
 .text.ICM20602_clearAngle
                0x000000000800227c       0x1c ./Core/Src/icm20602_spi.o
                0x000000000800227c                ICM20602_clearAngle
 .text.ICM20602_normAngle
                0x0000000008002298       0x40 ./Core/Src/icm20602_spi.o
                0x0000000008002298                ICM20602_normAngle
 .text.ICM20602_medianFilter
                0x00000000080022d8       0xe0 ./Core/Src/icm20602_spi.o
                0x00000000080022d8                ICM20602_medianFilter
 .text.ICM20602_IMU_calibration2
                0x00000000080023b8      0x1d8 ./Core/Src/icm20602_spi.o
                0x00000000080023b8                ICM20602_IMU_calibration2
 .text.ICM20602_IMU_compensate
                0x0000000008002590       0x50 ./Core/Src/icm20602_spi.o
                0x0000000008002590                ICM20602_IMU_compensate
 .text.ICM20602_read_IMU_data
                0x00000000080025e0       0xa4 ./Core/Src/icm20602_spi.o
                0x00000000080025e0                ICM20602_read_IMU_data
 .text.HAL_GetTick
                0x0000000008002684        0xc ./Core/Src/main.o
                0x0000000008002684                HAL_GetTick
 .text.__io_putchar
                0x0000000008002690       0x20 ./Core/Src/main.o
                0x0000000008002690                __io_putchar
 .text.p        0x00000000080026b0       0x30 ./Core/Src/main.o
                0x00000000080026b0                p
 .text.resetLocalSpeedControl
                0x00000000080026e0       0x24 ./Core/Src/main.o
                0x00000000080026e0                resetLocalSpeedControl
 .text.canRxTimeoutDetection
                0x0000000008002704       0x20 ./Core/Src/main.o
                0x0000000008002704                canRxTimeoutDetection
 .text.getModeSwitch
                0x0000000008002724       0x4c ./Core/Src/main.o
                0x0000000008002724                getModeSwitch
 .text.yawFilter
                0x0000000008002770      0x1d8 ./Core/Src/main.o
                0x0000000008002770                yawFilter
 .text.theta_control
                0x0000000008002948       0x94 ./Core/Src/main.o
                0x0000000008002948                theta_control
 *fill*         0x00000000080029dc        0x4 
 .text.accel_control
                0x00000000080029e0      0x210 ./Core/Src/main.o
                0x00000000080029e0                accel_control
 .text.speed_control
                0x0000000008002bf0      0x2dc ./Core/Src/main.o
                0x0000000008002bf0                speed_control
 .text.output_limit
                0x0000000008002ecc       0xec ./Core/Src/main.o
                0x0000000008002ecc                output_limit
 .text.send_accutuator_cmd_run
                0x0000000008002fb8       0xf8 ./Core/Src/main.o
                0x0000000008002fb8                send_accutuator_cmd_run
 .text.maintask_run
                0x00000000080030b0      0x2a4 ./Core/Src/main.o
                0x00000000080030b0                maintask_run
 .text.maintask_stop
                0x0000000008003354       0x44 ./Core/Src/main.o
                0x0000000008003354                maintask_stop
 .text.send_can_error
                0x0000000008003398       0x28 ./Core/Src/main.o
                0x0000000008003398                send_can_error
 .text.HAL_TIM_PeriodElapsedCallback
                0x00000000080033c0      0x2e8 ./Core/Src/main.o
                0x00000000080033c0                HAL_TIM_PeriodElapsedCallback
 .text.HAL_UART_RxCpltCallback
                0x00000000080036a8       0xd8 ./Core/Src/main.o
                0x00000000080036a8                HAL_UART_RxCpltCallback
 .text.Error_Handler
                0x0000000008003780       0x28 ./Core/Src/main.o
                0x0000000008003780                Error_Handler
 .text.SystemClock_Config
                0x00000000080037a8       0x66 ./Core/Src/main.o
                0x00000000080037a8                SystemClock_Config
 *fill*         0x000000000800380e        0x2 
 .text.startup.main
                0x0000000008003810      0xdb0 ./Core/Src/main.o
                0x0000000008003810                main
 .text.mouseOdometory
                0x00000000080045c0      0x1b0 ./Core/Src/odom.o
                0x00000000080045c0                mouseOdometory
 .text.omniOdometory
                0x0000000008004770      0x490 ./Core/Src/odom.o
                0x0000000008004770                omniOdometory
 .text.omni_move
                0x0000000008004c00       0xec ./Core/Src/omni_wheel.o
                0x0000000008004c00                omni_move
 .text.initRingBuffer
                0x0000000008004cec       0x26 ./Core/Src/ring_buffer.o
                0x0000000008004cec                initRingBuffer
 .text.enqueue  0x0000000008004d12       0x3c ./Core/Src/ring_buffer.o
                0x0000000008004d12                enqueue
 *fill*         0x0000000008004d4e        0x2 
 .text.sumNewestN
                0x0000000008004d50       0x44 ./Core/Src/ring_buffer.o
                0x0000000008004d50                sumNewestN
 .text.MX_SPI1_Init
                0x0000000008004d94       0x50 ./Core/Src/spi.o
                0x0000000008004d94                MX_SPI1_Init
 .text.HAL_SPI_MspInit
                0x0000000008004de4       0x60 ./Core/Src/spi.o
                0x0000000008004de4                HAL_SPI_MspInit
 .text.HAL_MspInit
                0x0000000008004e44       0x34 ./Core/Src/stm32g4xx_hal_msp.o
                0x0000000008004e44                HAL_MspInit
 .text.NMI_Handler
                0x0000000008004e78        0x2 ./Core/Src/stm32g4xx_it.o
                0x0000000008004e78                NMI_Handler
 .text.HardFault_Handler
                0x0000000008004e7a        0x2 ./Core/Src/stm32g4xx_it.o
                0x0000000008004e7a                HardFault_Handler
 .text.MemManage_Handler
                0x0000000008004e7c        0x2 ./Core/Src/stm32g4xx_it.o
                0x0000000008004e7c                MemManage_Handler
 .text.BusFault_Handler
                0x0000000008004e7e        0x2 ./Core/Src/stm32g4xx_it.o
                0x0000000008004e7e                BusFault_Handler
 .text.UsageFault_Handler
                0x0000000008004e80        0x2 ./Core/Src/stm32g4xx_it.o
                0x0000000008004e80                UsageFault_Handler
 .text.SVC_Handler
                0x0000000008004e82        0x2 ./Core/Src/stm32g4xx_it.o
                0x0000000008004e82                SVC_Handler
 .text.DebugMon_Handler
                0x0000000008004e84        0x2 ./Core/Src/stm32g4xx_it.o
                0x0000000008004e84                DebugMon_Handler
 .text.PendSV_Handler
                0x0000000008004e86        0x2 ./Core/Src/stm32g4xx_it.o
                0x0000000008004e86                PendSV_Handler
 .text.SysTick_Handler
                0x0000000008004e88        0x4 ./Core/Src/stm32g4xx_it.o
                0x0000000008004e88                SysTick_Handler
 .text.DMA1_Channel2_IRQHandler
                0x0000000008004e8c        0xc ./Core/Src/stm32g4xx_it.o
                0x0000000008004e8c                DMA1_Channel2_IRQHandler
 .text.DMA1_Channel3_IRQHandler
                0x0000000008004e98        0xc ./Core/Src/stm32g4xx_it.o
                0x0000000008004e98                DMA1_Channel3_IRQHandler
 .text.DMA1_Channel4_IRQHandler
                0x0000000008004ea4        0xc ./Core/Src/stm32g4xx_it.o
                0x0000000008004ea4                DMA1_Channel4_IRQHandler
 .text.DMA1_Channel5_IRQHandler
                0x0000000008004eb0        0xc ./Core/Src/stm32g4xx_it.o
                0x0000000008004eb0                DMA1_Channel5_IRQHandler
 .text.DMA1_Channel6_IRQHandler
                0x0000000008004ebc        0xc ./Core/Src/stm32g4xx_it.o
                0x0000000008004ebc                DMA1_Channel6_IRQHandler
 .text.DMA1_Channel7_IRQHandler
                0x0000000008004ec8        0xc ./Core/Src/stm32g4xx_it.o
                0x0000000008004ec8                DMA1_Channel7_IRQHandler
 .text.FDCAN1_IT0_IRQHandler
                0x0000000008004ed4        0xc ./Core/Src/stm32g4xx_it.o
                0x0000000008004ed4                FDCAN1_IT0_IRQHandler
 .text.FDCAN1_IT1_IRQHandler
                0x0000000008004ee0        0x4 ./Core/Src/stm32g4xx_it.o
                0x0000000008004ee0                FDCAN1_IT1_IRQHandler
 .text.USART2_IRQHandler
                0x0000000008004ee4        0xc ./Core/Src/stm32g4xx_it.o
                0x0000000008004ee4                USART2_IRQHandler
 .text.TIM7_DAC_IRQHandler
                0x0000000008004ef0        0xc ./Core/Src/stm32g4xx_it.o
                0x0000000008004ef0                TIM7_DAC_IRQHandler
 .text.FDCAN2_IT0_IRQHandler
                0x0000000008004efc        0xc ./Core/Src/stm32g4xx_it.o
                0x0000000008004efc                FDCAN2_IT0_IRQHandler
 .text.FDCAN2_IT1_IRQHandler
                0x0000000008004f08        0x4 ./Core/Src/stm32g4xx_it.o
                0x0000000008004f08                FDCAN2_IT1_IRQHandler
 .text.LPUART1_IRQHandler
                0x0000000008004f0c        0xc ./Core/Src/stm32g4xx_it.o
                0x0000000008004f0c                LPUART1_IRQHandler
 .text.DMA1_Channel8_IRQHandler
                0x0000000008004f18        0xc ./Core/Src/stm32g4xx_it.o
                0x0000000008004f18                DMA1_Channel8_IRQHandler
 .text._read    0x0000000008004f24       0x1c ./Core/Src/syscalls.o
                0x0000000008004f24                _read
 .text._write   0x0000000008004f40       0x1c ./Core/Src/syscalls.o
                0x0000000008004f40                _write
 .text._close   0x0000000008004f5c        0x6 ./Core/Src/syscalls.o
                0x0000000008004f5c                _close
 .text._fstat   0x0000000008004f62        0xa ./Core/Src/syscalls.o
                0x0000000008004f62                _fstat
 .text._isatty  0x0000000008004f6c        0x4 ./Core/Src/syscalls.o
                0x0000000008004f6c                _isatty
 .text._lseek   0x0000000008004f70        0x4 ./Core/Src/syscalls.o
                0x0000000008004f70                _lseek
 .text.SystemInit
                0x0000000008004f74       0x1c ./Core/Src/system_stm32g4xx.o
                0x0000000008004f74                SystemInit
 .text.motor_test
                0x0000000008004f90       0xd0 ./Core/Src/test_func.o
                0x0000000008004f90                motor_test
 .text.dribbler_test
                0x0000000008005060       0x5c ./Core/Src/test_func.o
                0x0000000008005060                dribbler_test
 .text.kicker_test
                0x00000000080050bc      0x130 ./Core/Src/test_func.o
                0x00000000080050bc                kicker_test
 .text.motor_calibration
                0x00000000080051ec       0x4c ./Core/Src/test_func.o
                0x00000000080051ec                motor_calibration
 .text.MX_TIM7_Init
                0x0000000008005238       0x48 ./Core/Src/tim.o
                0x0000000008005238                MX_TIM7_Init
 .text.HAL_TIM_PWM_MspInit
                0x0000000008005280       0x28 ./Core/Src/tim.o
                0x0000000008005280                HAL_TIM_PWM_MspInit
 .text.HAL_TIM_Base_MspInit
                0x00000000080052a8       0x40 ./Core/Src/tim.o
                0x00000000080052a8                HAL_TIM_Base_MspInit
 .text.HAL_TIM_MspPostInit
                0x00000000080052e8       0x50 ./Core/Src/tim.o
                0x00000000080052e8                HAL_TIM_MspPostInit
 .text.MX_TIM5_Init
                0x0000000008005338       0x78 ./Core/Src/tim.o
                0x0000000008005338                MX_TIM5_Init
 .text.MX_LPUART1_UART_Init
                0x00000000080053b0       0x6c ./Core/Src/usart.o
                0x00000000080053b0                MX_LPUART1_UART_Init
 .text.MX_USART2_UART_Init
                0x000000000800541c       0x6c ./Core/Src/usart.o
                0x000000000800541c                MX_USART2_UART_Init
 .text.MX_USART3_UART_Init
                0x0000000008005488       0x64 ./Core/Src/usart.o
                0x0000000008005488                MX_USART3_UART_Init
 .text.HAL_UART_MspInit
                0x00000000080054ec      0x264 ./Core/Src/usart.o
                0x00000000080054ec                HAL_UART_MspInit
 .text.uchar4_to_float
                0x0000000008005750       0x20 ./Core/Src/util.o
                0x0000000008005750                uchar4_to_float
 .text.float_to_uchar4
                0x0000000008005770       0x20 ./Core/Src/util.o
                0x0000000008005770                float_to_uchar4
 .text.normalizeAngle
                0x0000000008005790       0x98 ./Core/Src/util.o
                0x0000000008005790                normalizeAngle
 .text.getAngleDiff
                0x0000000008005828       0xa8 ./Core/Src/util.o
                0x0000000008005828                getAngleDiff
 .text.decode_SW
                0x00000000080058d0       0x50 ./Core/Src/util.o
                0x00000000080058d0                decode_SW
 .text.two_to_float
                0x0000000008005920       0x34 ./Core/Src/util.o
                0x0000000008005920                two_to_float
 *fill*         0x0000000008005954        0x4 
 .text.two_to_int
                0x0000000008005958       0x28 ./Core/Src/util.o
                0x0000000008005958                two_to_int
 .text.Reset_Handler
                0x0000000008005980       0x50 ./Core/Startup/startup_stm32g474retx.o
                0x0000000008005980                Reset_Handler
 .text.Default_Handler
                0x00000000080059d0        0x2 ./Core/Startup/startup_stm32g474retx.o
                0x00000000080059d0                RTC_Alarm_IRQHandler
                0x00000000080059d0                EXTI2_IRQHandler
                0x00000000080059d0                TIM8_TRG_COM_IRQHandler
                0x00000000080059d0                TIM8_CC_IRQHandler
                0x00000000080059d0                HRTIM1_Master_IRQHandler
                0x00000000080059d0                SPI4_IRQHandler
                0x00000000080059d0                FDCAN3_IT0_IRQHandler
                0x00000000080059d0                TIM1_CC_IRQHandler
                0x00000000080059d0                HRTIM1_FLT_IRQHandler
                0x00000000080059d0                HRTIM1_TIMF_IRQHandler
                0x00000000080059d0                USB_HP_IRQHandler
                0x00000000080059d0                CORDIC_IRQHandler
                0x00000000080059d0                HRTIM1_TIMD_IRQHandler
                0x00000000080059d0                DMA2_Channel8_IRQHandler
                0x00000000080059d0                EXTI3_IRQHandler
                0x00000000080059d0                I2C3_ER_IRQHandler
                0x00000000080059d0                EXTI0_IRQHandler
                0x00000000080059d0                I2C2_EV_IRQHandler
                0x00000000080059d0                FPU_IRQHandler
                0x00000000080059d0                TIM1_UP_TIM16_IRQHandler
                0x00000000080059d0                ADC1_2_IRQHandler
                0x00000000080059d0                HRTIM1_TIME_IRQHandler
                0x00000000080059d0                SPI1_IRQHandler
                0x00000000080059d0                TIM6_DAC_IRQHandler
                0x00000000080059d0                HRTIM1_TIMC_IRQHandler
                0x00000000080059d0                TIM8_UP_IRQHandler
                0x00000000080059d0                DMA2_Channel2_IRQHandler
                0x00000000080059d0                TIM20_TRG_COM_IRQHandler
                0x00000000080059d0                USART3_IRQHandler
                0x00000000080059d0                UART5_IRQHandler
                0x00000000080059d0                ADC3_IRQHandler
                0x00000000080059d0                TIM4_IRQHandler
                0x00000000080059d0                DMA2_Channel1_IRQHandler
                0x00000000080059d0                QUADSPI_IRQHandler
                0x00000000080059d0                I2C1_EV_IRQHandler
                0x00000000080059d0                UART4_IRQHandler
                0x00000000080059d0                DMA2_Channel4_IRQHandler
                0x00000000080059d0                TIM3_IRQHandler
                0x00000000080059d0                RCC_IRQHandler
                0x00000000080059d0                TIM20_UP_IRQHandler
                0x00000000080059d0                DMA1_Channel1_IRQHandler
                0x00000000080059d0                Default_Handler
                0x00000000080059d0                DMA2_Channel7_IRQHandler
                0x00000000080059d0                RTC_TAMP_LSECSS_IRQHandler
                0x00000000080059d0                FMAC_IRQHandler
                0x00000000080059d0                EXTI15_10_IRQHandler
                0x00000000080059d0                HRTIM1_TIMA_IRQHandler
                0x00000000080059d0                FDCAN3_IT1_IRQHandler
                0x00000000080059d0                TIM5_IRQHandler
                0x00000000080059d0                UCPD1_IRQHandler
                0x00000000080059d0                I2C3_EV_IRQHandler
                0x00000000080059d0                EXTI9_5_IRQHandler
                0x00000000080059d0                RTC_WKUP_IRQHandler
                0x00000000080059d0                PVD_PVM_IRQHandler
                0x00000000080059d0                SPI2_IRQHandler
                0x00000000080059d0                ADC5_IRQHandler
                0x00000000080059d0                DMA2_Channel5_IRQHandler
                0x00000000080059d0                CRS_IRQHandler
                0x00000000080059d0                USB_LP_IRQHandler
                0x00000000080059d0                EXTI4_IRQHandler
                0x00000000080059d0                RNG_IRQHandler
                0x00000000080059d0                HRTIM1_TIMB_IRQHandler
                0x00000000080059d0                TIM1_TRG_COM_TIM17_IRQHandler
                0x00000000080059d0                ADC4_IRQHandler
                0x00000000080059d0                WWDG_IRQHandler
                0x00000000080059d0                I2C4_EV_IRQHandler
                0x00000000080059d0                DMA2_Channel6_IRQHandler
                0x00000000080059d0                TIM2_IRQHandler
                0x00000000080059d0                COMP7_IRQHandler
                0x00000000080059d0                COMP1_2_3_IRQHandler
                0x00000000080059d0                EXTI1_IRQHandler
                0x00000000080059d0                COMP4_5_6_IRQHandler
                0x00000000080059d0                TIM20_BRK_IRQHandler
                0x00000000080059d0                I2C2_ER_IRQHandler
                0x00000000080059d0                TIM8_BRK_IRQHandler
                0x00000000080059d0                FLASH_IRQHandler
                0x00000000080059d0                TIM20_CC_IRQHandler
                0x00000000080059d0                USART1_IRQHandler
                0x00000000080059d0                SPI3_IRQHandler
                0x00000000080059d0                I2C1_ER_IRQHandler
                0x00000000080059d0                FMC_IRQHandler
                0x00000000080059d0                LPTIM1_IRQHandler
                0x00000000080059d0                DMAMUX_OVR_IRQHandler
                0x00000000080059d0                I2C4_ER_IRQHandler
                0x00000000080059d0                USBWakeUp_IRQHandler
                0x00000000080059d0                SAI1_IRQHandler
                0x00000000080059d0                DMA2_Channel3_IRQHandler
                0x00000000080059d0                TIM1_BRK_TIM15_IRQHandler
 *fill*         0x00000000080059d2        0x2 
 .text.HAL_InitTick
                0x00000000080059d4       0x4c ./Drivers/STM32G4xx_HAL_Driver/Src/stm32g4xx_hal.o
                0x00000000080059d4                HAL_InitTick
 .text.HAL_Init
                0x0000000008005a20       0x1e ./Drivers/STM32G4xx_HAL_Driver/Src/stm32g4xx_hal.o
                0x0000000008005a20                HAL_Init
 *fill*         0x0000000008005a3e        0x2 
 .text.HAL_IncTick
                0x0000000008005a40       0x18 ./Drivers/STM32G4xx_HAL_Driver/Src/stm32g4xx_hal.o
                0x0000000008005a40                HAL_IncTick
 .text.HAL_Delay
                0x0000000008005a58       0x28 ./Drivers/STM32G4xx_HAL_Driver/Src/stm32g4xx_hal.o
                0x0000000008005a58                HAL_Delay
 .text.LL_ADC_SetChannelSamplingTime
                0x0000000008005a80       0x20 ./Drivers/STM32G4xx_HAL_Driver/Src/stm32g4xx_hal_adc.o
 .text.LL_ADC_IsEnabled
                0x0000000008005aa0        0x8 ./Drivers/STM32G4xx_HAL_Driver/Src/stm32g4xx_hal_adc.o
 .text.LL_ADC_REG_IsConversionOngoing
                0x0000000008005aa8        0x8 ./Drivers/STM32G4xx_HAL_Driver/Src/stm32g4xx_hal_adc.o
 .text.HAL_ADC_Init
                0x0000000008005ab0      0x23c ./Drivers/STM32G4xx_HAL_Driver/Src/stm32g4xx_hal_adc.o
                0x0000000008005ab0                HAL_ADC_Init
 .text.HAL_ADC_ConvCpltCallback
                0x0000000008005cec        0x2 ./Drivers/STM32G4xx_HAL_Driver/Src/stm32g4xx_hal_adc.o
                0x0000000008005cec                HAL_ADC_ConvCpltCallback
 .text.HAL_ADC_ConvHalfCpltCallback
                0x0000000008005cee        0x2 ./Drivers/STM32G4xx_HAL_Driver/Src/stm32g4xx_hal_adc.o
                0x0000000008005cee                HAL_ADC_ConvHalfCpltCallback
 .text.ADC_DMAHalfConvCplt
                0x0000000008005cf0        0xa ./Drivers/STM32G4xx_HAL_Driver/Src/stm32g4xx_hal_adc.o
                0x0000000008005cf0                ADC_DMAHalfConvCplt
 .text.HAL_ADC_ErrorCallback
                0x0000000008005cfa        0x2 ./Drivers/STM32G4xx_HAL_Driver/Src/stm32g4xx_hal_adc.o
                0x0000000008005cfa                HAL_ADC_ErrorCallback
 .text.ADC_DMAConvCplt
                0x0000000008005cfc       0x68 ./Drivers/STM32G4xx_HAL_Driver/Src/stm32g4xx_hal_adc.o
                0x0000000008005cfc                ADC_DMAConvCplt
 .text.ADC_DMAError
                0x0000000008005d64       0x1a ./Drivers/STM32G4xx_HAL_Driver/Src/stm32g4xx_hal_adc.o
                0x0000000008005d64                ADC_DMAError
 *fill*         0x0000000008005d7e        0x2 
 .text.HAL_ADC_ConfigChannel
                0x0000000008005d80      0x3d4 ./Drivers/STM32G4xx_HAL_Driver/Src/stm32g4xx_hal_adc.o
                0x0000000008005d80                HAL_ADC_ConfigChannel
 .text.ADC_Enable
                0x0000000008006154       0x78 ./Drivers/STM32G4xx_HAL_Driver/Src/stm32g4xx_hal_adc.o
                0x0000000008006154                ADC_Enable
 .text.HAL_ADC_Start_DMA
                0x00000000080061cc      0x100 ./Drivers/STM32G4xx_HAL_Driver/Src/stm32g4xx_hal_adc.o
                0x00000000080061cc                HAL_ADC_Start_DMA
 .text.LL_ADC_IsEnabled
                0x00000000080062cc        0x8 ./Drivers/STM32G4xx_HAL_Driver/Src/stm32g4xx_hal_adc_ex.o
 .text.LL_ADC_REG_IsConversionOngoing
                0x00000000080062d4        0x8 ./Drivers/STM32G4xx_HAL_Driver/Src/stm32g4xx_hal_adc_ex.o
 .text.HAL_ADCEx_MultiModeConfigChannel
                0x00000000080062dc      0x14c ./Drivers/STM32G4xx_HAL_Driver/Src/stm32g4xx_hal_adc_ex.o
                0x00000000080062dc                HAL_ADCEx_MultiModeConfigChannel
 .text.HAL_NVIC_SetPriorityGrouping
                0x0000000008006428       0x24 ./Drivers/STM32G4xx_HAL_Driver/Src/stm32g4xx_hal_cortex.o
                0x0000000008006428                HAL_NVIC_SetPriorityGrouping
 .text.HAL_NVIC_SetPriority
                0x000000000800644c       0x64 ./Drivers/STM32G4xx_HAL_Driver/Src/stm32g4xx_hal_cortex.o
                0x000000000800644c                HAL_NVIC_SetPriority
 .text.HAL_NVIC_EnableIRQ
                0x00000000080064b0       0x1c ./Drivers/STM32G4xx_HAL_Driver/Src/stm32g4xx_hal_cortex.o
                0x00000000080064b0                HAL_NVIC_EnableIRQ
 .text.HAL_SYSTICK_Config
                0x00000000080064cc       0x28 ./Drivers/STM32G4xx_HAL_Driver/Src/stm32g4xx_hal_cortex.o
                0x00000000080064cc                HAL_SYSTICK_Config
 .text.DMA_SetConfig
                0x00000000080064f4       0x34 ./Drivers/STM32G4xx_HAL_Driver/Src/stm32g4xx_hal_dma.o
 .text.DMA_CalcDMAMUXChannelBaseAndMask
                0x0000000008006528       0x48 ./Drivers/STM32G4xx_HAL_Driver/Src/stm32g4xx_hal_dma.o
 .text.HAL_DMA_Init
                0x0000000008006570       0xe4 ./Drivers/STM32G4xx_HAL_Driver/Src/stm32g4xx_hal_dma.o
                0x0000000008006570                HAL_DMA_Init
 .text.HAL_DMA_Start_IT
                0x0000000008006654       0x82 ./Drivers/STM32G4xx_HAL_Driver/Src/stm32g4xx_hal_dma.o
                0x0000000008006654                HAL_DMA_Start_IT
 .text.HAL_DMA_Abort
                0x00000000080066d6       0x66 ./Drivers/STM32G4xx_HAL_Driver/Src/stm32g4xx_hal_dma.o
                0x00000000080066d6                HAL_DMA_Abort
 .text.HAL_DMA_Abort_IT
                0x000000000800673c       0x78 ./Drivers/STM32G4xx_HAL_Driver/Src/stm32g4xx_hal_dma.o
                0x000000000800673c                HAL_DMA_Abort_IT
 .text.HAL_DMA_IRQHandler
                0x00000000080067b4       0x94 ./Drivers/STM32G4xx_HAL_Driver/Src/stm32g4xx_hal_dma.o
                0x00000000080067b4                HAL_DMA_IRQHandler
 .text.HAL_FDCAN_Init
                0x0000000008006848      0x204 ./Drivers/STM32G4xx_HAL_Driver/Src/stm32g4xx_hal_fdcan.o
                0x0000000008006848                HAL_FDCAN_Init
 .text.HAL_FDCAN_ConfigFilter
                0x0000000008006a4c       0x50 ./Drivers/STM32G4xx_HAL_Driver/Src/stm32g4xx_hal_fdcan.o
                0x0000000008006a4c                HAL_FDCAN_ConfigFilter
 .text.HAL_FDCAN_Start
                0x0000000008006a9c       0x2c ./Drivers/STM32G4xx_HAL_Driver/Src/stm32g4xx_hal_fdcan.o
                0x0000000008006a9c                HAL_FDCAN_Start
 .text.HAL_FDCAN_AddMessageToTxFifoQ
                0x0000000008006ac8       0xd0 ./Drivers/STM32G4xx_HAL_Driver/Src/stm32g4xx_hal_fdcan.o
                0x0000000008006ac8                HAL_FDCAN_AddMessageToTxFifoQ
 .text.HAL_FDCAN_GetRxMessage
                0x0000000008006b98       0xd8 ./Drivers/STM32G4xx_HAL_Driver/Src/stm32g4xx_hal_fdcan.o
                0x0000000008006b98                HAL_FDCAN_GetRxMessage
 .text.HAL_FDCAN_GetTxFifoFreeLevel
                0x0000000008006c70        0xc ./Drivers/STM32G4xx_HAL_Driver/Src/stm32g4xx_hal_fdcan.o
                0x0000000008006c70                HAL_FDCAN_GetTxFifoFreeLevel
 .text.HAL_FDCAN_ActivateNotification
                0x0000000008006c7c       0xda ./Drivers/STM32G4xx_HAL_Driver/Src/stm32g4xx_hal_fdcan.o
                0x0000000008006c7c                HAL_FDCAN_ActivateNotification
 .text.HAL_FDCAN_TxEventFifoCallback
                0x0000000008006d56        0x2 ./Drivers/STM32G4xx_HAL_Driver/Src/stm32g4xx_hal_fdcan.o
                0x0000000008006d56                HAL_FDCAN_TxEventFifoCallback
 .text.HAL_FDCAN_RxFifo1Callback
                0x0000000008006d58        0x2 ./Drivers/STM32G4xx_HAL_Driver/Src/stm32g4xx_hal_fdcan.o
                0x0000000008006d58                HAL_FDCAN_RxFifo1Callback
 .text.HAL_FDCAN_TxFifoEmptyCallback
                0x0000000008006d5a        0x2 ./Drivers/STM32G4xx_HAL_Driver/Src/stm32g4xx_hal_fdcan.o
                0x0000000008006d5a                HAL_FDCAN_TxFifoEmptyCallback
 .text.HAL_FDCAN_TxBufferCompleteCallback
                0x0000000008006d5c        0x2 ./Drivers/STM32G4xx_HAL_Driver/Src/stm32g4xx_hal_fdcan.o
                0x0000000008006d5c                HAL_FDCAN_TxBufferCompleteCallback
 .text.HAL_FDCAN_TxBufferAbortCallback
                0x0000000008006d5e        0x2 ./Drivers/STM32G4xx_HAL_Driver/Src/stm32g4xx_hal_fdcan.o
                0x0000000008006d5e                HAL_FDCAN_TxBufferAbortCallback
 .text.HAL_FDCAN_TimestampWraparoundCallback
                0x0000000008006d60        0x2 ./Drivers/STM32G4xx_HAL_Driver/Src/stm32g4xx_hal_fdcan.o
                0x0000000008006d60                HAL_FDCAN_TimestampWraparoundCallback
 .text.HAL_FDCAN_TimeoutOccurredCallback
                0x0000000008006d62        0x2 ./Drivers/STM32G4xx_HAL_Driver/Src/stm32g4xx_hal_fdcan.o
                0x0000000008006d62                HAL_FDCAN_TimeoutOccurredCallback
 .text.HAL_FDCAN_HighPriorityMessageCallback
                0x0000000008006d64        0x2 ./Drivers/STM32G4xx_HAL_Driver/Src/stm32g4xx_hal_fdcan.o
                0x0000000008006d64                HAL_FDCAN_HighPriorityMessageCallback
 .text.HAL_FDCAN_ErrorCallback
                0x0000000008006d66        0x2 ./Drivers/STM32G4xx_HAL_Driver/Src/stm32g4xx_hal_fdcan.o
                0x0000000008006d66                HAL_FDCAN_ErrorCallback
 .text.HAL_FDCAN_ErrorStatusCallback
                0x0000000008006d68        0x2 ./Drivers/STM32G4xx_HAL_Driver/Src/stm32g4xx_hal_fdcan.o
                0x0000000008006d68                HAL_FDCAN_ErrorStatusCallback
 .text.HAL_FDCAN_IRQHandler
                0x0000000008006d6a      0x15e ./Drivers/STM32G4xx_HAL_Driver/Src/stm32g4xx_hal_fdcan.o
                0x0000000008006d6a                HAL_FDCAN_IRQHandler
 .text.HAL_GPIO_Init
                0x0000000008006ec8      0x198 ./Drivers/STM32G4xx_HAL_Driver/Src/stm32g4xx_hal_gpio.o
                0x0000000008006ec8                HAL_GPIO_Init
 .text.HAL_GPIO_ReadPin
                0x0000000008007060        0xc ./Drivers/STM32G4xx_HAL_Driver/Src/stm32g4xx_hal_gpio.o
                0x0000000008007060                HAL_GPIO_ReadPin
 .text.HAL_GPIO_WritePin
                0x000000000800706c        0xa ./Drivers/STM32G4xx_HAL_Driver/Src/stm32g4xx_hal_gpio.o
                0x000000000800706c                HAL_GPIO_WritePin
 .text.HAL_GPIO_TogglePin
                0x0000000008007076       0x12 ./Drivers/STM32G4xx_HAL_Driver/Src/stm32g4xx_hal_gpio.o
                0x0000000008007076                HAL_GPIO_TogglePin
 .text.HAL_PWREx_ControlVoltageScaling
                0x0000000008007088       0xb4 ./Drivers/STM32G4xx_HAL_Driver/Src/stm32g4xx_hal_pwr_ex.o
                0x0000000008007088                HAL_PWREx_ControlVoltageScaling
 .text.HAL_PWREx_DisableUCPDDeadBattery
                0x000000000800713c       0x10 ./Drivers/STM32G4xx_HAL_Driver/Src/stm32g4xx_hal_pwr_ex.o
                0x000000000800713c                HAL_PWREx_DisableUCPDDeadBattery
 .text.HAL_RCC_OscConfig
                0x000000000800714c      0x420 ./Drivers/STM32G4xx_HAL_Driver/Src/stm32g4xx_hal_rcc.o
                0x000000000800714c                HAL_RCC_OscConfig
 .text.HAL_RCC_GetSysClockFreq
                0x000000000800756c       0x6c ./Drivers/STM32G4xx_HAL_Driver/Src/stm32g4xx_hal_rcc.o
                0x000000000800756c                HAL_RCC_GetSysClockFreq
 .text.HAL_RCC_ClockConfig
                0x00000000080075d8      0x1e8 ./Drivers/STM32G4xx_HAL_Driver/Src/stm32g4xx_hal_rcc.o
                0x00000000080075d8                HAL_RCC_ClockConfig
 .text.HAL_RCC_GetPCLK1Freq
                0x00000000080077c0       0x24 ./Drivers/STM32G4xx_HAL_Driver/Src/stm32g4xx_hal_rcc.o
                0x00000000080077c0                HAL_RCC_GetPCLK1Freq
 .text.HAL_RCC_GetPCLK2Freq
                0x00000000080077e4       0x24 ./Drivers/STM32G4xx_HAL_Driver/Src/stm32g4xx_hal_rcc.o
                0x00000000080077e4                HAL_RCC_GetPCLK2Freq
 .text.HAL_RCCEx_PeriphCLKConfig
                0x0000000008007808      0x2f0 ./Drivers/STM32G4xx_HAL_Driver/Src/stm32g4xx_hal_rcc_ex.o
                0x0000000008007808                HAL_RCCEx_PeriphCLKConfig
 .text.SPI_WaitFifoStateUntilTimeout.constprop.0
                0x0000000008007af8       0xc8 ./Drivers/STM32G4xx_HAL_Driver/Src/stm32g4xx_hal_spi.o
 .text.SPI_WaitFlagStateUntilTimeout.constprop.0
                0x0000000008007bc0       0xa4 ./Drivers/STM32G4xx_HAL_Driver/Src/stm32g4xx_hal_spi.o
 .text.SPI_EndRxTxTransaction
                0x0000000008007c64       0x4a ./Drivers/STM32G4xx_HAL_Driver/Src/stm32g4xx_hal_spi.o
 .text.HAL_SPI_Init
                0x0000000008007cae       0xdc ./Drivers/STM32G4xx_HAL_Driver/Src/stm32g4xx_hal_spi.o
                0x0000000008007cae                HAL_SPI_Init
 .text.HAL_SPI_TransmitReceive
                0x0000000008007d8a      0x24a ./Drivers/STM32G4xx_HAL_Driver/Src/stm32g4xx_hal_spi.o
                0x0000000008007d8a                HAL_SPI_TransmitReceive
 .text.TIM_OC1_SetConfig
                0x0000000008007fd4       0xa8 ./Drivers/STM32G4xx_HAL_Driver/Src/stm32g4xx_hal_tim.o
 .text.TIM_OC3_SetConfig
                0x000000000800807c       0x98 ./Drivers/STM32G4xx_HAL_Driver/Src/stm32g4xx_hal_tim.o
 .text.TIM_OC4_SetConfig
                0x0000000008008114       0x9c ./Drivers/STM32G4xx_HAL_Driver/Src/stm32g4xx_hal_tim.o
 .text.TIM_OC5_SetConfig
                0x00000000080081b0       0x70 ./Drivers/STM32G4xx_HAL_Driver/Src/stm32g4xx_hal_tim.o
 .text.TIM_OC6_SetConfig
                0x0000000008008220       0x70 ./Drivers/STM32G4xx_HAL_Driver/Src/stm32g4xx_hal_tim.o
 .text.HAL_TIM_Base_Start_IT
                0x0000000008008290       0x7c ./Drivers/STM32G4xx_HAL_Driver/Src/stm32g4xx_hal_tim.o
                0x0000000008008290                HAL_TIM_Base_Start_IT
 .text.HAL_TIM_OC_DelayElapsedCallback
                0x000000000800830c        0x2 ./Drivers/STM32G4xx_HAL_Driver/Src/stm32g4xx_hal_tim.o
                0x000000000800830c                HAL_TIM_OC_DelayElapsedCallback
 .text.HAL_TIM_IC_CaptureCallback
                0x000000000800830e        0x2 ./Drivers/STM32G4xx_HAL_Driver/Src/stm32g4xx_hal_tim.o
                0x000000000800830e                HAL_TIM_IC_CaptureCallback
 .text.HAL_TIM_PWM_PulseFinishedCallback
                0x0000000008008310        0x2 ./Drivers/STM32G4xx_HAL_Driver/Src/stm32g4xx_hal_tim.o
                0x0000000008008310                HAL_TIM_PWM_PulseFinishedCallback
 .text.HAL_TIM_TriggerCallback
                0x0000000008008312        0x2 ./Drivers/STM32G4xx_HAL_Driver/Src/stm32g4xx_hal_tim.o
                0x0000000008008312                HAL_TIM_TriggerCallback
 .text.HAL_TIM_IRQHandler
                0x0000000008008314      0x1ce ./Drivers/STM32G4xx_HAL_Driver/Src/stm32g4xx_hal_tim.o
                0x0000000008008314                HAL_TIM_IRQHandler
 *fill*         0x00000000080084e2        0x2 
 .text.TIM_Base_SetConfig
                0x00000000080084e4       0xe4 ./Drivers/STM32G4xx_HAL_Driver/Src/stm32g4xx_hal_tim.o
                0x00000000080084e4                TIM_Base_SetConfig
 .text.HAL_TIM_Base_Init
                0x00000000080085c8       0x60 ./Drivers/STM32G4xx_HAL_Driver/Src/stm32g4xx_hal_tim.o
                0x00000000080085c8                HAL_TIM_Base_Init
 .text.HAL_TIM_PWM_Init
                0x0000000008008628       0x60 ./Drivers/STM32G4xx_HAL_Driver/Src/stm32g4xx_hal_tim.o
                0x0000000008008628                HAL_TIM_PWM_Init
 .text.TIM_OC2_SetConfig
                0x0000000008008688       0x9c ./Drivers/STM32G4xx_HAL_Driver/Src/stm32g4xx_hal_tim.o
                0x0000000008008688                TIM_OC2_SetConfig
 .text.HAL_TIM_PWM_ConfigChannel
                0x0000000008008724       0xfa ./Drivers/STM32G4xx_HAL_Driver/Src/stm32g4xx_hal_tim.o
                0x0000000008008724                HAL_TIM_PWM_ConfigChannel
 .text.TIM_CCxChannelCmd
                0x000000000800881e       0x1c ./Drivers/STM32G4xx_HAL_Driver/Src/stm32g4xx_hal_tim.o
                0x000000000800881e                TIM_CCxChannelCmd
 *fill*         0x000000000800883a        0x2 
 .text.HAL_TIM_OC_Start
                0x000000000800883c      0x130 ./Drivers/STM32G4xx_HAL_Driver/Src/stm32g4xx_hal_tim.o
                0x000000000800883c                HAL_TIM_OC_Start
 .text.HAL_TIM_PWM_Start
                0x000000000800896c        0x4 ./Drivers/STM32G4xx_HAL_Driver/Src/stm32g4xx_hal_tim.o
                0x000000000800896c                HAL_TIM_PWM_Start
 .text.HAL_TIMEx_MasterConfigSynchronization
                0x0000000008008970       0xa0 ./Drivers/STM32G4xx_HAL_Driver/Src/stm32g4xx_hal_tim_ex.o
                0x0000000008008970                HAL_TIMEx_MasterConfigSynchronization
 .text.HAL_TIMEx_CommutCallback
                0x0000000008008a10        0x2 ./Drivers/STM32G4xx_HAL_Driver/Src/stm32g4xx_hal_tim_ex.o
                0x0000000008008a10                HAL_TIMEx_CommutCallback
 .text.HAL_TIMEx_BreakCallback
                0x0000000008008a12        0x2 ./Drivers/STM32G4xx_HAL_Driver/Src/stm32g4xx_hal_tim_ex.o
                0x0000000008008a12                HAL_TIMEx_BreakCallback
 .text.HAL_TIMEx_Break2Callback
                0x0000000008008a14        0x2 ./Drivers/STM32G4xx_HAL_Driver/Src/stm32g4xx_hal_tim_ex.o
                0x0000000008008a14                HAL_TIMEx_Break2Callback
 .text.HAL_TIMEx_EncoderIndexCallback
                0x0000000008008a16        0x2 ./Drivers/STM32G4xx_HAL_Driver/Src/stm32g4xx_hal_tim_ex.o
                0x0000000008008a16                HAL_TIMEx_EncoderIndexCallback
 .text.HAL_TIMEx_DirectionChangeCallback
                0x0000000008008a18        0x2 ./Drivers/STM32G4xx_HAL_Driver/Src/stm32g4xx_hal_tim_ex.o
                0x0000000008008a18                HAL_TIMEx_DirectionChangeCallback
 .text.HAL_TIMEx_IndexErrorCallback
                0x0000000008008a1a        0x2 ./Drivers/STM32G4xx_HAL_Driver/Src/stm32g4xx_hal_tim_ex.o
                0x0000000008008a1a                HAL_TIMEx_IndexErrorCallback
 .text.HAL_TIMEx_TransitionErrorCallback
                0x0000000008008a1c        0x2 ./Drivers/STM32G4xx_HAL_Driver/Src/stm32g4xx_hal_tim_ex.o
                0x0000000008008a1c                HAL_TIMEx_TransitionErrorCallback
 .text.UART_EndTxTransfer
                0x0000000008008a1e       0x34 ./Drivers/STM32G4xx_HAL_Driver/Src/stm32g4xx_hal_uart.o
 *fill*         0x0000000008008a52        0x2 
 .text.UART_EndRxTransfer
                0x0000000008008a54       0x58 ./Drivers/STM32G4xx_HAL_Driver/Src/stm32g4xx_hal_uart.o
 .text.HAL_UART_Transmit_DMA
                0x0000000008008aac       0xa8 ./Drivers/STM32G4xx_HAL_Driver/Src/stm32g4xx_hal_uart.o
                0x0000000008008aac                HAL_UART_Transmit_DMA
 .text.HAL_UART_TxCpltCallback
                0x0000000008008b54        0x2 ./Drivers/STM32G4xx_HAL_Driver/Src/stm32g4xx_hal_uart.o
                0x0000000008008b54                HAL_UART_TxCpltCallback
 .text.UART_DMATransmitCplt
                0x0000000008008b56       0x46 ./Drivers/STM32G4xx_HAL_Driver/Src/stm32g4xx_hal_uart.o
 .text.HAL_UART_TxHalfCpltCallback
                0x0000000008008b9c        0x2 ./Drivers/STM32G4xx_HAL_Driver/Src/stm32g4xx_hal_uart.o
                0x0000000008008b9c                HAL_UART_TxHalfCpltCallback
 .text.UART_DMATxHalfCplt
                0x0000000008008b9e        0xa ./Drivers/STM32G4xx_HAL_Driver/Src/stm32g4xx_hal_uart.o
 .text.HAL_UART_ErrorCallback
                0x0000000008008ba8        0x2 ./Drivers/STM32G4xx_HAL_Driver/Src/stm32g4xx_hal_uart.o
                0x0000000008008ba8                HAL_UART_ErrorCallback
 .text.UART_DMAError
                0x0000000008008baa       0x48 ./Drivers/STM32G4xx_HAL_Driver/Src/stm32g4xx_hal_uart.o
 .text.UART_DMAAbortOnError
                0x0000000008008bf2       0x14 ./Drivers/STM32G4xx_HAL_Driver/Src/stm32g4xx_hal_uart.o
 .text.HAL_UARTEx_RxEventCallback
                0x0000000008008c06        0x2 ./Drivers/STM32G4xx_HAL_Driver/Src/stm32g4xx_hal_uart.o
                0x0000000008008c06                HAL_UARTEx_RxEventCallback
 .text.HAL_UART_IRQHandler
                0x0000000008008c08      0x2e4 ./Drivers/STM32G4xx_HAL_Driver/Src/stm32g4xx_hal_uart.o
                0x0000000008008c08                HAL_UART_IRQHandler
 .text.UART_RxISR_8BIT
                0x0000000008008eec       0xa2 ./Drivers/STM32G4xx_HAL_Driver/Src/stm32g4xx_hal_uart.o
 .text.UART_RxISR_16BIT
                0x0000000008008f8e       0x9c ./Drivers/STM32G4xx_HAL_Driver/Src/stm32g4xx_hal_uart.o
 *fill*         0x000000000800902a        0x2 
 .text.UART_RxISR_8BIT_FIFOEN
                0x000000000800902c      0x17c ./Drivers/STM32G4xx_HAL_Driver/Src/stm32g4xx_hal_uart.o
 .text.UART_RxISR_16BIT_FIFOEN
                0x00000000080091a8      0x178 ./Drivers/STM32G4xx_HAL_Driver/Src/stm32g4xx_hal_uart.o
 .text.UART_SetConfig
                0x0000000008009320      0x2cc ./Drivers/STM32G4xx_HAL_Driver/Src/stm32g4xx_hal_uart.o
                0x0000000008009320                UART_SetConfig
 .text.UART_AdvFeatureConfig
                0x00000000080095ec       0xa8 ./Drivers/STM32G4xx_HAL_Driver/Src/stm32g4xx_hal_uart.o
                0x00000000080095ec                UART_AdvFeatureConfig
 .text.UART_WaitOnFlagUntilTimeout
                0x0000000008009694       0xc4 ./Drivers/STM32G4xx_HAL_Driver/Src/stm32g4xx_hal_uart.o
                0x0000000008009694                UART_WaitOnFlagUntilTimeout
 .text.HAL_UART_Transmit
                0x0000000008009758       0xba ./Drivers/STM32G4xx_HAL_Driver/Src/stm32g4xx_hal_uart.o
                0x0000000008009758                HAL_UART_Transmit
 .text.UART_CheckIdleState
                0x0000000008009812       0x6a ./Drivers/STM32G4xx_HAL_Driver/Src/stm32g4xx_hal_uart.o
                0x0000000008009812                UART_CheckIdleState
 .text.HAL_UART_Init
                0x000000000800987c       0x60 ./Drivers/STM32G4xx_HAL_Driver/Src/stm32g4xx_hal_uart.o
                0x000000000800987c                HAL_UART_Init
 .text.UART_Start_Receive_IT
                0x00000000080098dc      0x11c ./Drivers/STM32G4xx_HAL_Driver/Src/stm32g4xx_hal_uart.o
                0x00000000080098dc                UART_Start_Receive_IT
 .text.HAL_UART_Receive_IT
                0x00000000080099f8       0x54 ./Drivers/STM32G4xx_HAL_Driver/Src/stm32g4xx_hal_uart.o
                0x00000000080099f8                HAL_UART_Receive_IT
 .text.UARTEx_SetNbDataToProcess
                0x0000000008009a4c       0x44 ./Drivers/STM32G4xx_HAL_Driver/Src/stm32g4xx_hal_uart_ex.o
 .text.HAL_UARTEx_WakeupCallback
                0x0000000008009a90        0x2 ./Drivers/STM32G4xx_HAL_Driver/Src/stm32g4xx_hal_uart_ex.o
                0x0000000008009a90                HAL_UARTEx_WakeupCallback
 .text.HAL_UARTEx_RxFifoFullCallback
                0x0000000008009a92        0x2 ./Drivers/STM32G4xx_HAL_Driver/Src/stm32g4xx_hal_uart_ex.o
                0x0000000008009a92                HAL_UARTEx_RxFifoFullCallback
 .text.HAL_UARTEx_TxFifoEmptyCallback
                0x0000000008009a94        0x2 ./Drivers/STM32G4xx_HAL_Driver/Src/stm32g4xx_hal_uart_ex.o
                0x0000000008009a94                HAL_UARTEx_TxFifoEmptyCallback
 .text.HAL_UARTEx_DisableFifoMode
                0x0000000008009a96       0x36 ./Drivers/STM32G4xx_HAL_Driver/Src/stm32g4xx_hal_uart_ex.o
                0x0000000008009a96                HAL_UARTEx_DisableFifoMode
 .text.HAL_UARTEx_SetTxFifoThreshold
                0x0000000008009acc       0x40 ./Drivers/STM32G4xx_HAL_Driver/Src/stm32g4xx_hal_uart_ex.o
                0x0000000008009acc                HAL_UARTEx_SetTxFifoThreshold
 .text.HAL_UARTEx_SetRxFifoThreshold
                0x0000000008009b0c       0x40 ./Drivers/STM32G4xx_HAL_Driver/Src/stm32g4xx_hal_uart_ex.o
                0x0000000008009b0c                HAL_UARTEx_SetRxFifoThreshold
 .text.malloc   0x0000000008009b4c       0x10 C:/ST/STM32CubeIDE_1.10.1/STM32CubeIDE/plugins/com.st.stm32cube.ide.mcu.externaltools.gnu-tools-for-stm32.11.3.rel1.win32_1.1.0.202305231506/tools/bin/../lib/gcc/arm-none-eabi/11.3.1/../../../../arm-none-eabi/lib/thumb/v7e-m+fp/hard\libc_nano.a(libc_a-malloc.o)
                0x0000000008009b4c                malloc
 .text.sbrk_aligned
                0x0000000008009b5c       0x40 C:/ST/STM32CubeIDE_1.10.1/STM32CubeIDE/plugins/com.st.stm32cube.ide.mcu.externaltools.gnu-tools-for-stm32.11.3.rel1.win32_1.1.0.202305231506/tools/bin/../lib/gcc/arm-none-eabi/11.3.1/../../../../arm-none-eabi/lib/thumb/v7e-m+fp/hard\libc_nano.a(libc_a-mallocr.o)
 .text._malloc_r
                0x0000000008009b9c      0x100 C:/ST/STM32CubeIDE_1.10.1/STM32CubeIDE/plugins/com.st.stm32cube.ide.mcu.externaltools.gnu-tools-for-stm32.11.3.rel1.win32_1.1.0.202305231506/tools/bin/../lib/gcc/arm-none-eabi/11.3.1/../../../../arm-none-eabi/lib/thumb/v7e-m+fp/hard\libc_nano.a(libc_a-mallocr.o)
                0x0000000008009b9c                _malloc_r
 .text.__malloc_lock
                0x0000000008009c9c        0xc C:/ST/STM32CubeIDE_1.10.1/STM32CubeIDE/plugins/com.st.stm32cube.ide.mcu.externaltools.gnu-tools-for-stm32.11.3.rel1.win32_1.1.0.202305231506/tools/bin/../lib/gcc/arm-none-eabi/11.3.1/../../../../arm-none-eabi/lib/thumb/v7e-m+fp/hard\libc_nano.a(libc_a-mlock.o)
                0x0000000008009c9c                __malloc_lock
 .text.__malloc_unlock
                0x0000000008009ca8        0xc C:/ST/STM32CubeIDE_1.10.1/STM32CubeIDE/plugins/com.st.stm32cube.ide.mcu.externaltools.gnu-tools-for-stm32.11.3.rel1.win32_1.1.0.202305231506/tools/bin/../lib/gcc/arm-none-eabi/11.3.1/../../../../arm-none-eabi/lib/thumb/v7e-m+fp/hard\libc_nano.a(libc_a-mlock.o)
                0x0000000008009ca8                __malloc_unlock
 .text.std      0x0000000008009cb4       0x48 C:/ST/STM32CubeIDE_1.10.1/STM32CubeIDE/plugins/com.st.stm32cube.ide.mcu.externaltools.gnu-tools-for-stm32.11.3.rel1.win32_1.1.0.202305231506/tools/bin/../lib/gcc/arm-none-eabi/11.3.1/../../../../arm-none-eabi/lib/thumb/v7e-m+fp/hard\libc_nano.a(libc_a-findfp.o)
 .text.stdio_exit_handler
                0x0000000008009cfc       0x18 C:/ST/STM32CubeIDE_1.10.1/STM32CubeIDE/plugins/com.st.stm32cube.ide.mcu.externaltools.gnu-tools-for-stm32.11.3.rel1.win32_1.1.0.202305231506/tools/bin/../lib/gcc/arm-none-eabi/11.3.1/../../../../arm-none-eabi/lib/thumb/v7e-m+fp/hard\libc_nano.a(libc_a-findfp.o)
 .text.cleanup_stdio
                0x0000000008009d14       0x40 C:/ST/STM32CubeIDE_1.10.1/STM32CubeIDE/plugins/com.st.stm32cube.ide.mcu.externaltools.gnu-tools-for-stm32.11.3.rel1.win32_1.1.0.202305231506/tools/bin/../lib/gcc/arm-none-eabi/11.3.1/../../../../arm-none-eabi/lib/thumb/v7e-m+fp/hard\libc_nano.a(libc_a-findfp.o)
 .text.global_stdio_init.part.0
                0x0000000008009d54       0x3c C:/ST/STM32CubeIDE_1.10.1/STM32CubeIDE/plugins/com.st.stm32cube.ide.mcu.externaltools.gnu-tools-for-stm32.11.3.rel1.win32_1.1.0.202305231506/tools/bin/../lib/gcc/arm-none-eabi/11.3.1/../../../../arm-none-eabi/lib/thumb/v7e-m+fp/hard\libc_nano.a(libc_a-findfp.o)
 .text.__sfp_lock_acquire
                0x0000000008009d90        0xc C:/ST/STM32CubeIDE_1.10.1/STM32CubeIDE/plugins/com.st.stm32cube.ide.mcu.externaltools.gnu-tools-for-stm32.11.3.rel1.win32_1.1.0.202305231506/tools/bin/../lib/gcc/arm-none-eabi/11.3.1/../../../../arm-none-eabi/lib/thumb/v7e-m+fp/hard\libc_nano.a(libc_a-findfp.o)
                0x0000000008009d90                __sfp_lock_acquire
 .text.__sfp_lock_release
                0x0000000008009d9c        0xc C:/ST/STM32CubeIDE_1.10.1/STM32CubeIDE/plugins/com.st.stm32cube.ide.mcu.externaltools.gnu-tools-for-stm32.11.3.rel1.win32_1.1.0.202305231506/tools/bin/../lib/gcc/arm-none-eabi/11.3.1/../../../../arm-none-eabi/lib/thumb/v7e-m+fp/hard\libc_nano.a(libc_a-findfp.o)
                0x0000000008009d9c                __sfp_lock_release
 .text.__sinit  0x0000000008009da8       0x30 C:/ST/STM32CubeIDE_1.10.1/STM32CubeIDE/plugins/com.st.stm32cube.ide.mcu.externaltools.gnu-tools-for-stm32.11.3.rel1.win32_1.1.0.202305231506/tools/bin/../lib/gcc/arm-none-eabi/11.3.1/../../../../arm-none-eabi/lib/thumb/v7e-m+fp/hard\libc_nano.a(libc_a-findfp.o)
                0x0000000008009da8                __sinit
 .text._fwalk_sglue
                0x0000000008009dd8       0x3c C:/ST/STM32CubeIDE_1.10.1/STM32CubeIDE/plugins/com.st.stm32cube.ide.mcu.externaltools.gnu-tools-for-stm32.11.3.rel1.win32_1.1.0.202305231506/tools/bin/../lib/gcc/arm-none-eabi/11.3.1/../../../../arm-none-eabi/lib/thumb/v7e-m+fp/hard\libc_nano.a(libc_a-fwalk.o)
                0x0000000008009dd8                _fwalk_sglue
 .text.printf   0x0000000008009e14       0x24 C:/ST/STM32CubeIDE_1.10.1/STM32CubeIDE/plugins/com.st.stm32cube.ide.mcu.externaltools.gnu-tools-for-stm32.11.3.rel1.win32_1.1.0.202305231506/tools/bin/../lib/gcc/arm-none-eabi/11.3.1/../../../../arm-none-eabi/lib/thumb/v7e-m+fp/hard\libc_nano.a(libc_a-printf.o)
                0x0000000008009e14                iprintf
                0x0000000008009e14                printf
 .text._puts_r  0x0000000008009e38       0xa8 C:/ST/STM32CubeIDE_1.10.1/STM32CubeIDE/plugins/com.st.stm32cube.ide.mcu.externaltools.gnu-tools-for-stm32.11.3.rel1.win32_1.1.0.202305231506/tools/bin/../lib/gcc/arm-none-eabi/11.3.1/../../../../arm-none-eabi/lib/thumb/v7e-m+fp/hard\libc_nano.a(libc_a-puts.o)
                0x0000000008009e38                _puts_r
 .text.puts     0x0000000008009ee0       0x10 C:/ST/STM32CubeIDE_1.10.1/STM32CubeIDE/plugins/com.st.stm32cube.ide.mcu.externaltools.gnu-tools-for-stm32.11.3.rel1.win32_1.1.0.202305231506/tools/bin/../lib/gcc/arm-none-eabi/11.3.1/../../../../arm-none-eabi/lib/thumb/v7e-m+fp/hard\libc_nano.a(libc_a-puts.o)
                0x0000000008009ee0                puts
 .text.setbuf   0x0000000008009ef0       0x10 C:/ST/STM32CubeIDE_1.10.1/STM32CubeIDE/plugins/com.st.stm32cube.ide.mcu.externaltools.gnu-tools-for-stm32.11.3.rel1.win32_1.1.0.202305231506/tools/bin/../lib/gcc/arm-none-eabi/11.3.1/../../../../arm-none-eabi/lib/thumb/v7e-m+fp/hard\libc_nano.a(libc_a-setbuf.o)
                0x0000000008009ef0                setbuf
 .text.setvbuf  0x0000000008009f00      0x15c C:/ST/STM32CubeIDE_1.10.1/STM32CubeIDE/plugins/com.st.stm32cube.ide.mcu.externaltools.gnu-tools-for-stm32.11.3.rel1.win32_1.1.0.202305231506/tools/bin/../lib/gcc/arm-none-eabi/11.3.1/../../../../arm-none-eabi/lib/thumb/v7e-m+fp/hard\libc_nano.a(libc_a-setvbuf.o)
                0x0000000008009f00                setvbuf
 .text.__sread  0x000000000800a05c       0x22 C:/ST/STM32CubeIDE_1.10.1/STM32CubeIDE/plugins/com.st.stm32cube.ide.mcu.externaltools.gnu-tools-for-stm32.11.3.rel1.win32_1.1.0.202305231506/tools/bin/../lib/gcc/arm-none-eabi/11.3.1/../../../../arm-none-eabi/lib/thumb/v7e-m+fp/hard\libc_nano.a(libc_a-stdio.o)
                0x000000000800a05c                __sread
 .text.__swrite
                0x000000000800a07e       0x38 C:/ST/STM32CubeIDE_1.10.1/STM32CubeIDE/plugins/com.st.stm32cube.ide.mcu.externaltools.gnu-tools-for-stm32.11.3.rel1.win32_1.1.0.202305231506/tools/bin/../lib/gcc/arm-none-eabi/11.3.1/../../../../arm-none-eabi/lib/thumb/v7e-m+fp/hard\libc_nano.a(libc_a-stdio.o)
                0x000000000800a07e                __swrite
 .text.__sseek  0x000000000800a0b6       0x24 C:/ST/STM32CubeIDE_1.10.1/STM32CubeIDE/plugins/com.st.stm32cube.ide.mcu.externaltools.gnu-tools-for-stm32.11.3.rel1.win32_1.1.0.202305231506/tools/bin/../lib/gcc/arm-none-eabi/11.3.1/../../../../arm-none-eabi/lib/thumb/v7e-m+fp/hard\libc_nano.a(libc_a-stdio.o)
                0x000000000800a0b6                __sseek
 .text.__sclose
                0x000000000800a0da        0x8 C:/ST/STM32CubeIDE_1.10.1/STM32CubeIDE/plugins/com.st.stm32cube.ide.mcu.externaltools.gnu-tools-for-stm32.11.3.rel1.win32_1.1.0.202305231506/tools/bin/../lib/gcc/arm-none-eabi/11.3.1/../../../../arm-none-eabi/lib/thumb/v7e-m+fp/hard\libc_nano.a(libc_a-stdio.o)
                0x000000000800a0da                __sclose
 *fill*         0x000000000800a0e2        0x2 
 .text._vsprintf_r
                0x000000000800a0e4       0x2c C:/ST/STM32CubeIDE_1.10.1/STM32CubeIDE/plugins/com.st.stm32cube.ide.mcu.externaltools.gnu-tools-for-stm32.11.3.rel1.win32_1.1.0.202305231506/tools/bin/../lib/gcc/arm-none-eabi/11.3.1/../../../../arm-none-eabi/lib/thumb/v7e-m+fp/hard\libc_nano.a(libc_a-vsprintf.o)
                0x000000000800a0e4                _vsprintf_r
                0x000000000800a0e4                _vsiprintf_r
 .text.vsprintf
                0x000000000800a110       0x14 C:/ST/STM32CubeIDE_1.10.1/STM32CubeIDE/plugins/com.st.stm32cube.ide.mcu.externaltools.gnu-tools-for-stm32.11.3.rel1.win32_1.1.0.202305231506/tools/bin/../lib/gcc/arm-none-eabi/11.3.1/../../../../arm-none-eabi/lib/thumb/v7e-m+fp/hard\libc_nano.a(libc_a-vsprintf.o)
                0x000000000800a110                vsiprintf
                0x000000000800a110                vsprintf
 .text.__swbuf_r
                0x000000000800a124       0x7a C:/ST/STM32CubeIDE_1.10.1/STM32CubeIDE/plugins/com.st.stm32cube.ide.mcu.externaltools.gnu-tools-for-stm32.11.3.rel1.win32_1.1.0.202305231506/tools/bin/../lib/gcc/arm-none-eabi/11.3.1/../../../../arm-none-eabi/lib/thumb/v7e-m+fp/hard\libc_nano.a(libc_a-wbuf.o)
                0x000000000800a124                __swbuf_r
 *fill*         0x000000000800a19e        0x2 
 .text.__swsetup_r
                0x000000000800a1a0       0xb0 C:/ST/STM32CubeIDE_1.10.1/STM32CubeIDE/plugins/com.st.stm32cube.ide.mcu.externaltools.gnu-tools-for-stm32.11.3.rel1.win32_1.1.0.202305231506/tools/bin/../lib/gcc/arm-none-eabi/11.3.1/../../../../arm-none-eabi/lib/thumb/v7e-m+fp/hard\libc_nano.a(libc_a-wsetup.o)
                0x000000000800a1a0                __swsetup_r
 .text.memset   0x000000000800a250       0x10 C:/ST/STM32CubeIDE_1.10.1/STM32CubeIDE/plugins/com.st.stm32cube.ide.mcu.externaltools.gnu-tools-for-stm32.11.3.rel1.win32_1.1.0.202305231506/tools/bin/../lib/gcc/arm-none-eabi/11.3.1/../../../../arm-none-eabi/lib/thumb/v7e-m+fp/hard\libc_nano.a(libc_a-memset.o)
                0x000000000800a250                memset
 .text._close_r
                0x000000000800a260       0x20 C:/ST/STM32CubeIDE_1.10.1/STM32CubeIDE/plugins/com.st.stm32cube.ide.mcu.externaltools.gnu-tools-for-stm32.11.3.rel1.win32_1.1.0.202305231506/tools/bin/../lib/gcc/arm-none-eabi/11.3.1/../../../../arm-none-eabi/lib/thumb/v7e-m+fp/hard\libc_nano.a(libc_a-closer.o)
                0x000000000800a260                _close_r
 .text._lseek_r
                0x000000000800a280       0x24 C:/ST/STM32CubeIDE_1.10.1/STM32CubeIDE/plugins/com.st.stm32cube.ide.mcu.externaltools.gnu-tools-for-stm32.11.3.rel1.win32_1.1.0.202305231506/tools/bin/../lib/gcc/arm-none-eabi/11.3.1/../../../../arm-none-eabi/lib/thumb/v7e-m+fp/hard\libc_nano.a(libc_a-lseekr.o)
                0x000000000800a280                _lseek_r
 .text._read_r  0x000000000800a2a4       0x24 C:/ST/STM32CubeIDE_1.10.1/STM32CubeIDE/plugins/com.st.stm32cube.ide.mcu.externaltools.gnu-tools-for-stm32.11.3.rel1.win32_1.1.0.202305231506/tools/bin/../lib/gcc/arm-none-eabi/11.3.1/../../../../arm-none-eabi/lib/thumb/v7e-m+fp/hard\libc_nano.a(libc_a-readr.o)
                0x000000000800a2a4                _read_r
 .text._sbrk_r  0x000000000800a2c8       0x20 C:/ST/STM32CubeIDE_1.10.1/STM32CubeIDE/plugins/com.st.stm32cube.ide.mcu.externaltools.gnu-tools-for-stm32.11.3.rel1.win32_1.1.0.202305231506/tools/bin/../lib/gcc/arm-none-eabi/11.3.1/../../../../arm-none-eabi/lib/thumb/v7e-m+fp/hard\libc_nano.a(libc_a-sbrkr.o)
                0x000000000800a2c8                _sbrk_r
 .text._write_r
                0x000000000800a2e8       0x24 C:/ST/STM32CubeIDE_1.10.1/STM32CubeIDE/plugins/com.st.stm32cube.ide.mcu.externaltools.gnu-tools-for-stm32.11.3.rel1.win32_1.1.0.202305231506/tools/bin/../lib/gcc/arm-none-eabi/11.3.1/../../../../arm-none-eabi/lib/thumb/v7e-m+fp/hard\libc_nano.a(libc_a-writer.o)
                0x000000000800a2e8                _write_r
 .text.__errno  0x000000000800a30c        0xc C:/ST/STM32CubeIDE_1.10.1/STM32CubeIDE/plugins/com.st.stm32cube.ide.mcu.externaltools.gnu-tools-for-stm32.11.3.rel1.win32_1.1.0.202305231506/tools/bin/../lib/gcc/arm-none-eabi/11.3.1/../../../../arm-none-eabi/lib/thumb/v7e-m+fp/hard\libc_nano.a(libc_a-errno.o)
                0x000000000800a30c                __errno
 .text.__libc_init_array
                0x000000000800a318       0x48 C:/ST/STM32CubeIDE_1.10.1/STM32CubeIDE/plugins/com.st.stm32cube.ide.mcu.externaltools.gnu-tools-for-stm32.11.3.rel1.win32_1.1.0.202305231506/tools/bin/../lib/gcc/arm-none-eabi/11.3.1/../../../../arm-none-eabi/lib/thumb/v7e-m+fp/hard\libc_nano.a(libc_a-init.o)
                0x000000000800a318                __libc_init_array
 .text.__retarget_lock_acquire_recursive
                0x000000000800a360        0x2 C:/ST/STM32CubeIDE_1.10.1/STM32CubeIDE/plugins/com.st.stm32cube.ide.mcu.externaltools.gnu-tools-for-stm32.11.3.rel1.win32_1.1.0.202305231506/tools/bin/../lib/gcc/arm-none-eabi/11.3.1/../../../../arm-none-eabi/lib/thumb/v7e-m+fp/hard\libc_nano.a(libc_a-lock.o)
                0x000000000800a360                __retarget_lock_acquire_recursive
 .text.__retarget_lock_release_recursive
                0x000000000800a362        0x2 C:/ST/STM32CubeIDE_1.10.1/STM32CubeIDE/plugins/com.st.stm32cube.ide.mcu.externaltools.gnu-tools-for-stm32.11.3.rel1.win32_1.1.0.202305231506/tools/bin/../lib/gcc/arm-none-eabi/11.3.1/../../../../arm-none-eabi/lib/thumb/v7e-m+fp/hard\libc_nano.a(libc_a-lock.o)
                0x000000000800a362                __retarget_lock_release_recursive
 .text._free_r  0x000000000800a364       0x98 C:/ST/STM32CubeIDE_1.10.1/STM32CubeIDE/plugins/com.st.stm32cube.ide.mcu.externaltools.gnu-tools-for-stm32.11.3.rel1.win32_1.1.0.202305231506/tools/bin/../lib/gcc/arm-none-eabi/11.3.1/../../../../arm-none-eabi/lib/thumb/v7e-m+fp/hard\libc_nano.a(libc_a-freer.o)
                0x000000000800a364                _free_r
 .text.__ssputs_r
                0x000000000800a3fc       0xb4 C:/ST/STM32CubeIDE_1.10.1/STM32CubeIDE/plugins/com.st.stm32cube.ide.mcu.externaltools.gnu-tools-for-stm32.11.3.rel1.win32_1.1.0.202305231506/tools/bin/../lib/gcc/arm-none-eabi/11.3.1/../../../../arm-none-eabi/lib/thumb/v7e-m+fp/hard\libc_nano.a(libc_a-nano-svfprintf.o)
                0x000000000800a3fc                __ssputs_r
 .text._svfprintf_r
                0x000000000800a4b0      0x1fc C:/ST/STM32CubeIDE_1.10.1/STM32CubeIDE/plugins/com.st.stm32cube.ide.mcu.externaltools.gnu-tools-for-stm32.11.3.rel1.win32_1.1.0.202305231506/tools/bin/../lib/gcc/arm-none-eabi/11.3.1/../../../../arm-none-eabi/lib/thumb/v7e-m+fp/hard\libc_nano.a(libc_a-nano-svfprintf.o)
                0x000000000800a4b0                _svfiprintf_r
                0x000000000800a4b0                _svfprintf_r
 .text.__sfputc_r
                0x000000000800a6ac       0x2e C:/ST/STM32CubeIDE_1.10.1/STM32CubeIDE/plugins/com.st.stm32cube.ide.mcu.externaltools.gnu-tools-for-stm32.11.3.rel1.win32_1.1.0.202305231506/tools/bin/../lib/gcc/arm-none-eabi/11.3.1/../../../../arm-none-eabi/lib/thumb/v7e-m+fp/hard\libc_nano.a(libc_a-nano-vfprintf.o)
 .text.__sfputs_r
                0x000000000800a6da       0x24 C:/ST/STM32CubeIDE_1.10.1/STM32CubeIDE/plugins/com.st.stm32cube.ide.mcu.externaltools.gnu-tools-for-stm32.11.3.rel1.win32_1.1.0.202305231506/tools/bin/../lib/gcc/arm-none-eabi/11.3.1/../../../../arm-none-eabi/lib/thumb/v7e-m+fp/hard\libc_nano.a(libc_a-nano-vfprintf.o)
                0x000000000800a6da                __sfputs_r
 *fill*         0x000000000800a6fe        0x2 
 .text._vfprintf_r
                0x000000000800a700      0x234 C:/ST/STM32CubeIDE_1.10.1/STM32CubeIDE/plugins/com.st.stm32cube.ide.mcu.externaltools.gnu-tools-for-stm32.11.3.rel1.win32_1.1.0.202305231506/tools/bin/../lib/gcc/arm-none-eabi/11.3.1/../../../../arm-none-eabi/lib/thumb/v7e-m+fp/hard\libc_nano.a(libc_a-nano-vfprintf.o)
                0x000000000800a700                _vfprintf_r
                0x000000000800a700                _vfiprintf_r
 .text._printf_common
                0x000000000800a934       0xda C:/ST/STM32CubeIDE_1.10.1/STM32CubeIDE/plugins/com.st.stm32cube.ide.mcu.externaltools.gnu-tools-for-stm32.11.3.rel1.win32_1.1.0.202305231506/tools/bin/../lib/gcc/arm-none-eabi/11.3.1/../../../../arm-none-eabi/lib/thumb/v7e-m+fp/hard\libc_nano.a(libc_a-nano-vfprintf_i.o)
                0x000000000800a934                _printf_common
 *fill*         0x000000000800aa0e        0x2 
 .text._printf_i
                0x000000000800aa10      0x244 C:/ST/STM32CubeIDE_1.10.1/STM32CubeIDE/plugins/com.st.stm32cube.ide.mcu.externaltools.gnu-tools-for-stm32.11.3.rel1.win32_1.1.0.202305231506/tools/bin/../lib/gcc/arm-none-eabi/11.3.1/../../../../arm-none-eabi/lib/thumb/v7e-m+fp/hard\libc_nano.a(libc_a-nano-vfprintf_i.o)
                0x000000000800aa10                _printf_i
 .text.__sflush_r
                0x000000000800ac54      0x10c C:/ST/STM32CubeIDE_1.10.1/STM32CubeIDE/plugins/com.st.stm32cube.ide.mcu.externaltools.gnu-tools-for-stm32.11.3.rel1.win32_1.1.0.202305231506/tools/bin/../lib/gcc/arm-none-eabi/11.3.1/../../../../arm-none-eabi/lib/thumb/v7e-m+fp/hard\libc_nano.a(libc_a-fflush.o)
                0x000000000800ac54                __sflush_r
 .text._fflush_r
                0x000000000800ad60       0x50 C:/ST/STM32CubeIDE_1.10.1/STM32CubeIDE/plugins/com.st.stm32cube.ide.mcu.externaltools.gnu-tools-for-stm32.11.3.rel1.win32_1.1.0.202305231506/tools/bin/../lib/gcc/arm-none-eabi/11.3.1/../../../../arm-none-eabi/lib/thumb/v7e-m+fp/hard\libc_nano.a(libc_a-fflush.o)
                0x000000000800ad60                _fflush_r
 .text.__swhatbuf_r
                0x000000000800adb0       0x4c C:/ST/STM32CubeIDE_1.10.1/STM32CubeIDE/plugins/com.st.stm32cube.ide.mcu.externaltools.gnu-tools-for-stm32.11.3.rel1.win32_1.1.0.202305231506/tools/bin/../lib/gcc/arm-none-eabi/11.3.1/../../../../arm-none-eabi/lib/thumb/v7e-m+fp/hard\libc_nano.a(libc_a-makebuf.o)
                0x000000000800adb0                __swhatbuf_r
 .text.__smakebuf_r
                0x000000000800adfc       0x78 C:/ST/STM32CubeIDE_1.10.1/STM32CubeIDE/plugins/com.st.stm32cube.ide.mcu.externaltools.gnu-tools-for-stm32.11.3.rel1.win32_1.1.0.202305231506/tools/bin/../lib/gcc/arm-none-eabi/11.3.1/../../../../arm-none-eabi/lib/thumb/v7e-m+fp/hard\libc_nano.a(libc_a-makebuf.o)
                0x000000000800adfc                __smakebuf_r
 .text.memmove  0x000000000800ae74       0x34 C:/ST/STM32CubeIDE_1.10.1/STM32CubeIDE/plugins/com.st.stm32cube.ide.mcu.externaltools.gnu-tools-for-stm32.11.3.rel1.win32_1.1.0.202305231506/tools/bin/../lib/gcc/arm-none-eabi/11.3.1/../../../../arm-none-eabi/lib/thumb/v7e-m+fp/hard\libc_nano.a(libc_a-memmove.o)
                0x000000000800ae74                memmove
 .text._fstat_r
                0x000000000800aea8       0x24 C:/ST/STM32CubeIDE_1.10.1/STM32CubeIDE/plugins/com.st.stm32cube.ide.mcu.externaltools.gnu-tools-for-stm32.11.3.rel1.win32_1.1.0.202305231506/tools/bin/../lib/gcc/arm-none-eabi/11.3.1/../../../../arm-none-eabi/lib/thumb/v7e-m+fp/hard\libc_nano.a(libc_a-fstatr.o)
                0x000000000800aea8                _fstat_r
 .text._isatty_r
                0x000000000800aecc       0x20 C:/ST/STM32CubeIDE_1.10.1/STM32CubeIDE/plugins/com.st.stm32cube.ide.mcu.externaltools.gnu-tools-for-stm32.11.3.rel1.win32_1.1.0.202305231506/tools/bin/../lib/gcc/arm-none-eabi/11.3.1/../../../../arm-none-eabi/lib/thumb/v7e-m+fp/hard\libc_nano.a(libc_a-isattyr.o)
                0x000000000800aecc                _isatty_r
 .text.memcpy   0x000000000800aeec       0x1c C:/ST/STM32CubeIDE_1.10.1/STM32CubeIDE/plugins/com.st.stm32cube.ide.mcu.externaltools.gnu-tools-for-stm32.11.3.rel1.win32_1.1.0.202305231506/tools/bin/../lib/gcc/arm-none-eabi/11.3.1/../../../../arm-none-eabi/lib/thumb/v7e-m+fp/hard\libc_nano.a(libc_a-memcpy-stub.o)
                0x000000000800aeec                memcpy
 .text._realloc_r
                0x000000000800af08       0x5e C:/ST/STM32CubeIDE_1.10.1/STM32CubeIDE/plugins/com.st.stm32cube.ide.mcu.externaltools.gnu-tools-for-stm32.11.3.rel1.win32_1.1.0.202305231506/tools/bin/../lib/gcc/arm-none-eabi/11.3.1/../../../../arm-none-eabi/lib/thumb/v7e-m+fp/hard\libc_nano.a(libc_a-reallocr.o)
                0x000000000800af08                _realloc_r
 .text._malloc_usable_size_r
                0x000000000800af66       0x10 C:/ST/STM32CubeIDE_1.10.1/STM32CubeIDE/plugins/com.st.stm32cube.ide.mcu.externaltools.gnu-tools-for-stm32.11.3.rel1.win32_1.1.0.202305231506/tools/bin/../lib/gcc/arm-none-eabi/11.3.1/../../../../arm-none-eabi/lib/thumb/v7e-m+fp/hard\libc_nano.a(libc_a-msizer.o)
                0x000000000800af66                _malloc_usable_size_r
 .text.atan2    0x000000000800af76        0x4 C:/ST/STM32CubeIDE_1.10.1/STM32CubeIDE/plugins/com.st.stm32cube.ide.mcu.externaltools.gnu-tools-for-stm32.11.3.rel1.win32_1.1.0.202305231506/tools/bin/../lib/gcc/arm-none-eabi/11.3.1/../../../../arm-none-eabi/lib/thumb/v7e-m+fp/hard\libm.a(libm_a-w_atan2.o)
                0x000000000800af76                atan2
 *fill*         0x000000000800af7a        0x2 
 .text.pow      0x000000000800af7c       0xe0 C:/ST/STM32CubeIDE_1.10.1/STM32CubeIDE/plugins/com.st.stm32cube.ide.mcu.externaltools.gnu-tools-for-stm32.11.3.rel1.win32_1.1.0.202305231506/tools/bin/../lib/gcc/arm-none-eabi/11.3.1/../../../../arm-none-eabi/lib/thumb/v7e-m+fp/hard\libm.a(libm_a-w_pow.o)
                0x000000000800af7c                pow
 .text.sqrt     0x000000000800b05c       0x58 C:/ST/STM32CubeIDE_1.10.1/STM32CubeIDE/plugins/com.st.stm32cube.ide.mcu.externaltools.gnu-tools-for-stm32.11.3.rel1.win32_1.1.0.202305231506/tools/bin/../lib/gcc/arm-none-eabi/11.3.1/../../../../arm-none-eabi/lib/thumb/v7e-m+fp/hard\libm.a(libm_a-w_sqrt.o)
                0x000000000800b05c                sqrt
 *fill*         0x000000000800b0b4        0x4 
 .text.cos      0x000000000800b0b8       0xa8 C:/ST/STM32CubeIDE_1.10.1/STM32CubeIDE/plugins/com.st.stm32cube.ide.mcu.externaltools.gnu-tools-for-stm32.11.3.rel1.win32_1.1.0.202305231506/tools/bin/../lib/gcc/arm-none-eabi/11.3.1/../../../../arm-none-eabi/lib/thumb/v7e-m+fp/hard\libm.a(libm_a-s_cos.o)
                0x000000000800b0b8                cos
 .text.sin      0x000000000800b160       0xb0 C:/ST/STM32CubeIDE_1.10.1/STM32CubeIDE/plugins/com.st.stm32cube.ide.mcu.externaltools.gnu-tools-for-stm32.11.3.rel1.win32_1.1.0.202305231506/tools/bin/../lib/gcc/arm-none-eabi/11.3.1/../../../../arm-none-eabi/lib/thumb/v7e-m+fp/hard\libm.a(libm_a-s_sin.o)
                0x000000000800b160                sin
 .text.finite   0x000000000800b210       0x16 C:/ST/STM32CubeIDE_1.10.1/STM32CubeIDE/plugins/com.st.stm32cube.ide.mcu.externaltools.gnu-tools-for-stm32.11.3.rel1.win32_1.1.0.202305231506/tools/bin/../lib/gcc/arm-none-eabi/11.3.1/../../../../arm-none-eabi/lib/thumb/v7e-m+fp/hard\libm.a(libm_a-s_finite.o)
                0x000000000800b210                finite
 *fill*         0x000000000800b226        0x2 
 .text.__ieee754_sqrt
                0x000000000800b228      0x1b4 C:/ST/STM32CubeIDE_1.10.1/STM32CubeIDE/plugins/com.st.stm32cube.ide.mcu.externaltools.gnu-tools-for-stm32.11.3.rel1.win32_1.1.0.202305231506/tools/bin/../lib/gcc/arm-none-eabi/11.3.1/../../../../arm-none-eabi/lib/thumb/v7e-m+fp/hard\libm.a(libm_a-e_sqrt.o)
                0x000000000800b228                __ieee754_sqrt
 *fill*         0x000000000800b3dc        0x4 
 .text.__kernel_cos
                0x000000000800b3e0      0x18c C:/ST/STM32CubeIDE_1.10.1/STM32CubeIDE/plugins/com.st.stm32cube.ide.mcu.externaltools.gnu-tools-for-stm32.11.3.rel1.win32_1.1.0.202305231506/tools/bin/../lib/gcc/arm-none-eabi/11.3.1/../../../../arm-none-eabi/lib/thumb/v7e-m+fp/hard\libm.a(libm_a-k_cos.o)
                0x000000000800b3e0                __kernel_cos
 *fill*         0x000000000800b56c        0x4 
 .text.__kernel_sin
                0x000000000800b570      0x17c C:/ST/STM32CubeIDE_1.10.1/STM32CubeIDE/plugins/com.st.stm32cube.ide.mcu.externaltools.gnu-tools-for-stm32.11.3.rel1.win32_1.1.0.202305231506/tools/bin/../lib/gcc/arm-none-eabi/11.3.1/../../../../arm-none-eabi/lib/thumb/v7e-m+fp/hard\libm.a(libm_a-k_sin.o)
                0x000000000800b570                __kernel_sin
 *fill*         0x000000000800b6ec        0x4 
 .text.__ieee754_atan2
                0x000000000800b6f0      0x18c C:/ST/STM32CubeIDE_1.10.1/STM32CubeIDE/plugins/com.st.stm32cube.ide.mcu.externaltools.gnu-tools-for-stm32.11.3.rel1.win32_1.1.0.202305231506/tools/bin/../lib/gcc/arm-none-eabi/11.3.1/../../../../arm-none-eabi/lib/thumb/v7e-m+fp/hard\libm.a(libm_a-e_atan2.o)
                0x000000000800b6f0                __ieee754_atan2
 *fill*         0x000000000800b87c        0x4 
 .text.__ieee754_pow
                0x000000000800b880      0xa54 C:/ST/STM32CubeIDE_1.10.1/STM32CubeIDE/plugins/com.st.stm32cube.ide.mcu.externaltools.gnu-tools-for-stm32.11.3.rel1.win32_1.1.0.202305231506/tools/bin/../lib/gcc/arm-none-eabi/11.3.1/../../../../arm-none-eabi/lib/thumb/v7e-m+fp/hard\libm.a(libm_a-e_pow.o)
                0x000000000800b880                __ieee754_pow
 *fill*         0x000000000800c2d4        0x4 
 .text.__ieee754_rem_pio2
                0x000000000800c2d8      0x40c C:/ST/STM32CubeIDE_1.10.1/STM32CubeIDE/plugins/com.st.stm32cube.ide.mcu.externaltools.gnu-tools-for-stm32.11.3.rel1.win32_1.1.0.202305231506/tools/bin/../lib/gcc/arm-none-eabi/11.3.1/../../../../arm-none-eabi/lib/thumb/v7e-m+fp/hard\libm.a(libm_a-e_rem_pio2.o)
                0x000000000800c2d8                __ieee754_rem_pio2
 *fill*         0x000000000800c6e4        0x4 
 .text.atan     0x000000000800c6e8      0x340 C:/ST/STM32CubeIDE_1.10.1/STM32CubeIDE/plugins/com.st.stm32cube.ide.mcu.externaltools.gnu-tools-for-stm32.11.3.rel1.win32_1.1.0.202305231506/tools/bin/../lib/gcc/arm-none-eabi/11.3.1/../../../../arm-none-eabi/lib/thumb/v7e-m+fp/hard\libm.a(libm_a-s_atan.o)
                0x000000000800c6e8                atan
 .text.fabs     0x000000000800ca28       0x12 C:/ST/STM32CubeIDE_1.10.1/STM32CubeIDE/plugins/com.st.stm32cube.ide.mcu.externaltools.gnu-tools-for-stm32.11.3.rel1.win32_1.1.0.202305231506/tools/bin/../lib/gcc/arm-none-eabi/11.3.1/../../../../arm-none-eabi/lib/thumb/v7e-m+fp/hard\libm.a(libm_a-s_fabs.o)
                0x000000000800ca28                fabs
 *fill*         0x000000000800ca3a        0x6 
 .text.scalbn   0x000000000800ca40       0xfc C:/ST/STM32CubeIDE_1.10.1/STM32CubeIDE/plugins/com.st.stm32cube.ide.mcu.externaltools.gnu-tools-for-stm32.11.3.rel1.win32_1.1.0.202305231506/tools/bin/../lib/gcc/arm-none-eabi/11.3.1/../../../../arm-none-eabi/lib/thumb/v7e-m+fp/hard\libm.a(libm_a-s_scalbn.o)
                0x000000000800ca40                scalbn
 .text.with_errno
                0x000000000800cb3c       0x14 C:/ST/STM32CubeIDE_1.10.1/STM32CubeIDE/plugins/com.st.stm32cube.ide.mcu.externaltools.gnu-tools-for-stm32.11.3.rel1.win32_1.1.0.202305231506/tools/bin/../lib/gcc/arm-none-eabi/11.3.1/../../../../arm-none-eabi/lib/thumb/v7e-m+fp/hard\libm.a(libm_a-math_err.o)
 .text.xflow    0x000000000800cb50       0x28 C:/ST/STM32CubeIDE_1.10.1/STM32CubeIDE/plugins/com.st.stm32cube.ide.mcu.externaltools.gnu-tools-for-stm32.11.3.rel1.win32_1.1.0.202305231506/tools/bin/../lib/gcc/arm-none-eabi/11.3.1/../../../../arm-none-eabi/lib/thumb/v7e-m+fp/hard\libm.a(libm_a-math_err.o)
 .text.__math_uflow
                0x000000000800cb78       0x12 C:/ST/STM32CubeIDE_1.10.1/STM32CubeIDE/plugins/com.st.stm32cube.ide.mcu.externaltools.gnu-tools-for-stm32.11.3.rel1.win32_1.1.0.202305231506/tools/bin/../lib/gcc/arm-none-eabi/11.3.1/../../../../arm-none-eabi/lib/thumb/v7e-m+fp/hard\libm.a(libm_a-math_err.o)
                0x000000000800cb78                __math_uflow
 .text.__math_oflow
                0x000000000800cb8a       0x12 C:/ST/STM32CubeIDE_1.10.1/STM32CubeIDE/plugins/com.st.stm32cube.ide.mcu.externaltools.gnu-tools-for-stm32.11.3.rel1.win32_1.1.0.202305231506/tools/bin/../lib/gcc/arm-none-eabi/11.3.1/../../../../arm-none-eabi/lib/thumb/v7e-m+fp/hard\libm.a(libm_a-math_err.o)
                0x000000000800cb8a                __math_oflow
 *fill*         0x000000000800cb9c        0x4 
 .text.__kernel_rem_pio2
                0x000000000800cba0      0x69c C:/ST/STM32CubeIDE_1.10.1/STM32CubeIDE/plugins/com.st.stm32cube.ide.mcu.externaltools.gnu-tools-for-stm32.11.3.rel1.win32_1.1.0.202305231506/tools/bin/../lib/gcc/arm-none-eabi/11.3.1/../../../../arm-none-eabi/lib/thumb/v7e-m+fp/hard\libm.a(libm_a-k_rem_pio2.o)
                0x000000000800cba0                __kernel_rem_pio2
 *fill*         0x000000000800d23c        0x4 
 .text.floor    0x000000000800d240      0x100 C:/ST/STM32CubeIDE_1.10.1/STM32CubeIDE/plugins/com.st.stm32cube.ide.mcu.externaltools.gnu-tools-for-stm32.11.3.rel1.win32_1.1.0.202305231506/tools/bin/../lib/gcc/arm-none-eabi/11.3.1/../../../../arm-none-eabi/lib/thumb/v7e-m+fp/hard\libm.a(libm_a-s_floor.o)
                0x000000000800d240                floor
 .text._sbrk    0x000000000800d340       0x1c C:/ST/STM32CubeIDE_1.10.1/STM32CubeIDE/plugins/com.st.stm32cube.ide.mcu.externaltools.gnu-tools-for-stm32.11.3.rel1.win32_1.1.0.202305231506/tools/bin/../lib/gcc/arm-none-eabi/11.3.1/../../../../arm-none-eabi/lib/thumb/v7e-m+fp/hard\libnosys.a(sbrk.o)
                0x000000000800d340                _sbrk
 *(.glue_7)
 .glue_7        0x000000000800d35c        0x0 linker stubs
 *(.glue_7t)
 .glue_7t       0x000000000800d35c        0x0 linker stubs
 *(.eh_frame)
 .eh_frame      0x000000000800d35c        0x0 C:/ST/STM32CubeIDE_1.10.1/STM32CubeIDE/plugins/com.st.stm32cube.ide.mcu.externaltools.gnu-tools-for-stm32.11.3.rel1.win32_1.1.0.202305231506/tools/bin/../lib/gcc/arm-none-eabi/11.3.1/thumb/v7e-m+fp/hard/crtbegin.o
 *(.init)
 .init          0x000000000800d35c        0x4 C:/ST/STM32CubeIDE_1.10.1/STM32CubeIDE/plugins/com.st.stm32cube.ide.mcu.externaltools.gnu-tools-for-stm32.11.3.rel1.win32_1.1.0.202305231506/tools/bin/../lib/gcc/arm-none-eabi/11.3.1/thumb/v7e-m+fp/hard/crti.o
                0x000000000800d35c                _init
 .init          0x000000000800d360        0x8 C:/ST/STM32CubeIDE_1.10.1/STM32CubeIDE/plugins/com.st.stm32cube.ide.mcu.externaltools.gnu-tools-for-stm32.11.3.rel1.win32_1.1.0.202305231506/tools/bin/../lib/gcc/arm-none-eabi/11.3.1/thumb/v7e-m+fp/hard/crtn.o
 *(.fini)
 .fini          0x000000000800d368        0x4 C:/ST/STM32CubeIDE_1.10.1/STM32CubeIDE/plugins/com.st.stm32cube.ide.mcu.externaltools.gnu-tools-for-stm32.11.3.rel1.win32_1.1.0.202305231506/tools/bin/../lib/gcc/arm-none-eabi/11.3.1/thumb/v7e-m+fp/hard/crti.o
                0x000000000800d368                _fini
 .fini          0x000000000800d36c        0x8 C:/ST/STM32CubeIDE_1.10.1/STM32CubeIDE/plugins/com.st.stm32cube.ide.mcu.externaltools.gnu-tools-for-stm32.11.3.rel1.win32_1.1.0.202305231506/tools/bin/../lib/gcc/arm-none-eabi/11.3.1/thumb/v7e-m+fp/hard/crtn.o
                0x000000000800d374                . = ALIGN (0x4)
                0x000000000800d374                _etext = .

.vfp11_veneer   0x000000000800d374        0x0
 .vfp11_veneer  0x000000000800d374        0x0 linker stubs
