Archive member included to satisfy reference by file (symbol)

C:/ST/STM32CubeIDE_1.10.1/STM32CubeIDE/plugins/com.st.stm32cube.ide.mcu.externaltools.gnu-tools-for-stm32.11.3.rel1.win32_1.1.0.202305231506/tools/bin/../lib/gcc/arm-none-eabi/11.3.1/../../../../arm-none-eabi/lib/thumb/v7e-m+fp/hard\libc_nano.a(libc_a-exit.o)
                              C:/ST/STM32CubeIDE_1.10.1/STM32CubeIDE/plugins/com.st.stm32cube.ide.mcu.externaltools.gnu-tools-for-stm32.11.3.rel1.win32_1.1.0.202305231506/tools/bin/../lib/gcc/arm-none-eabi/11.3.1/../../../../arm-none-eabi/lib/thumb/v7e-m+fp/hard/crt0.o (exit)
C:/ST/STM32CubeIDE_1.10.1/STM32CubeIDE/plugins/com.st.stm32cube.ide.mcu.externaltools.gnu-tools-for-stm32.11.3.rel1.win32_1.1.0.202305231506/tools/bin/../lib/gcc/arm-none-eabi/11.3.1/../../../../arm-none-eabi/lib/thumb/v7e-m+fp/hard\libc_nano.a(libc_a-findfp.o)
                              C:/ST/STM32CubeIDE_1.10.1/STM32CubeIDE/plugins/com.st.stm32cube.ide.mcu.externaltools.gnu-tools-for-stm32.11.3.rel1.win32_1.1.0.202305231506/tools/bin/../lib/gcc/arm-none-eabi/11.3.1/../../../../arm-none-eabi/lib/thumb/v7e-m+fp/hard\libc_nano.a(libc_a-exit.o) (__stdio_exit_handler)
C:/ST/STM32CubeIDE_1.10.1/STM32CubeIDE/plugins/com.st.stm32cube.ide.mcu.externaltools.gnu-tools-for-stm32.11.3.rel1.win32_1.1.0.202305231506/tools/bin/../lib/gcc/arm-none-eabi/11.3.1/../../../../arm-none-eabi/lib/thumb/v7e-m+fp/hard\libc_nano.a(libc_a-fwalk.o)
                              C:/ST/STM32CubeIDE_1.10.1/STM32CubeIDE/plugins/com.st.stm32cube.ide.mcu.externaltools.gnu-tools-for-stm32.11.3.rel1.win32_1.1.0.202305231506/tools/bin/../lib/gcc/arm-none-eabi/11.3.1/../../../../arm-none-eabi/lib/thumb/v7e-m+fp/hard\libc_nano.a(libc_a-findfp.o) (_fwalk_sglue)
C:/ST/STM32CubeIDE_1.10.1/STM32CubeIDE/plugins/com.st.stm32cube.ide.mcu.externaltools.gnu-tools-for-stm32.11.3.rel1.win32_1.1.0.202305231506/tools/bin/../lib/gcc/arm-none-eabi/11.3.1/../../../../arm-none-eabi/lib/thumb/v7e-m+fp/hard\libc_nano.a(libc_a-printf.o)
                              ./Core/Src/dma_ring.o (printf)
C:/ST/STM32CubeIDE_1.10.1/STM32CubeIDE/plugins/com.st.stm32cube.ide.mcu.externaltools.gnu-tools-for-stm32.11.3.rel1.win32_1.1.0.202305231506/tools/bin/../lib/gcc/arm-none-eabi/11.3.1/../../../../arm-none-eabi/lib/thumb/v7e-m+fp/hard\libc_nano.a(libc_a-puts.o)
                              ./Core/Src/dma_ring.o (puts)
C:/ST/STM32CubeIDE_1.10.1/STM32CubeIDE/plugins/com.st.stm32cube.ide.mcu.externaltools.gnu-tools-for-stm32.11.3.rel1.win32_1.1.0.202305231506/tools/bin/../lib/gcc/arm-none-eabi/11.3.1/../../../../arm-none-eabi/lib/thumb/v7e-m+fp/hard\libc_nano.a(libc_a-setbuf.o)
                              ./Core/Src/main.o (setbuf)
C:/ST/STM32CubeIDE_1.10.1/STM32CubeIDE/plugins/com.st.stm32cube.ide.mcu.externaltools.gnu-tools-for-stm32.11.3.rel1.win32_1.1.0.202305231506/tools/bin/../lib/gcc/arm-none-eabi/11.3.1/../../../../arm-none-eabi/lib/thumb/v7e-m+fp/hard\libc_nano.a(libc_a-setvbuf.o)
                              C:/ST/STM32CubeIDE_1.10.1/STM32CubeIDE/plugins/com.st.stm32cube.ide.mcu.externaltools.gnu-tools-for-stm32.11.3.rel1.win32_1.1.0.202305231506/tools/bin/../lib/gcc/arm-none-eabi/11.3.1/../../../../arm-none-eabi/lib/thumb/v7e-m+fp/hard\libc_nano.a(libc_a-setbuf.o) (setvbuf)
C:/ST/STM32CubeIDE_1.10.1/STM32CubeIDE/plugins/com.st.stm32cube.ide.mcu.externaltools.gnu-tools-for-stm32.11.3.rel1.win32_1.1.0.202305231506/tools/bin/../lib/gcc/arm-none-eabi/11.3.1/../../../../arm-none-eabi/lib/thumb/v7e-m+fp/hard\libc_nano.a(libc_a-stdio.o)
                              C:/ST/STM32CubeIDE_1.10.1/STM32CubeIDE/plugins/com.st.stm32cube.ide.mcu.externaltools.gnu-tools-for-stm32.11.3.rel1.win32_1.1.0.202305231506/tools/bin/../lib/gcc/arm-none-eabi/11.3.1/../../../../arm-none-eabi/lib/thumb/v7e-m+fp/hard\libc_nano.a(libc_a-findfp.o) (__sread)
C:/ST/STM32CubeIDE_1.10.1/STM32CubeIDE/plugins/com.st.stm32cube.ide.mcu.externaltools.gnu-tools-for-stm32.11.3.rel1.win32_1.1.0.202305231506/tools/bin/../lib/gcc/arm-none-eabi/11.3.1/../../../../arm-none-eabi/lib/thumb/v7e-m+fp/hard\libc_nano.a(libc_a-wbuf.o)
                              C:/ST/STM32CubeIDE_1.10.1/STM32CubeIDE/plugins/com.st.stm32cube.ide.mcu.externaltools.gnu-tools-for-stm32.11.3.rel1.win32_1.1.0.202305231506/tools/bin/../lib/gcc/arm-none-eabi/11.3.1/../../../../arm-none-eabi/lib/thumb/v7e-m+fp/hard\libc_nano.a(libc_a-puts.o) (__swbuf_r)
C:/ST/STM32CubeIDE_1.10.1/STM32CubeIDE/plugins/com.st.stm32cube.ide.mcu.externaltools.gnu-tools-for-stm32.11.3.rel1.win32_1.1.0.202305231506/tools/bin/../lib/gcc/arm-none-eabi/11.3.1/../../../../arm-none-eabi/lib/thumb/v7e-m+fp/hard\libc_nano.a(libc_a-wsetup.o)
                              C:/ST/STM32CubeIDE_1.10.1/STM32CubeIDE/plugins/com.st.stm32cube.ide.mcu.externaltools.gnu-tools-for-stm32.11.3.rel1.win32_1.1.0.202305231506/tools/bin/../lib/gcc/arm-none-eabi/11.3.1/../../../../arm-none-eabi/lib/thumb/v7e-m+fp/hard\libc_nano.a(libc_a-puts.o) (__swsetup_r)
[...]
Memory Configuration

Name             Origin             Length             Attributes
RAM              0x0000000020000000 0x0000000000020000 xrw
FLASH            0x0000000008000000 0x0000000000080000 xr
*default*        0x0000000000000000 0xffffffffffffffff

Linker script and memory map

LOAD C:/ST/STM32CubeIDE_1.10.1/STM32CubeIDE/plugins/com.st.stm32cube.ide.mcu.externaltools.gnu-tools-for-stm32.11.3.rel1.win32_1.1.0.202305231506/tools/bin/../lib/gcc/arm-none-eabi/11.3.1/thumb/v7e-m+fp/hard/crti.o
LOAD C:/ST/STM32CubeIDE_1.10.1/STM32CubeIDE/plugins/com.st.stm32cube.ide.mcu.externaltools.gnu-tools-for-stm32.11.3.rel1.win32_1.1.0.202305231506/tools/bin/../lib/gcc/arm-none-eabi/11.3.1/thumb/v7e-m+fp/hard/crtbegin.o
LOAD C:/ST/STM32CubeIDE_1.10.1/STM32CubeIDE/plugins/com.st.stm32cube.ide.mcu.externaltools.gnu-tools-for-stm32.11.3.rel1.win32_1.1.0.202305231506/tools/bin/../lib/gcc/arm-none-eabi/11.3.1/../../../../arm-none-eabi/lib/thumb/v7e-m+fp/hard/crt0.o
LOAD ./Core/Src/actuator.o
LOAD ./Core/Src/adc.o
LOAD ./Core/Src/can_ibis.o
LOAD ./Core/Src/dma.o
LOAD ./Core/Src/dma_printf.o
LOAD ./Core/Src/dma_ring.o
LOAD ./Core/Src/dma_scanf.o
LOAD ./Core/Src/fdcan.o
LOAD ./Core/Src/gpio.o
LOAD ./Core/Src/icm20602_spi.o
LOAD ./Core/Src/keeper.o
LOAD ./Core/Src/main.o
LOAD ./Core/Src/microsectimer.o
LOAD ./Core/Src/myatan2.o
LOAD ./Core/Src/omni_wheel.o
LOAD ./Core/Src/spi.o
LOAD ./Core/Src/stm32g4xx_hal_msp.o
LOAD ./Core/Src/stm32g4xx_it.o
LOAD ./Core/Src/syscalls.o
LOAD ./Core/Src/system_stm32g4xx.o
LOAD ./Core/Src/tim.o
LOAD ./Core/Src/usart.o
LOAD ./Core/Src/util.o
LOAD ./Core/Startup/startup_stm32g474retx.o
LOAD ./Drivers/STM32G4xx_HAL_Driver/Src/stm32g4xx_hal.o
LOAD ./Drivers/STM32G4xx_HAL_Driver/Src/stm32g4xx_hal_adc.o
LOAD ./Drivers/STM32G4xx_HAL_Driver/Src/stm32g4xx_hal_adc_ex.o
LOAD ./Drivers/STM32G4xx_HAL_Driver/Src/stm32g4xx_hal_cortex.o
LOAD ./Drivers/STM32G4xx_HAL_Driver/Src/stm32g4xx_hal_dma.o
LOAD ./Drivers/STM32G4xx_HAL_Driver/Src/stm32g4xx_hal_dma_ex.o
LOAD ./Drivers/STM32G4xx_HAL_Driver/Src/stm32g4xx_hal_exti.o
LOAD ./Drivers/STM32G4xx_HAL_Driver/Src/stm32g4xx_hal_fdcan.o
LOAD ./Drivers/STM32G4xx_HAL_Driver/Src/stm32g4xx_hal_flash.o
LOAD ./Drivers/STM32G4xx_HAL_Driver/Src/stm32g4xx_hal_flash_ex.o
LOAD ./Drivers/STM32G4xx_HAL_Driver/Src/stm32g4xx_hal_flash_ramfunc.o
LOAD ./Drivers/STM32G4xx_HAL_Driver/Src/stm32g4xx_hal_gpio.o
LOAD ./Drivers/STM32G4xx_HAL_Driver/Src/stm32g4xx_hal_pwr.o
LOAD ./Drivers/STM32G4xx_HAL_Driver/Src/stm32g4xx_hal_pwr_ex.o
LOAD ./Drivers/STM32G4xx_HAL_Driver/Src/stm32g4xx_hal_rcc.o
LOAD ./Drivers/STM32G4xx_HAL_Driver/Src/stm32g4xx_hal_rcc_ex.o
LOAD ./Drivers/STM32G4xx_HAL_Driver/Src/stm32g4xx_hal_spi.o
LOAD ./Drivers/STM32G4xx_HAL_Driver/Src/stm32g4xx_hal_spi_ex.o
LOAD ./Drivers/STM32G4xx_HAL_Driver/Src/stm32g4xx_hal_tim.o
LOAD ./Drivers/STM32G4xx_HAL_Driver/Src/stm32g4xx_hal_tim_ex.o
LOAD ./Drivers/STM32G4xx_HAL_Driver/Src/stm32g4xx_hal_uart.o
LOAD ./Drivers/STM32G4xx_HAL_Driver/Src/stm32g4xx_hal_uart_ex.o
LOAD ./Drivers/STM32G4xx_HAL_Driver/Src/stm32g4xx_ll_adc.o
START GROUP
LOAD C:/ST/STM32CubeIDE_1.10.1/STM32CubeIDE/plugins/com.st.stm32cube.ide.mcu.externaltools.gnu-tools-for-stm32.11.3.rel1.win32_1.1.0.202305231506/tools/bin/../lib/gcc/arm-none-eabi/11.3.1/../../../../arm-none-eabi/lib/thumb/v7e-m+fp/hard\libc_nano.a
LOAD C:/ST/STM32CubeIDE_1.10.1/STM32CubeIDE/plugins/com.st.stm32cube.ide.mcu.externaltools.gnu-tools-for-stm32.11.3.rel1.win32_1.1.0.202305231506/tools/bin/../lib/gcc/arm-none-eabi/11.3.1/../../../../arm-none-eabi/lib/thumb/v7e-m+fp/hard\libm.a
END GROUP
START GROUP
LOAD C:/ST/STM32CubeIDE_1.10.1/STM32CubeIDE/plugins/com.st.stm32cube.ide.mcu.externaltools.gnu-tools-for-stm32.11.3.rel1.win32_1.1.0.202305231506/tools/bin/../lib/gcc/arm-none-eabi/11.3.1/thumb/v7e-m+fp/hard\libgcc.a
LOAD C:/ST/STM32CubeIDE_1.10.1/STM32CubeIDE/plugins/com.st.stm32cube.ide.mcu.externaltools.gnu-tools-for-stm32.11.3.rel1.win32_1.1.0.202305231506/tools/bin/../lib/gcc/arm-none-eabi/11.3.1/../../../../arm-none-eabi/lib/thumb/v7e-m+fp/hard\libc_nano.a
END GROUP
START GROUP
LOAD C:/ST/STM32CubeIDE_1.10.1/STM32CubeIDE/plugins/com.st.stm32cube.ide.mcu.externaltools.gnu-tools-for-stm32.11.3.rel1.win32_1.1.0.202305231506/tools/bin/../lib/gcc/arm-none-eabi/11.3.1/thumb/v7e-m+fp/hard\libgcc.a
LOAD C:/ST/STM32CubeIDE_1.10.1/STM32CubeIDE/plugins/com.st.stm32cube.ide.mcu.externaltools.gnu-tools-for-stm32.11.3.rel1.win32_1.1.0.202305231506/tools/bin/../lib/gcc/arm-none-eabi/11.3.1/../../../../arm-none-eabi/lib/thumb/v7e-m+fp/hard\libc_nano.a
LOAD C:/ST/STM32CubeIDE_1.10.1/STM32CubeIDE/plugins/com.st.stm32cube.ide.mcu.externaltools.gnu-tools-for-stm32.11.3.rel1.win32_1.1.0.202305231506/tools/bin/../lib/gcc/arm-none-eabi/11.3.1/../../../../arm-none-eabi/lib/thumb/v7e-m+fp/hard\libnosys.a
END GROUP
START GROUP
LOAD C:/ST/STM32CubeIDE_1.10.1/STM32CubeIDE/plugins/com.st.stm32cube.ide.mcu.externaltools.gnu-tools-for-stm32.11.3.rel1.win32_1.1.0.202305231506/tools/bin/../lib/gcc/arm-none-eabi/11.3.1/thumb/v7e-m+fp/hard\libgcc.a
LOAD C:/ST/STM32CubeIDE_1.10.1/STM32CubeIDE/plugins/com.st.stm32cube.ide.mcu.externaltools.gnu-tools-for-stm32.11.3.rel1.win32_1.1.0.202305231506/tools/bin/../lib/gcc/arm-none-eabi/11.3.1/../../../../arm-none-eabi/lib/thumb/v7e-m+fp/hard\libc_nano.a
LOAD C:/ST/STM32CubeIDE_1.10.1/STM32CubeIDE/plugins/com.st.stm32cube.ide.mcu.externaltools.gnu-tools-for-stm32.11.3.rel1.win32_1.1.0.202305231506/tools/bin/../lib/gcc/arm-none-eabi/11.3.1/../../../../arm-none-eabi/lib/thumb/v7e-m+fp/hard\libnosys.a
END GROUP
LOAD C:/ST/STM32CubeIDE_1.10.1/STM32CubeIDE/plugins/com.st.stm32cube.ide.mcu.externaltools.gnu-tools-for-stm32.11.3.rel1.win32_1.1.0.202305231506/tools/bin/../lib/gcc/arm-none-eabi/11.3.1/thumb/v7e-m+fp/hard/crtend.o
LOAD C:/ST/STM32CubeIDE_1.10.1/STM32CubeIDE/plugins/com.st.stm32cube.ide.mcu.externaltools.gnu-tools-for-stm32.11.3.rel1.win32_1.1.0.202305231506/tools/bin/../lib/gcc/arm-none-eabi/11.3.1/thumb/v7e-m+fp/hard/crtn.o
                0x0000000020020000                _estack = (ORIGIN (RAM) + LENGTH (RAM))
                0x0000000000000200                _Min_Heap_Size = 0x200
                0x0000000000000400                _Min_Stack_Size = 0x400

.isr_vector     0x0000000008000000      0x1d8
                0x0000000008000000                . = ALIGN (0x4)
 *(.isr_vector)
 .isr_vector    0x0000000008000000      0x1d8 ./Core/Startup/startup_stm32g474retx.o
                0x0000000008000000                g_pfnVectors
                0x00000000080001d8                . = ALIGN (0x4)

.text           0x00000000080001e0     0xa22c
                0x00000000080001e0                . = ALIGN (0x4)
 *(.text)
 .text          0x00000000080001e0       0x40 C:/ST/STM32CubeIDE_1.10.1/STM32CubeIDE/plugins/com.st.stm32cube.ide.mcu.externaltools.gnu-tools-for-stm32.11.3.rel1.win32_1.1.0.202305231506/tools/bin/../lib/gcc/arm-none-eabi/11.3.1/thumb/v7e-m+fp/hard/crtbegin.o
 .text          0x0000000008000220       0xa0 C:/ST/STM32CubeIDE_1.10.1/STM32CubeIDE/plugins/com.st.stm32cube.ide.mcu.externaltools.gnu-tools-for-stm32.11.3.rel1.win32_1.1.0.202305231506/tools/bin/../lib/gcc/arm-none-eabi/11.3.1/../../../../arm-none-eabi/lib/thumb/v7e-m+fp/hard\libc_nano.a(libc_a-memchr.o)
                0x0000000008000220                memchr
 .text          0x00000000080002c0      0x378 C:/ST/STM32CubeIDE_1.10.1/STM32CubeIDE/plugins/com.st.stm32cube.ide.mcu.externaltools.gnu-tools-for-stm32.11.3.rel1.win32_1.1.0.202305231506/tools/bin/../lib/gcc/arm-none-eabi/11.3.1/thumb/v7e-m+fp/hard\libgcc.a(_arm_addsubdf3.o)
                0x00000000080002c0                __aeabi_drsub
                0x00000000080002c8                __aeabi_dsub
                0x00000000080002c8                __subdf3
                0x00000000080002cc                __aeabi_dadd
                0x00000000080002cc                __adddf3
                0x0000000008000544                __floatunsidf
                0x0000000008000544                __aeabi_ui2d
                0x0000000008000564                __floatsidf
                0x0000000008000564                __aeabi_i2d
                0x0000000008000588                __aeabi_f2d
                0x0000000008000588                __extendsfdf2
                0x00000000080005cc                __floatundidf
                0x00000000080005cc                __aeabi_ul2d
                0x00000000080005dc                __floatdidf
                0x00000000080005dc                __aeabi_l2d
 .text          0x0000000008000638      0x424 C:/ST/STM32CubeIDE_1.10.1/STM32CubeIDE/plugins/com.st.stm32cube.ide.mcu.externaltools.gnu-tools-for-stm32.11.3.rel1.win32_1.1.0.202305231506/tools/bin/../lib/gcc/arm-none-eabi/11.3.1/thumb/v7e-m+fp/hard\libgcc.a(_arm_muldivdf3.o)
                0x0000000008000638                __aeabi_dmul
                0x0000000008000638                __muldf3
                0x000000000800088c                __divdf3
                0x000000000800088c                __aeabi_ddiv
 .text          0x0000000008000a5c      0x110 C:/ST/STM32CubeIDE_1.10.1/STM32CubeIDE/plugins/com.st.stm32cube.ide.mcu.externaltools.gnu-tools-for-stm32.11.3.rel1.win32_1.1.0.202305231506/tools/bin/../lib/gcc/arm-none-eabi/11.3.1/thumb/v7e-m+fp/hard\libgcc.a(_arm_cmpdf2.o)
                0x0000000008000a5c                __gtdf2
                0x0000000008000a5c                __gedf2
                0x0000000008000a64                __ltdf2
                0x0000000008000a64                __ledf2
                0x0000000008000a6c                __nedf2
                0x0000000008000a6c                __eqdf2
                0x0000000008000a6c                __cmpdf2
                0x0000000008000ae8                __aeabi_cdrcmple
                0x0000000008000af8                __aeabi_cdcmpeq
                0x0000000008000af8                __aeabi_cdcmple
                0x0000000008000b08                __aeabi_dcmpeq
                0x0000000008000b1c                __aeabi_dcmplt
                0x0000000008000b30                __aeabi_dcmple
                0x0000000008000b44                __aeabi_dcmpge
                0x0000000008000b58                __aeabi_dcmpgt
 .text          0x0000000008000b6c       0x50 C:/ST/STM32CubeIDE_1.10.1/STM32CubeIDE/plugins/com.st.stm32cube.ide.mcu.externaltools.gnu-tools-for-stm32.11.3.rel1.win32_1.1.0.202305231506/tools/bin/../lib/gcc/arm-none-eabi/11.3.1/thumb/v7e-m+fp/hard\libgcc.a(_arm_fixdfsi.o)
                0x0000000008000b6c                __aeabi_d2iz
                0x0000000008000b6c                __fixdfsi
 .text          0x0000000008000bbc       0x40 C:/ST/STM32CubeIDE_1.10.1/STM32CubeIDE/plugins/com.st.stm32cube.ide.mcu.externaltools.gnu-tools-for-stm32.11.3.rel1.win32_1.1.0.202305231506/tools/bin/../lib/gcc/arm-none-eabi/11.3.1/thumb/v7e-m+fp/hard\libgcc.a(_arm_fixunsdfsi.o)
                0x0000000008000bbc                __aeabi_d2uiz
                0x0000000008000bbc                __fixunsdfsi
 .text          0x0000000008000bfc       0xa0 C:/ST/STM32CubeIDE_1.10.1/STM32CubeIDE/plugins/com.st.stm32cube.ide.mcu.externaltools.gnu-tools-for-stm32.11.3.rel1.win32_1.1.0.202305231506/tools/bin/../lib/gcc/arm-none-eabi/11.3.1/thumb/v7e-m+fp/hard\libgcc.a(_arm_truncdfsf2.o)
                0x0000000008000bfc                __truncdfsf2
                0x0000000008000bfc                __aeabi_d2f
 .text          0x0000000008000c9c       0x30 C:/ST/STM32CubeIDE_1.10.1/STM32CubeIDE/plugins/com.st.stm32cube.ide.mcu.externaltools.gnu-tools-for-stm32.11.3.rel1.win32_1.1.0.202305231506/tools/bin/../lib/gcc/arm-none-eabi/11.3.1/thumb/v7e-m+fp/hard\libgcc.a(_aeabi_uldivmod.o)
                0x0000000008000c9c                __aeabi_uldivmod
 .text          0x0000000008000ccc      0x2c8 C:/ST/STM32CubeIDE_1.10.1/STM32CubeIDE/plugins/com.st.stm32cube.ide.mcu.externaltools.gnu-tools-for-stm32.11.3.rel1.win32_1.1.0.202305231506/tools/bin/../lib/gcc/arm-none-eabi/11.3.1/thumb/v7e-m+fp/hard\libgcc.a(_udivmoddi4.o)
                0x0000000008000ccc                __udivmoddi4
 .text          0x0000000008000f94        0x4 C:/ST/STM32CubeIDE_1.10.1/STM32CubeIDE/plugins/com.st.stm32cube.ide.mcu.externaltools.gnu-tools-for-stm32.11.3.rel1.win32_1.1.0.202305231506/tools/bin/../lib/gcc/arm-none-eabi/11.3.1/thumb/v7e-m+fp/hard\libgcc.a(_dvmd_tls.o)
                0x0000000008000f94                __aeabi_idiv0
                0x0000000008000f94                __aeabi_ldiv0
 *(.text*)
 .text.actuator_motor1
                0x0000000008000f98       0x38 ./Core/Src/actuator.o
                0x0000000008000f98                actuator_motor1
 .text.actuator_motor2
                0x0000000008000fd0       0x38 ./Core/Src/actuator.o
                0x0000000008000fd0                actuator_motor2
 .text.actuator_motor3
                0x0000000008001008       0x38 ./Core/Src/actuator.o
                0x0000000008001008                actuator_motor3
 .text.actuator_motor4
                0x0000000008001040       0x38 ./Core/Src/actuator.o
                0x0000000008001040                actuator_motor4
 .text.actuator_motor5
                0x0000000008001078       0x38 ./Core/Src/actuator.o
                0x0000000008001078                actuator_motor5
 .text.actuator_kicker_voltage
                0x00000000080010b0       0x3e ./Core/Src/actuator.o
                0x00000000080010b0                actuator_kicker_voltage
 .text.actuator_kicker
                0x00000000080010ee       0x1a ./Core/Src/actuator.o
                0x00000000080010ee                actuator_kicker
 .text.actuator_power_ONOFF
                0x0000000008001108       0x1a ./Core/Src/actuator.o
                0x0000000008001108                actuator_power_ONOFF
 .text.actuator_power_param
                0x0000000008001122       0x3a ./Core/Src/actuator.o
                0x0000000008001122                actuator_power_param
 .text.actuator_buzzer
                0x000000000800115c       0x24 ./Core/Src/actuator.o
                0x000000000800115c                actuator_buzzer
 .text.actuator_buzzer_on
                0x0000000008001180       0x10 ./Core/Src/actuator.o
                0x0000000008001180                actuator_buzzer_on
 .text.actuator_buzzer_off
                0x0000000008001190       0x10 ./Core/Src/actuator.o
                0x0000000008001190                actuator_buzzer_off
 .text.MX_ADC1_Init
                0x00000000080011a0       0xa4 ./Core/Src/adc.o
                0x00000000080011a0                MX_ADC1_Init
 .text.MX_ADC3_Init
                0x0000000008001244       0xa8 ./Core/Src/adc.o
                0x0000000008001244                MX_ADC3_Init
 .text.MX_ADC5_Init
                0x00000000080012ec       0x94 ./Core/Src/adc.o
                0x00000000080012ec                MX_ADC5_Init
 .text.HAL_ADC_MspInit
                0x0000000008001380      0x1bc ./Core/Src/adc.o
                0x0000000008001380                HAL_ADC_MspInit
 .text.can1_init_ibis
                0x000000000800153c       0x38 ./Core/Src/can_ibis.o
                0x000000000800153c                can1_init_ibis
 .text.can1_send
                0x0000000008001574       0x44 ./Core/Src/can_ibis.o
                0x0000000008001574                can1_send
 .text.can2_init_ibis
                0x00000000080015b8       0x38 ./Core/Src/can_ibis.o
                0x00000000080015b8                can2_init_ibis
 .text.can2_send
                0x00000000080015f0       0x44 ./Core/Src/can_ibis.o
                0x00000000080015f0                can2_send
 .text.MX_DMA_Init
                0x0000000008001634       0xa4 ./Core/Src/dma.o
                0x0000000008001634                MX_DMA_Init
 .text.dma_printf_init
                0x00000000080016d8       0x20 ./Core/Src/dma_printf.o
                0x00000000080016d8                dma_printf_init
 .text.dma_printf_send_it
                0x00000000080016f8       0x4c ./Core/Src/dma_printf.o
                0x00000000080016f8                dma_printf_send_it
 .text.dma_ring_init
                0x0000000008001744       0x14 ./Core/Src/dma_ring.o
                0x0000000008001744                dma_ring_init
 .text.dma_ring_available_linear
                0x0000000008001758       0x14 ./Core/Src/dma_ring.o
                0x0000000008001758                dma_ring_available_linear
 .text.dma_ring_get_r_ptr
                0x000000000800176c        0x6 ./Core/Src/dma_ring.o
                0x000000000800176c                dma_ring_get_r_ptr
 .text.dma_ring_forward_r_ptr
                0x0000000008001772       0x20 ./Core/Src/dma_ring.o
                0x0000000008001772                dma_ring_forward_r_ptr
 *fill*         0x0000000008001792        0x2 
 .text.dma_scanf_init
                0x0000000008001794       0x28 ./Core/Src/dma_scanf.o
                0x0000000008001794                dma_scanf_init
 .text.MX_FDCAN1_Init
                0x00000000080017bc       0x50 ./Core/Src/fdcan.o
                0x00000000080017bc                MX_FDCAN1_Init
 .text.MX_FDCAN2_Init
                0x000000000800180c       0x50 ./Core/Src/fdcan.o
                0x000000000800180c                MX_FDCAN2_Init
 .text.HAL_FDCAN_MspInit
                0x000000000800185c      0x14c ./Core/Src/fdcan.o
                0x000000000800185c                HAL_FDCAN_MspInit
 .text.MX_GPIO_Init
                0x00000000080019a8      0x158 ./Core/Src/gpio.o
                0x00000000080019a8                MX_GPIO_Init
 .text.ICM20602_writeByte
                0x0000000008001b00       0x54 ./Core/Src/icm20602_spi.o
                0x0000000008001b00                ICM20602_writeByte
 .text.ICM20602_readByte
                0x0000000008001b54       0x5c ./Core/Src/icm20602_spi.o
                0x0000000008001b54                ICM20602_readByte
 .text.ICM20602_getAccXvalue
                0x0000000008001bb0       0x18 ./Core/Src/icm20602_spi.o
                0x0000000008001bb0                ICM20602_getAccXvalue
 .text.ICM20602_getAccYvalue
                0x0000000008001bc8       0x18 ./Core/Src/icm20602_spi.o
                0x0000000008001bc8                ICM20602_getAccYvalue
 .text.ICM20602_getAccZvalue
                0x0000000008001be0       0x18 ./Core/Src/icm20602_spi.o
                0x0000000008001be0                ICM20602_getAccZvalue
 .text.ICM20602_getGyrXvalue
                0x0000000008001bf8       0x18 ./Core/Src/icm20602_spi.o
                0x0000000008001bf8                ICM20602_getGyrXvalue
 .text.ICM20602_getGyrYvalue
                0x0000000008001c10       0x18 ./Core/Src/icm20602_spi.o
                0x0000000008001c10                ICM20602_getGyrYvalue
 .text.ICM20602_getGyrZvalue
                0x0000000008001c28       0x18 ./Core/Src/icm20602_spi.o
                0x0000000008001c28                ICM20602_getGyrZvalue
 .text.ICM20602_getIMUTemp
                0x0000000008001c40       0x18 ./Core/Src/icm20602_spi.o
                0x0000000008001c40                ICM20602_getIMUTemp
 .text.ICM20602_setAccRange
                0x0000000008001c58       0x40 ./Core/Src/icm20602_spi.o
                0x0000000008001c58                ICM20602_setAccRange
 .text.ICM20602_setGyroRange
                0x0000000008001c98       0x48 ./Core/Src/icm20602_spi.o
                0x0000000008001c98                ICM20602_setGyroRange
 .text.ICM20602_init
                0x0000000008001ce0       0x44 ./Core/Src/icm20602_spi.o
                0x0000000008001ce0                ICM20602_init
 .text.ICM20602_clearAngle
                0x0000000008001d24       0x1c ./Core/Src/icm20602_spi.o
                0x0000000008001d24                ICM20602_clearAngle
 .text.ICM20602_normAngle
                0x0000000008001d40       0x40 ./Core/Src/icm20602_spi.o
                0x0000000008001d40                ICM20602_normAngle
 .text.ICM20602_medianFilter
                0x0000000008001d80       0xe0 ./Core/Src/icm20602_spi.o
                0x0000000008001d80                ICM20602_medianFilter
 .text.ICM20602_IMU_calibration2
                0x0000000008001e60      0x380 ./Core/Src/icm20602_spi.o
                0x0000000008001e60                ICM20602_IMU_calibration2
 .text.ICM20602_IMU_compensate
                0x00000000080021e0       0x50 ./Core/Src/icm20602_spi.o
                0x00000000080021e0                ICM20602_IMU_compensate
 .text.ICM20602_read_IMU_data
                0x0000000008002230      0x19c ./Core/Src/icm20602_spi.o
                0x0000000008002230                ICM20602_read_IMU_data
 .text.__io_putchar
                0x00000000080023cc       0x20 ./Core/Src/main.o
                0x00000000080023cc                __io_putchar
 .text.HAL_GetTick
                0x00000000080023ec        0xc ./Core/Src/main.o
                0x00000000080023ec                HAL_GetTick
 .text.maintask_emargency
                0x00000000080023f8       0xb0 ./Core/Src/main.o
                0x00000000080023f8                maintask_emargency
 .text.HAL_GPIO_EXTI_Callback
                0x00000000080024a8       0x88 ./Core/Src/main.o
                0x00000000080024a8                HAL_GPIO_EXTI_Callback
 .text.maintask_state_stop
                0x0000000008002530       0x90 ./Core/Src/main.o
                0x0000000008002530                maintask_state_stop
 .text.maintask_run
                0x00000000080025c0      0x668 ./Core/Src/main.o
                0x00000000080025c0                maintask_run
 .text.maintask_stop
                0x0000000008002c28       0xb0 ./Core/Src/main.o
                0x0000000008002c28                maintask_stop
 .text.HAL_TIM_PeriodElapsedCallback
                0x0000000008002cd8      0x570 ./Core/Src/main.o
                0x0000000008002cd8                HAL_TIM_PeriodElapsedCallback
 .text.HAL_UART_RxCpltCallback
                0x0000000008003248      0x178 ./Core/Src/main.o
                0x0000000008003248                HAL_UART_RxCpltCallback
 .text.HAL_UART_TxCpltCallback
                0x00000000080033c0       0x14 ./Core/Src/main.o
                0x00000000080033c0                HAL_UART_TxCpltCallback
 .text.Error_Handler
                0x00000000080033d4       0x24 ./Core/Src/main.o
                0x00000000080033d4                Error_Handler
 .text.SystemClock_Config
                0x00000000080033f8       0x66 ./Core/Src/main.o
                0x00000000080033f8                SystemClock_Config
 *fill*         0x000000000800345e        0x2 
 .text.startup.main
                0x0000000008003460      0x268 ./Core/Src/main.o
                0x0000000008003460                main
 .text.HAL_FDCAN_RxFifo0Callback
                0x00000000080036c8      0x358 ./Core/Src/main.o
                0x00000000080036c8                HAL_FDCAN_RxFifo0Callback
 .text.getUs    0x0000000008003a20       0x38 ./Core/Src/microsectimer.o
                0x0000000008003a20                getUs
 .text.delayUs  0x0000000008003a58       0x1a ./Core/Src/microsectimer.o
                0x0000000008003a58                delayUs
 *fill*         0x0000000008003a72        0x6 
 .text.omni_move
                0x0000000008003a78       0xc8 ./Core/Src/omni_wheel.o
                0x0000000008003a78                omni_move
 .text.MX_SPI1_Init
                0x0000000008003b40       0x50 ./Core/Src/spi.o
                0x0000000008003b40                MX_SPI1_Init
 .text.HAL_SPI_MspInit
                0x0000000008003b90       0x60 ./Core/Src/spi.o
                0x0000000008003b90                HAL_SPI_MspInit
 .text.HAL_MspInit
                0x0000000008003bf0       0x34 ./Core/Src/stm32g4xx_hal_msp.o
                0x0000000008003bf0                HAL_MspInit
 .text.NMI_Handler
                0x0000000008003c24        0x2 ./Core/Src/stm32g4xx_it.o
                0x0000000008003c24                NMI_Handler
 .text.HardFault_Handler
                0x0000000008003c26        0x2 ./Core/Src/stm32g4xx_it.o
                0x0000000008003c26                HardFault_Handler
 .text.MemManage_Handler
                0x0000000008003c28        0x2 ./Core/Src/stm32g4xx_it.o
                0x0000000008003c28                MemManage_Handler
 .text.BusFault_Handler
                0x0000000008003c2a        0x2 ./Core/Src/stm32g4xx_it.o
                0x0000000008003c2a                BusFault_Handler
 .text.UsageFault_Handler
                0x0000000008003c2c        0x2 ./Core/Src/stm32g4xx_it.o
                0x0000000008003c2c                UsageFault_Handler
 .text.SVC_Handler
                0x0000000008003c2e        0x2 ./Core/Src/stm32g4xx_it.o
                0x0000000008003c2e                SVC_Handler
 .text.DebugMon_Handler
                0x0000000008003c30        0x2 ./Core/Src/stm32g4xx_it.o
                0x0000000008003c30                DebugMon_Handler
 .text.PendSV_Handler
                0x0000000008003c32        0x2 ./Core/Src/stm32g4xx_it.o
                0x0000000008003c32                PendSV_Handler
 .text.SysTick_Handler
                0x0000000008003c34        0x4 ./Core/Src/stm32g4xx_it.o
                0x0000000008003c34                SysTick_Handler
 .text.DMA1_Channel1_IRQHandler
                0x0000000008003c38        0xc ./Core/Src/stm32g4xx_it.o
                0x0000000008003c38                DMA1_Channel1_IRQHandler
 .text.DMA1_Channel2_IRQHandler
                0x0000000008003c44        0xc ./Core/Src/stm32g4xx_it.o
                0x0000000008003c44                DMA1_Channel2_IRQHandler
 .text.DMA1_Channel3_IRQHandler
                0x0000000008003c50        0xc ./Core/Src/stm32g4xx_it.o
                0x0000000008003c50                DMA1_Channel3_IRQHandler
 .text.DMA1_Channel4_IRQHandler
                0x0000000008003c5c        0xc ./Core/Src/stm32g4xx_it.o
                0x0000000008003c5c                DMA1_Channel4_IRQHandler
 .text.DMA1_Channel5_IRQHandler
                0x0000000008003c68        0xc ./Core/Src/stm32g4xx_it.o
                0x0000000008003c68                DMA1_Channel5_IRQHandler
 .text.DMA1_Channel6_IRQHandler
                0x0000000008003c74        0xc ./Core/Src/stm32g4xx_it.o
                0x0000000008003c74                DMA1_Channel6_IRQHandler
 .text.DMA1_Channel7_IRQHandler
                0x0000000008003c80        0xc ./Core/Src/stm32g4xx_it.o
                0x0000000008003c80                DMA1_Channel7_IRQHandler
 .text.FDCAN1_IT0_IRQHandler
                0x0000000008003c8c        0xc ./Core/Src/stm32g4xx_it.o
                0x0000000008003c8c                FDCAN1_IT0_IRQHandler
 .text.FDCAN1_IT1_IRQHandler
                0x0000000008003c98        0x4 ./Core/Src/stm32g4xx_it.o
                0x0000000008003c98                FDCAN1_IT1_IRQHandler
 .text.EXTI9_5_IRQHandler
                0x0000000008003c9c        0x8 ./Core/Src/stm32g4xx_it.o
                0x0000000008003c9c                EXTI9_5_IRQHandler
 .text.USART2_IRQHandler
                0x0000000008003ca4        0xc ./Core/Src/stm32g4xx_it.o
                0x0000000008003ca4                USART2_IRQHandler
 .text.TIM7_DAC_IRQHandler
                0x0000000008003cb0        0xc ./Core/Src/stm32g4xx_it.o
                0x0000000008003cb0                TIM7_DAC_IRQHandler
 .text.FDCAN2_IT0_IRQHandler
                0x0000000008003cbc        0xc ./Core/Src/stm32g4xx_it.o
                0x0000000008003cbc                FDCAN2_IT0_IRQHandler
 .text.FDCAN2_IT1_IRQHandler
                0x0000000008003cc8        0x4 ./Core/Src/stm32g4xx_it.o
                0x0000000008003cc8                FDCAN2_IT1_IRQHandler
 .text.LPUART1_IRQHandler
                0x0000000008003ccc        0xc ./Core/Src/stm32g4xx_it.o
                0x0000000008003ccc                LPUART1_IRQHandler
 .text._read    0x0000000008003cd8       0x1c ./Core/Src/syscalls.o
                0x0000000008003cd8                _read
 .text._write   0x0000000008003cf4       0x1c ./Core/Src/syscalls.o
                0x0000000008003cf4                _write
 .text._close   0x0000000008003d10        0x6 ./Core/Src/syscalls.o
                0x0000000008003d10                _close
 .text._fstat   0x0000000008003d16        0xa ./Core/Src/syscalls.o
                0x0000000008003d16                _fstat
 .text._isatty  0x0000000008003d20        0x4 ./Core/Src/syscalls.o
                0x0000000008003d20                _isatty
 .text._lseek   0x0000000008003d24        0x4 ./Core/Src/syscalls.o
                0x0000000008003d24                _lseek
 .text.SystemInit
                0x0000000008003d28       0x1c ./Core/Src/system_stm32g4xx.o
                0x0000000008003d28                SystemInit
 .text.MX_TIM7_Init
                0x0000000008003d44       0x48 ./Core/Src/tim.o
                0x0000000008003d44                MX_TIM7_Init
 .text.HAL_TIM_PWM_MspInit
                0x0000000008003d8c       0x28 ./Core/Src/tim.o
                0x0000000008003d8c                HAL_TIM_PWM_MspInit
 .text.HAL_TIM_Base_MspInit
                0x0000000008003db4       0x40 ./Core/Src/tim.o
                0x0000000008003db4                HAL_TIM_Base_MspInit
 .text.HAL_TIM_MspPostInit
                0x0000000008003df4       0x50 ./Core/Src/tim.o
                0x0000000008003df4                HAL_TIM_MspPostInit
 .text.MX_TIM5_Init
                0x0000000008003e44       0x78 ./Core/Src/tim.o
                0x0000000008003e44                MX_TIM5_Init
 .text.MX_LPUART1_UART_Init
                0x0000000008003ebc       0x6c ./Core/Src/usart.o
                0x0000000008003ebc                MX_LPUART1_UART_Init
 .text.MX_USART2_UART_Init
                0x0000000008003f28       0x6c ./Core/Src/usart.o
                0x0000000008003f28                MX_USART2_UART_Init
 .text.MX_USART3_UART_Init
                0x0000000008003f94       0x64 ./Core/Src/usart.o
                0x0000000008003f94                MX_USART3_UART_Init
 .text.HAL_UART_MspInit
                0x0000000008003ff8      0x234 ./Core/Src/usart.o
                0x0000000008003ff8                HAL_UART_MspInit
 .text.uchar4_to_float
                0x000000000800422c       0x20 ./Core/Src/util.o
                0x000000000800422c                uchar4_to_float
 .text.float_to_uchar4
                0x000000000800424c       0x20 ./Core/Src/util.o
                0x000000000800424c                float_to_uchar4
 *fill*         0x000000000800426c        0x4 
 .text.normalizeAngle
                0x0000000008004270       0x98 ./Core/Src/util.o
                0x0000000008004270                normalizeAngle
 .text.getAngleDiff
                0x0000000008004308       0xa8 ./Core/Src/util.o
                0x0000000008004308                getAngleDiff
 .text.decode_SW
                0x00000000080043b0       0x50 ./Core/Src/util.o
                0x00000000080043b0                decode_SW
 .text.two_to_float
                0x0000000008004400       0x34 ./Core/Src/util.o
                0x0000000008004400                two_to_float
 *fill*         0x0000000008004434        0x4 
 .text.two_to_int
                0x0000000008004438       0x28 ./Core/Src/util.o
                0x0000000008004438                two_to_int
 .text.Reset_Handler
                0x0000000008004460       0x50 ./Core/Startup/startup_stm32g474retx.o
                0x0000000008004460                Reset_Handler
 .text.Default_Handler
                0x00000000080044b0        0x2 ./Core/Startup/startup_stm32g474retx.o
                0x00000000080044b0                RTC_Alarm_IRQHandler
                0x00000000080044b0                EXTI2_IRQHandler
                0x00000000080044b0                TIM8_TRG_COM_IRQHandler
                0x00000000080044b0                TIM8_CC_IRQHandler
                0x00000000080044b0                HRTIM1_Master_IRQHandler
                0x00000000080044b0                SPI4_IRQHandler
                0x00000000080044b0                FDCAN3_IT0_IRQHandler
                0x00000000080044b0                TIM1_CC_IRQHandler
                0x00000000080044b0                HRTIM1_FLT_IRQHandler
                0x00000000080044b0                HRTIM1_TIMF_IRQHandler
                0x00000000080044b0                USB_HP_IRQHandler
                0x00000000080044b0                CORDIC_IRQHandler
                0x00000000080044b0                HRTIM1_TIMD_IRQHandler
                0x00000000080044b0                DMA2_Channel8_IRQHandler
                0x00000000080044b0                EXTI3_IRQHandler
                0x00000000080044b0                I2C3_ER_IRQHandler
                0x00000000080044b0                EXTI0_IRQHandler
                0x00000000080044b0                I2C2_EV_IRQHandler
                0x00000000080044b0                FPU_IRQHandler
                0x00000000080044b0                TIM1_UP_TIM16_IRQHandler
                0x00000000080044b0                ADC1_2_IRQHandler
                0x00000000080044b0                HRTIM1_TIME_IRQHandler
                0x00000000080044b0                SPI1_IRQHandler
                0x00000000080044b0                TIM6_DAC_IRQHandler
                0x00000000080044b0                HRTIM1_TIMC_IRQHandler
                0x00000000080044b0                TIM8_UP_IRQHandler
                0x00000000080044b0                DMA2_Channel2_IRQHandler
                0x00000000080044b0                TIM20_TRG_COM_IRQHandler
                0x00000000080044b0                USART3_IRQHandler
                0x00000000080044b0                UART5_IRQHandler
                0x00000000080044b0                ADC3_IRQHandler
                0x00000000080044b0                TIM4_IRQHandler
                0x00000000080044b0                DMA2_Channel1_IRQHandler
                0x00000000080044b0                QUADSPI_IRQHandler
                0x00000000080044b0                I2C1_EV_IRQHandler
                0x00000000080044b0                UART4_IRQHandler
                0x00000000080044b0                DMA2_Channel4_IRQHandler
                0x00000000080044b0                TIM3_IRQHandler
                0x00000000080044b0                RCC_IRQHandler
                0x00000000080044b0                TIM20_UP_IRQHandler
                0x00000000080044b0                Default_Handler
                0x00000000080044b0                DMA2_Channel7_IRQHandler
                0x00000000080044b0                RTC_TAMP_LSECSS_IRQHandler
                0x00000000080044b0                FMAC_IRQHandler
                0x00000000080044b0                EXTI15_10_IRQHandler
                0x00000000080044b0                DMA1_Channel8_IRQHandler
                0x00000000080044b0                HRTIM1_TIMA_IRQHandler
                0x00000000080044b0                FDCAN3_IT1_IRQHandler
                0x00000000080044b0                TIM5_IRQHandler
                0x00000000080044b0                UCPD1_IRQHandler
                0x00000000080044b0                I2C3_EV_IRQHandler
                0x00000000080044b0                RTC_WKUP_IRQHandler
                0x00000000080044b0                PVD_PVM_IRQHandler
                0x00000000080044b0                SPI2_IRQHandler
                0x00000000080044b0                ADC5_IRQHandler
                0x00000000080044b0                DMA2_Channel5_IRQHandler
                0x00000000080044b0                CRS_IRQHandler
                0x00000000080044b0                USB_LP_IRQHandler
                0x00000000080044b0                EXTI4_IRQHandler
                0x00000000080044b0                RNG_IRQHandler
                0x00000000080044b0                HRTIM1_TIMB_IRQHandler
                0x00000000080044b0                TIM1_TRG_COM_TIM17_IRQHandler
                0x00000000080044b0                ADC4_IRQHandler
                0x00000000080044b0                WWDG_IRQHandler
                0x00000000080044b0                I2C4_EV_IRQHandler
                0x00000000080044b0                DMA2_Channel6_IRQHandler
                0x00000000080044b0                TIM2_IRQHandler
                0x00000000080044b0                COMP7_IRQHandler
                0x00000000080044b0                COMP1_2_3_IRQHandler
                0x00000000080044b0                EXTI1_IRQHandler
                0x00000000080044b0                COMP4_5_6_IRQHandler
                0x00000000080044b0                TIM20_BRK_IRQHandler
                0x00000000080044b0                I2C2_ER_IRQHandler
                0x00000000080044b0                TIM8_BRK_IRQHandler
                0x00000000080044b0                FLASH_IRQHandler
                0x00000000080044b0                TIM20_CC_IRQHandler
                0x00000000080044b0                USART1_IRQHandler
                0x00000000080044b0                SPI3_IRQHandler
                0x00000000080044b0                I2C1_ER_IRQHandler
                0x00000000080044b0                FMC_IRQHandler
                0x00000000080044b0                LPTIM1_IRQHandler
                0x00000000080044b0                DMAMUX_OVR_IRQHandler
                0x00000000080044b0                I2C4_ER_IRQHandler
                0x00000000080044b0                USBWakeUp_IRQHandler
                0x00000000080044b0                SAI1_IRQHandler
                0x00000000080044b0                DMA2_Channel3_IRQHandler
                0x00000000080044b0                TIM1_BRK_TIM15_IRQHandler
 *fill*         0x00000000080044b2        0x2 
 .text.HAL_InitTick
                0x00000000080044b4       0x4c ./Drivers/STM32G4xx_HAL_Driver/Src/stm32g4xx_hal.o
                0x00000000080044b4                HAL_InitTick
 .text.HAL_Init
                0x0000000008004500       0x1e ./Drivers/STM32G4xx_HAL_Driver/Src/stm32g4xx_hal.o
                0x0000000008004500                HAL_Init
 *fill*         0x000000000800451e        0x2 
 .text.HAL_IncTick
                0x0000000008004520       0x18 ./Drivers/STM32G4xx_HAL_Driver/Src/stm32g4xx_hal.o
                0x0000000008004520                HAL_IncTick
 .text.HAL_Delay
                0x0000000008004538       0x28 ./Drivers/STM32G4xx_HAL_Driver/Src/stm32g4xx_hal.o
                0x0000000008004538                HAL_Delay
 .text.LL_ADC_SetChannelSamplingTime
                0x0000000008004560       0x20 ./Drivers/STM32G4xx_HAL_Driver/Src/stm32g4xx_hal_adc.o
 .text.LL_ADC_IsEnabled
                0x0000000008004580        0x8 ./Drivers/STM32G4xx_HAL_Driver/Src/stm32g4xx_hal_adc.o
 .text.LL_ADC_REG_IsConversionOngoing
                0x0000000008004588        0x8 ./Drivers/STM32G4xx_HAL_Driver/Src/stm32g4xx_hal_adc.o
 .text.HAL_ADC_Init
                0x0000000008004590      0x23c ./Drivers/STM32G4xx_HAL_Driver/Src/stm32g4xx_hal_adc.o
                0x0000000008004590                HAL_ADC_Init
 .text.HAL_ADC_ConvCpltCallback
                0x00000000080047cc        0x2 ./Drivers/STM32G4xx_HAL_Driver/Src/stm32g4xx_hal_adc.o
                0x00000000080047cc                HAL_ADC_ConvCpltCallback
 .text.HAL_ADC_ConvHalfCpltCallback
                0x00000000080047ce        0x2 ./Drivers/STM32G4xx_HAL_Driver/Src/stm32g4xx_hal_adc.o
                0x00000000080047ce                HAL_ADC_ConvHalfCpltCallback
 .text.ADC_DMAHalfConvCplt
                0x00000000080047d0        0xa ./Drivers/STM32G4xx_HAL_Driver/Src/stm32g4xx_hal_adc.o
                0x00000000080047d0                ADC_DMAHalfConvCplt
 .text.HAL_ADC_ErrorCallback
                0x00000000080047da        0x2 ./Drivers/STM32G4xx_HAL_Driver/Src/stm32g4xx_hal_adc.o
                0x00000000080047da                HAL_ADC_ErrorCallback
 .text.ADC_DMAConvCplt
                0x00000000080047dc       0x68 ./Drivers/STM32G4xx_HAL_Driver/Src/stm32g4xx_hal_adc.o
                0x00000000080047dc                ADC_DMAConvCplt
 .text.ADC_DMAError
                0x0000000008004844       0x1a ./Drivers/STM32G4xx_HAL_Driver/Src/stm32g4xx_hal_adc.o
                0x0000000008004844                ADC_DMAError
 *fill*         0x000000000800485e        0x2 
 .text.HAL_ADC_ConfigChannel
                0x0000000008004860      0x3d4 ./Drivers/STM32G4xx_HAL_Driver/Src/stm32g4xx_hal_adc.o
                0x0000000008004860                HAL_ADC_ConfigChannel
 .text.ADC_Enable
                0x0000000008004c34       0x78 ./Drivers/STM32G4xx_HAL_Driver/Src/stm32g4xx_hal_adc.o
                0x0000000008004c34                ADC_Enable
 .text.HAL_ADC_Start_DMA
                0x0000000008004cac      0x100 ./Drivers/STM32G4xx_HAL_Driver/Src/stm32g4xx_hal_adc.o
                0x0000000008004cac                HAL_ADC_Start_DMA
 .text.LL_ADC_IsEnabled
                0x0000000008004dac        0x8 ./Drivers/STM32G4xx_HAL_Driver/Src/stm32g4xx_hal_adc_ex.o
 .text.LL_ADC_REG_IsConversionOngoing
                0x0000000008004db4        0x8 ./Drivers/STM32G4xx_HAL_Driver/Src/stm32g4xx_hal_adc_ex.o
 .text.HAL_ADCEx_MultiModeConfigChannel
                0x0000000008004dbc      0x14c ./Drivers/STM32G4xx_HAL_Driver/Src/stm32g4xx_hal_adc_ex.o
                0x0000000008004dbc                HAL_ADCEx_MultiModeConfigChannel
 .text.HAL_NVIC_SetPriorityGrouping
                0x0000000008004f08       0x24 ./Drivers/STM32G4xx_HAL_Driver/Src/stm32g4xx_hal_cortex.o
                0x0000000008004f08                HAL_NVIC_SetPriorityGrouping
 .text.HAL_NVIC_SetPriority
                0x0000000008004f2c       0x64 ./Drivers/STM32G4xx_HAL_Driver/Src/stm32g4xx_hal_cortex.o
                0x0000000008004f2c                HAL_NVIC_SetPriority
 .text.HAL_NVIC_EnableIRQ
                0x0000000008004f90       0x1c ./Drivers/STM32G4xx_HAL_Driver/Src/stm32g4xx_hal_cortex.o
                0x0000000008004f90                HAL_NVIC_EnableIRQ
 .text.HAL_SYSTICK_Config
                0x0000000008004fac       0x28 ./Drivers/STM32G4xx_HAL_Driver/Src/stm32g4xx_hal_cortex.o
                0x0000000008004fac                HAL_SYSTICK_Config
 .text.DMA_SetConfig
                0x0000000008004fd4       0x34 ./Drivers/STM32G4xx_HAL_Driver/Src/stm32g4xx_hal_dma.o
 .text.DMA_CalcDMAMUXChannelBaseAndMask
                0x0000000008005008       0x48 ./Drivers/STM32G4xx_HAL_Driver/Src/stm32g4xx_hal_dma.o
 .text.HAL_DMA_Init
                0x0000000008005050       0xe4 ./Drivers/STM32G4xx_HAL_Driver/Src/stm32g4xx_hal_dma.o
                0x0000000008005050                HAL_DMA_Init
 .text.HAL_DMA_Start_IT
                0x0000000008005134       0x82 ./Drivers/STM32G4xx_HAL_Driver/Src/stm32g4xx_hal_dma.o
                0x0000000008005134                HAL_DMA_Start_IT
 .text.HAL_DMA_Abort
                0x00000000080051b6       0x66 ./Drivers/STM32G4xx_HAL_Driver/Src/stm32g4xx_hal_dma.o
                0x00000000080051b6                HAL_DMA_Abort
 .text.HAL_DMA_Abort_IT
                0x000000000800521c       0x78 ./Drivers/STM32G4xx_HAL_Driver/Src/stm32g4xx_hal_dma.o
                0x000000000800521c                HAL_DMA_Abort_IT
 .text.HAL_DMA_IRQHandler
                0x0000000008005294       0x94 ./Drivers/STM32G4xx_HAL_Driver/Src/stm32g4xx_hal_dma.o
                0x0000000008005294                HAL_DMA_IRQHandler
 .text.HAL_FDCAN_Init
                0x0000000008005328      0x204 ./Drivers/STM32G4xx_HAL_Driver/Src/stm32g4xx_hal_fdcan.o
                0x0000000008005328                HAL_FDCAN_Init
 .text.HAL_FDCAN_ConfigFilter
                0x000000000800552c       0x50 ./Drivers/STM32G4xx_HAL_Driver/Src/stm32g4xx_hal_fdcan.o
                0x000000000800552c                HAL_FDCAN_ConfigFilter
 .text.HAL_FDCAN_Start
                0x000000000800557c       0x2c ./Drivers/STM32G4xx_HAL_Driver/Src/stm32g4xx_hal_fdcan.o
                0x000000000800557c                HAL_FDCAN_Start
 .text.HAL_FDCAN_AddMessageToTxFifoQ
                0x00000000080055a8       0xd0 ./Drivers/STM32G4xx_HAL_Driver/Src/stm32g4xx_hal_fdcan.o
                0x00000000080055a8                HAL_FDCAN_AddMessageToTxFifoQ
 .text.HAL_FDCAN_GetRxMessage
                0x0000000008005678       0xd8 ./Drivers/STM32G4xx_HAL_Driver/Src/stm32g4xx_hal_fdcan.o
                0x0000000008005678                HAL_FDCAN_GetRxMessage
 .text.HAL_FDCAN_GetTxFifoFreeLevel
                0x0000000008005750        0xc ./Drivers/STM32G4xx_HAL_Driver/Src/stm32g4xx_hal_fdcan.o
                0x0000000008005750                HAL_FDCAN_GetTxFifoFreeLevel
 .text.HAL_FDCAN_ActivateNotification
                0x000000000800575c       0xda ./Drivers/STM32G4xx_HAL_Driver/Src/stm32g4xx_hal_fdcan.o
                0x000000000800575c                HAL_FDCAN_ActivateNotification
 .text.HAL_FDCAN_TxEventFifoCallback
                0x0000000008005836        0x2 ./Drivers/STM32G4xx_HAL_Driver/Src/stm32g4xx_hal_fdcan.o
                0x0000000008005836                HAL_FDCAN_TxEventFifoCallback
 .text.HAL_FDCAN_RxFifo1Callback
                0x0000000008005838        0x2 ./Drivers/STM32G4xx_HAL_Driver/Src/stm32g4xx_hal_fdcan.o
                0x0000000008005838                HAL_FDCAN_RxFifo1Callback
 .text.HAL_FDCAN_TxFifoEmptyCallback
                0x000000000800583a        0x2 ./Drivers/STM32G4xx_HAL_Driver/Src/stm32g4xx_hal_fdcan.o
                0x000000000800583a                HAL_FDCAN_TxFifoEmptyCallback
 .text.HAL_FDCAN_TxBufferCompleteCallback
                0x000000000800583c        0x2 ./Drivers/STM32G4xx_HAL_Driver/Src/stm32g4xx_hal_fdcan.o
                0x000000000800583c                HAL_FDCAN_TxBufferCompleteCallback
 .text.HAL_FDCAN_TxBufferAbortCallback
                0x000000000800583e        0x2 ./Drivers/STM32G4xx_HAL_Driver/Src/stm32g4xx_hal_fdcan.o
                0x000000000800583e                HAL_FDCAN_TxBufferAbortCallback
 .text.HAL_FDCAN_TimestampWraparoundCallback
                0x0000000008005840        0x2 ./Drivers/STM32G4xx_HAL_Driver/Src/stm32g4xx_hal_fdcan.o
                0x0000000008005840                HAL_FDCAN_TimestampWraparoundCallback
 .text.HAL_FDCAN_TimeoutOccurredCallback
                0x0000000008005842        0x2 ./Drivers/STM32G4xx_HAL_Driver/Src/stm32g4xx_hal_fdcan.o
                0x0000000008005842                HAL_FDCAN_TimeoutOccurredCallback
 .text.HAL_FDCAN_HighPriorityMessageCallback
                0x0000000008005844        0x2 ./Drivers/STM32G4xx_HAL_Driver/Src/stm32g4xx_hal_fdcan.o
                0x0000000008005844                HAL_FDCAN_HighPriorityMessageCallback
 .text.HAL_FDCAN_ErrorCallback
                0x0000000008005846        0x2 ./Drivers/STM32G4xx_HAL_Driver/Src/stm32g4xx_hal_fdcan.o
                0x0000000008005846                HAL_FDCAN_ErrorCallback
 .text.HAL_FDCAN_ErrorStatusCallback
                0x0000000008005848        0x2 ./Drivers/STM32G4xx_HAL_Driver/Src/stm32g4xx_hal_fdcan.o
                0x0000000008005848                HAL_FDCAN_ErrorStatusCallback
 .text.HAL_FDCAN_IRQHandler
                0x000000000800584a      0x15e ./Drivers/STM32G4xx_HAL_Driver/Src/stm32g4xx_hal_fdcan.o
                0x000000000800584a                HAL_FDCAN_IRQHandler
 .text.HAL_GPIO_Init
                0x00000000080059a8      0x198 ./Drivers/STM32G4xx_HAL_Driver/Src/stm32g4xx_hal_gpio.o
                0x00000000080059a8                HAL_GPIO_Init
 .text.HAL_GPIO_ReadPin
                0x0000000008005b40        0xc ./Drivers/STM32G4xx_HAL_Driver/Src/stm32g4xx_hal_gpio.o
                0x0000000008005b40                HAL_GPIO_ReadPin
 .text.HAL_GPIO_WritePin
                0x0000000008005b4c        0xa ./Drivers/STM32G4xx_HAL_Driver/Src/stm32g4xx_hal_gpio.o
                0x0000000008005b4c                HAL_GPIO_WritePin
 .text.HAL_GPIO_TogglePin
                0x0000000008005b56       0x12 ./Drivers/STM32G4xx_HAL_Driver/Src/stm32g4xx_hal_gpio.o
                0x0000000008005b56                HAL_GPIO_TogglePin
 .text.HAL_GPIO_EXTI_IRQHandler
                0x0000000008005b68       0x18 ./Drivers/STM32G4xx_HAL_Driver/Src/stm32g4xx_hal_gpio.o
                0x0000000008005b68                HAL_GPIO_EXTI_IRQHandler
 .text.HAL_PWREx_ControlVoltageScaling
                0x0000000008005b80       0xb4 ./Drivers/STM32G4xx_HAL_Driver/Src/stm32g4xx_hal_pwr_ex.o
                0x0000000008005b80                HAL_PWREx_ControlVoltageScaling
 .text.HAL_PWREx_DisableUCPDDeadBattery
                0x0000000008005c34       0x10 ./Drivers/STM32G4xx_HAL_Driver/Src/stm32g4xx_hal_pwr_ex.o
                0x0000000008005c34                HAL_PWREx_DisableUCPDDeadBattery
 .text.HAL_RCC_OscConfig
                0x0000000008005c44      0x420 ./Drivers/STM32G4xx_HAL_Driver/Src/stm32g4xx_hal_rcc.o
                0x0000000008005c44                HAL_RCC_OscConfig
 .text.HAL_RCC_GetSysClockFreq
                0x0000000008006064       0x6c ./Drivers/STM32G4xx_HAL_Driver/Src/stm32g4xx_hal_rcc.o
                0x0000000008006064                HAL_RCC_GetSysClockFreq
 .text.HAL_RCC_ClockConfig
                0x00000000080060d0      0x1e8 ./Drivers/STM32G4xx_HAL_Driver/Src/stm32g4xx_hal_rcc.o
                0x00000000080060d0                HAL_RCC_ClockConfig
 .text.HAL_RCC_GetPCLK1Freq
                0x00000000080062b8       0x24 ./Drivers/STM32G4xx_HAL_Driver/Src/stm32g4xx_hal_rcc.o
                0x00000000080062b8                HAL_RCC_GetPCLK1Freq
 .text.HAL_RCC_GetPCLK2Freq
                0x00000000080062dc       0x24 ./Drivers/STM32G4xx_HAL_Driver/Src/stm32g4xx_hal_rcc.o
                0x00000000080062dc                HAL_RCC_GetPCLK2Freq
 .text.HAL_RCCEx_PeriphCLKConfig
                0x0000000008006300      0x2f0 ./Drivers/STM32G4xx_HAL_Driver/Src/stm32g4xx_hal_rcc_ex.o
                0x0000000008006300                HAL_RCCEx_PeriphCLKConfig
 .text.SPI_WaitFifoStateUntilTimeout.constprop.0
                0x00000000080065f0       0xc8 ./Drivers/STM32G4xx_HAL_Driver/Src/stm32g4xx_hal_spi.o
 .text.SPI_WaitFlagStateUntilTimeout.constprop.0
                0x00000000080066b8       0xa4 ./Drivers/STM32G4xx_HAL_Driver/Src/stm32g4xx_hal_spi.o
 .text.SPI_EndRxTxTransaction
                0x000000000800675c       0x4a ./Drivers/STM32G4xx_HAL_Driver/Src/stm32g4xx_hal_spi.o
 .text.HAL_SPI_Init
                0x00000000080067a6       0xdc ./Drivers/STM32G4xx_HAL_Driver/Src/stm32g4xx_hal_spi.o
                0x00000000080067a6                HAL_SPI_Init
 .text.HAL_SPI_TransmitReceive
                0x0000000008006882      0x24a ./Drivers/STM32G4xx_HAL_Driver/Src/stm32g4xx_hal_spi.o
                0x0000000008006882                HAL_SPI_TransmitReceive
 .text.TIM_OC1_SetConfig
                0x0000000008006acc       0xa8 ./Drivers/STM32G4xx_HAL_Driver/Src/stm32g4xx_hal_tim.o
 .text.TIM_OC3_SetConfig
                0x0000000008006b74       0x98 ./Drivers/STM32G4xx_HAL_Driver/Src/stm32g4xx_hal_tim.o
 .text.TIM_OC4_SetConfig
                0x0000000008006c0c       0x9c ./Drivers/STM32G4xx_HAL_Driver/Src/stm32g4xx_hal_tim.o
 .text.TIM_OC5_SetConfig
                0x0000000008006ca8       0x70 ./Drivers/STM32G4xx_HAL_Driver/Src/stm32g4xx_hal_tim.o
 .text.TIM_OC6_SetConfig
                0x0000000008006d18       0x70 ./Drivers/STM32G4xx_HAL_Driver/Src/stm32g4xx_hal_tim.o
 .text.HAL_TIM_Base_Start_IT
                0x0000000008006d88       0x7c ./Drivers/STM32G4xx_HAL_Driver/Src/stm32g4xx_hal_tim.o
                0x0000000008006d88                HAL_TIM_Base_Start_IT
 .text.HAL_TIM_OC_DelayElapsedCallback
                0x0000000008006e04        0x2 ./Drivers/STM32G4xx_HAL_Driver/Src/stm32g4xx_hal_tim.o
                0x0000000008006e04                HAL_TIM_OC_DelayElapsedCallback
 .text.HAL_TIM_IC_CaptureCallback
                0x0000000008006e06        0x2 ./Drivers/STM32G4xx_HAL_Driver/Src/stm32g4xx_hal_tim.o
                0x0000000008006e06                HAL_TIM_IC_CaptureCallback
 .text.HAL_TIM_PWM_PulseFinishedCallback
                0x0000000008006e08        0x2 ./Drivers/STM32G4xx_HAL_Driver/Src/stm32g4xx_hal_tim.o
                0x0000000008006e08                HAL_TIM_PWM_PulseFinishedCallback
 .text.HAL_TIM_TriggerCallback
                0x0000000008006e0a        0x2 ./Drivers/STM32G4xx_HAL_Driver/Src/stm32g4xx_hal_tim.o
                0x0000000008006e0a                HAL_TIM_TriggerCallback
 .text.HAL_TIM_IRQHandler
                0x0000000008006e0c      0x1ce ./Drivers/STM32G4xx_HAL_Driver/Src/stm32g4xx_hal_tim.o
                0x0000000008006e0c                HAL_TIM_IRQHandler
 *fill*         0x0000000008006fda        0x2 
 .text.TIM_Base_SetConfig
                0x0000000008006fdc       0xe4 ./Drivers/STM32G4xx_HAL_Driver/Src/stm32g4xx_hal_tim.o
                0x0000000008006fdc                TIM_Base_SetConfig
 .text.HAL_TIM_Base_Init
                0x00000000080070c0       0x60 ./Drivers/STM32G4xx_HAL_Driver/Src/stm32g4xx_hal_tim.o
                0x00000000080070c0                HAL_TIM_Base_Init
 .text.HAL_TIM_PWM_Init
                0x0000000008007120       0x60 ./Drivers/STM32G4xx_HAL_Driver/Src/stm32g4xx_hal_tim.o
                0x0000000008007120                HAL_TIM_PWM_Init
 .text.TIM_OC2_SetConfig
                0x0000000008007180       0x9c ./Drivers/STM32G4xx_HAL_Driver/Src/stm32g4xx_hal_tim.o
                0x0000000008007180                TIM_OC2_SetConfig
 .text.HAL_TIM_PWM_ConfigChannel
                0x000000000800721c       0xfa ./Drivers/STM32G4xx_HAL_Driver/Src/stm32g4xx_hal_tim.o
                0x000000000800721c                HAL_TIM_PWM_ConfigChannel
 .text.TIM_CCxChannelCmd
                0x0000000008007316       0x1c ./Drivers/STM32G4xx_HAL_Driver/Src/stm32g4xx_hal_tim.o
                0x0000000008007316                TIM_CCxChannelCmd
 *fill*         0x0000000008007332        0x2 
 .text.HAL_TIM_OC_Start
                0x0000000008007334      0x130 ./Drivers/STM32G4xx_HAL_Driver/Src/stm32g4xx_hal_tim.o
                0x0000000008007334                HAL_TIM_OC_Start
 .text.HAL_TIM_PWM_Start
                0x0000000008007464        0x4 ./Drivers/STM32G4xx_HAL_Driver/Src/stm32g4xx_hal_tim.o
                0x0000000008007464                HAL_TIM_PWM_Start
 .text.HAL_TIMEx_MasterConfigSynchronization
                0x0000000008007468       0xa0 ./Drivers/STM32G4xx_HAL_Driver/Src/stm32g4xx_hal_tim_ex.o
                0x0000000008007468                HAL_TIMEx_MasterConfigSynchronization
 .text.HAL_TIMEx_CommutCallback
                0x0000000008007508        0x2 ./Drivers/STM32G4xx_HAL_Driver/Src/stm32g4xx_hal_tim_ex.o
                0x0000000008007508                HAL_TIMEx_CommutCallback
 .text.HAL_TIMEx_BreakCallback
                0x000000000800750a        0x2 ./Drivers/STM32G4xx_HAL_Driver/Src/stm32g4xx_hal_tim_ex.o
                0x000000000800750a                HAL_TIMEx_BreakCallback
 .text.HAL_TIMEx_Break2Callback
                0x000000000800750c        0x2 ./Drivers/STM32G4xx_HAL_Driver/Src/stm32g4xx_hal_tim_ex.o
                0x000000000800750c                HAL_TIMEx_Break2Callback
 .text.HAL_TIMEx_EncoderIndexCallback
                0x000000000800750e        0x2 ./Drivers/STM32G4xx_HAL_Driver/Src/stm32g4xx_hal_tim_ex.o
                0x000000000800750e                HAL_TIMEx_EncoderIndexCallback
 .text.HAL_TIMEx_DirectionChangeCallback
                0x0000000008007510        0x2 ./Drivers/STM32G4xx_HAL_Driver/Src/stm32g4xx_hal_tim_ex.o
                0x0000000008007510                HAL_TIMEx_DirectionChangeCallback
 .text.HAL_TIMEx_IndexErrorCallback
                0x0000000008007512        0x2 ./Drivers/STM32G4xx_HAL_Driver/Src/stm32g4xx_hal_tim_ex.o
                0x0000000008007512                HAL_TIMEx_IndexErrorCallback
 .text.HAL_TIMEx_TransitionErrorCallback
                0x0000000008007514        0x2 ./Drivers/STM32G4xx_HAL_Driver/Src/stm32g4xx_hal_tim_ex.o
                0x0000000008007514                HAL_TIMEx_TransitionErrorCallback
 .text.UART_EndTxTransfer
                0x0000000008007516       0x34 ./Drivers/STM32G4xx_HAL_Driver/Src/stm32g4xx_hal_uart.o
 *fill*         0x000000000800754a        0x2 
 .text.UART_EndRxTransfer
                0x000000000800754c       0x58 ./Drivers/STM32G4xx_HAL_Driver/Src/stm32g4xx_hal_uart.o
 .text.HAL_UART_Transmit_DMA
                0x00000000080075a4       0xa8 ./Drivers/STM32G4xx_HAL_Driver/Src/stm32g4xx_hal_uart.o
                0x00000000080075a4                HAL_UART_Transmit_DMA
 .text.UART_DMATransmitCplt
                0x000000000800764c       0x46 ./Drivers/STM32G4xx_HAL_Driver/Src/stm32g4xx_hal_uart.o
 .text.HAL_UART_TxHalfCpltCallback
                0x0000000008007692        0x2 ./Drivers/STM32G4xx_HAL_Driver/Src/stm32g4xx_hal_uart.o
                0x0000000008007692                HAL_UART_TxHalfCpltCallback
 .text.UART_DMATxHalfCplt
                0x0000000008007694        0xa ./Drivers/STM32G4xx_HAL_Driver/Src/stm32g4xx_hal_uart.o
 .text.HAL_UART_RxHalfCpltCallback
                0x000000000800769e        0x2 ./Drivers/STM32G4xx_HAL_Driver/Src/stm32g4xx_hal_uart.o
                0x000000000800769e                HAL_UART_RxHalfCpltCallback
 .text.HAL_UART_ErrorCallback
                0x00000000080076a0        0x2 ./Drivers/STM32G4xx_HAL_Driver/Src/stm32g4xx_hal_uart.o
                0x00000000080076a0                HAL_UART_ErrorCallback
 .text.UART_DMAError
                0x00000000080076a2       0x48 ./Drivers/STM32G4xx_HAL_Driver/Src/stm32g4xx_hal_uart.o
 .text.UART_DMAAbortOnError
                0x00000000080076ea       0x14 ./Drivers/STM32G4xx_HAL_Driver/Src/stm32g4xx_hal_uart.o
 .text.HAL_UARTEx_RxEventCallback
                0x00000000080076fe        0x2 ./Drivers/STM32G4xx_HAL_Driver/Src/stm32g4xx_hal_uart.o
                0x00000000080076fe                HAL_UARTEx_RxEventCallback
 .text.HAL_UART_IRQHandler
                0x0000000008007700      0x2e4 ./Drivers/STM32G4xx_HAL_Driver/Src/stm32g4xx_hal_uart.o
                0x0000000008007700                HAL_UART_IRQHandler
 .text.UART_DMARxHalfCplt
                0x00000000080079e4       0x1c ./Drivers/STM32G4xx_HAL_Driver/Src/stm32g4xx_hal_uart.o
 .text.UART_DMAReceiveCplt
                0x0000000008007a00       0x8a ./Drivers/STM32G4xx_HAL_Driver/Src/stm32g4xx_hal_uart.o
 *fill*         0x0000000008007a8a        0x2 
 .text.UART_SetConfig
                0x0000000008007a8c      0x2cc ./Drivers/STM32G4xx_HAL_Driver/Src/stm32g4xx_hal_uart.o
                0x0000000008007a8c                UART_SetConfig
 .text.UART_AdvFeatureConfig
                0x0000000008007d58       0xa8 ./Drivers/STM32G4xx_HAL_Driver/Src/stm32g4xx_hal_uart.o
                0x0000000008007d58                UART_AdvFeatureConfig
 .text.UART_WaitOnFlagUntilTimeout
                0x0000000008007e00       0xc4 ./Drivers/STM32G4xx_HAL_Driver/Src/stm32g4xx_hal_uart.o
                0x0000000008007e00                UART_WaitOnFlagUntilTimeout
 .text.HAL_UART_Transmit
                0x0000000008007ec4       0xba ./Drivers/STM32G4xx_HAL_Driver/Src/stm32g4xx_hal_uart.o
                0x0000000008007ec4                HAL_UART_Transmit
 .text.UART_CheckIdleState
                0x0000000008007f7e       0x6a ./Drivers/STM32G4xx_HAL_Driver/Src/stm32g4xx_hal_uart.o
                0x0000000008007f7e                UART_CheckIdleState
 .text.HAL_UART_Init
                0x0000000008007fe8       0x60 ./Drivers/STM32G4xx_HAL_Driver/Src/stm32g4xx_hal_uart.o
                0x0000000008007fe8                HAL_UART_Init
 .text.UART_Start_Receive_DMA
                0x0000000008008048       0xa8 ./Drivers/STM32G4xx_HAL_Driver/Src/stm32g4xx_hal_uart.o
                0x0000000008008048                UART_Start_Receive_DMA
 .text.HAL_UART_Receive_DMA
                0x00000000080080f0       0x54 ./Drivers/STM32G4xx_HAL_Driver/Src/stm32g4xx_hal_uart.o
                0x00000000080080f0                HAL_UART_Receive_DMA
 .text.UARTEx_SetNbDataToProcess
                0x0000000008008144       0x44 ./Drivers/STM32G4xx_HAL_Driver/Src/stm32g4xx_hal_uart_ex.o
 .text.HAL_UARTEx_WakeupCallback
                0x0000000008008188        0x2 ./Drivers/STM32G4xx_HAL_Driver/Src/stm32g4xx_hal_uart_ex.o
                0x0000000008008188                HAL_UARTEx_WakeupCallback
 .text.HAL_UARTEx_RxFifoFullCallback
                0x000000000800818a        0x2 ./Drivers/STM32G4xx_HAL_Driver/Src/stm32g4xx_hal_uart_ex.o
                0x000000000800818a                HAL_UARTEx_RxFifoFullCallback
 .text.HAL_UARTEx_TxFifoEmptyCallback
                0x000000000800818c        0x2 ./Drivers/STM32G4xx_HAL_Driver/Src/stm32g4xx_hal_uart_ex.o
                0x000000000800818c                HAL_UARTEx_TxFifoEmptyCallback
 .text.HAL_UARTEx_DisableFifoMode
                0x000000000800818e       0x36 ./Drivers/STM32G4xx_HAL_Driver/Src/stm32g4xx_hal_uart_ex.o
                0x000000000800818e                HAL_UARTEx_DisableFifoMode
 .text.HAL_UARTEx_SetTxFifoThreshold
                0x00000000080081c4       0x40 ./Drivers/STM32G4xx_HAL_Driver/Src/stm32g4xx_hal_uart_ex.o
                0x00000000080081c4                HAL_UARTEx_SetTxFifoThreshold
 .text.HAL_UARTEx_SetRxFifoThreshold
                0x0000000008008204       0x40 ./Drivers/STM32G4xx_HAL_Driver/Src/stm32g4xx_hal_uart_ex.o
                0x0000000008008204                HAL_UARTEx_SetRxFifoThreshold
 .text.std      0x0000000008008244       0x48 C:/ST/STM32CubeIDE_1.10.1/STM32CubeIDE/plugins/com.st.stm32cube.ide.mcu.externaltools.gnu-tools-for-stm32.11.3.rel1.win32_1.1.0.202305231506/tools/bin/../lib/gcc/arm-none-eabi/11.3.1/../../../../arm-none-eabi/lib/thumb/v7e-m+fp/hard\libc_nano.a(libc_a-findfp.o)
 .text.stdio_exit_handler
                0x000000000800828c       0x18 C:/ST/STM32CubeIDE_1.10.1/STM32CubeIDE/plugins/com.st.stm32cube.ide.mcu.externaltools.gnu-tools-for-stm32.11.3.rel1.win32_1.1.0.202305231506/tools/bin/../lib/gcc/arm-none-eabi/11.3.1/../../../../arm-none-eabi/lib/thumb/v7e-m+fp/hard\libc_nano.a(libc_a-findfp.o)
 .text.cleanup_stdio
                0x00000000080082a4       0x40 C:/ST/STM32CubeIDE_1.10.1/STM32CubeIDE/plugins/com.st.stm32cube.ide.mcu.externaltools.gnu-tools-for-stm32.11.3.rel1.win32_1.1.0.202305231506/tools/bin/../lib/gcc/arm-none-eabi/11.3.1/../../../../arm-none-eabi/lib/thumb/v7e-m+fp/hard\libc_nano.a(libc_a-findfp.o)
 .text.global_stdio_init.part.0
                0x00000000080082e4       0x3c C:/ST/STM32CubeIDE_1.10.1/STM32CubeIDE/plugins/com.st.stm32cube.ide.mcu.externaltools.gnu-tools-for-stm32.11.3.rel1.win32_1.1.0.202305231506/tools/bin/../lib/gcc/arm-none-eabi/11.3.1/../../../../arm-none-eabi/lib/thumb/v7e-m+fp/hard\libc_nano.a(libc_a-findfp.o)
 .text.__sfp_lock_acquire
                0x0000000008008320        0xc C:/ST/STM32CubeIDE_1.10.1/STM32CubeIDE/plugins/com.st.stm32cube.ide.mcu.externaltools.gnu-tools-for-stm32.11.3.rel1.win32_1.1.0.202305231506/tools/bin/../lib/gcc/arm-none-eabi/11.3.1/../../../../arm-none-eabi/lib/thumb/v7e-m+fp/hard\libc_nano.a(libc_a-findfp.o)
                0x0000000008008320                __sfp_lock_acquire
 .text.__sfp_lock_release
                0x000000000800832c        0xc C:/ST/STM32CubeIDE_1.10.1/STM32CubeIDE/plugins/com.st.stm32cube.ide.mcu.externaltools.gnu-tools-for-stm32.11.3.rel1.win32_1.1.0.202305231506/tools/bin/../lib/gcc/arm-none-eabi/11.3.1/../../../../arm-none-eabi/lib/thumb/v7e-m+fp/hard\libc_nano.a(libc_a-findfp.o)
                0x000000000800832c                __sfp_lock_release
 .text.__sinit  0x0000000008008338       0x30 C:/ST/STM32CubeIDE_1.10.1/STM32CubeIDE/plugins/com.st.stm32cube.ide.mcu.externaltools.gnu-tools-for-stm32.11.3.rel1.win32_1.1.0.202305231506/tools/bin/../lib/gcc/arm-none-eabi/11.3.1/../../../../arm-none-eabi/lib/thumb/v7e-m+fp/hard\libc_nano.a(libc_a-findfp.o)
                0x0000000008008338                __sinit
 .text._fwalk_sglue
                0x0000000008008368       0x3c C:/ST/STM32CubeIDE_1.10.1/STM32CubeIDE/plugins/com.st.stm32cube.ide.mcu.externaltools.gnu-tools-for-stm32.11.3.rel1.win32_1.1.0.202305231506/tools/bin/../lib/gcc/arm-none-eabi/11.3.1/../../../../arm-none-eabi/lib/thumb/v7e-m+fp/hard\libc_nano.a(libc_a-fwalk.o)
                0x0000000008008368                _fwalk_sglue
 .text.printf   0x00000000080083a4       0x24 C:/ST/STM32CubeIDE_1.10.1/STM32CubeIDE/plugins/com.st.stm32cube.ide.mcu.externaltools.gnu-tools-for-stm32.11.3.rel1.win32_1.1.0.202305231506/tools/bin/../lib/gcc/arm-none-eabi/11.3.1/../../../../arm-none-eabi/lib/thumb/v7e-m+fp/hard\libc_nano.a(libc_a-printf.o)
                0x00000000080083a4                iprintf
                0x00000000080083a4                printf
 .text._puts_r  0x00000000080083c8       0xa8 C:/ST/STM32CubeIDE_1.10.1/STM32CubeIDE/plugins/com.st.stm32cube.ide.mcu.externaltools.gnu-tools-for-stm32.11.3.rel1.win32_1.1.0.202305231506/tools/bin/../lib/gcc/arm-none-eabi/11.3.1/../../../../arm-none-eabi/lib/thumb/v7e-m+fp/hard\libc_nano.a(libc_a-puts.o)
                0x00000000080083c8                _puts_r
 .text.puts     0x0000000008008470       0x10 C:/ST/STM32CubeIDE_1.10.1/STM32CubeIDE/plugins/com.st.stm32cube.ide.mcu.externaltools.gnu-tools-for-stm32.11.3.rel1.win32_1.1.0.202305231506/tools/bin/../lib/gcc/arm-none-eabi/11.3.1/../../../../arm-none-eabi/lib/thumb/v7e-m+fp/hard\libc_nano.a(libc_a-puts.o)
                0x0000000008008470                puts
 .text.setbuf   0x0000000008008480       0x10 C:/ST/STM32CubeIDE_1.10.1/STM32CubeIDE/plugins/com.st.stm32cube.ide.mcu.externaltools.gnu-tools-for-stm32.11.3.rel1.win32_1.1.0.202305231506/tools/bin/../lib/gcc/arm-none-eabi/11.3.1/../../../../arm-none-eabi/lib/thumb/v7e-m+fp/hard\libc_nano.a(libc_a-setbuf.o)
                0x0000000008008480                setbuf
 .text.setvbuf  0x0000000008008490      0x15c C:/ST/STM32CubeIDE_1.10.1/STM32CubeIDE/plugins/com.st.stm32cube.ide.mcu.externaltools.gnu-tools-for-stm32.11.3.rel1.win32_1.1.0.202305231506/tools/bin/../lib/gcc/arm-none-eabi/11.3.1/../../../../arm-none-eabi/lib/thumb/v7e-m+fp/hard\libc_nano.a(libc_a-setvbuf.o)
                0x0000000008008490                setvbuf
 .text.__sread  0x00000000080085ec       0x22 C:/ST/STM32CubeIDE_1.10.1/STM32CubeIDE/plugins/com.st.stm32cube.ide.mcu.externaltools.gnu-tools-for-stm32.11.3.rel1.win32_1.1.0.202305231506/tools/bin/../lib/gcc/arm-none-eabi/11.3.1/../../../../arm-none-eabi/lib/thumb/v7e-m+fp/hard\libc_nano.a(libc_a-stdio.o)
                0x00000000080085ec                __sread
 .text.__swrite
                0x000000000800860e       0x38 C:/ST/STM32CubeIDE_1.10.1/STM32CubeIDE/plugins/com.st.stm32cube.ide.mcu.externaltools.gnu-tools-for-stm32.11.3.rel1.win32_1.1.0.202305231506/tools/bin/../lib/gcc/arm-none-eabi/11.3.1/../../../../arm-none-eabi/lib/thumb/v7e-m+fp/hard\libc_nano.a(libc_a-stdio.o)
                0x000000000800860e                __swrite
 .text.__sseek  0x0000000008008646       0x24 C:/ST/STM32CubeIDE_1.10.1/STM32CubeIDE/plugins/com.st.stm32cube.ide.mcu.externaltools.gnu-tools-for-stm32.11.3.rel1.win32_1.1.0.202305231506/tools/bin/../lib/gcc/arm-none-eabi/11.3.1/../../../../arm-none-eabi/lib/thumb/v7e-m+fp/hard\libc_nano.a(libc_a-stdio.o)
                0x0000000008008646                __sseek
 .text.__sclose
                0x000000000800866a        0x8 C:/ST/STM32CubeIDE_1.10.1/STM32CubeIDE/plugins/com.st.stm32cube.ide.mcu.externaltools.gnu-tools-for-stm32.11.3.rel1.win32_1.1.0.202305231506/tools/bin/../lib/gcc/arm-none-eabi/11.3.1/../../../../arm-none-eabi/lib/thumb/v7e-m+fp/hard\libc_nano.a(libc_a-stdio.o)
                0x000000000800866a                __sclose
 .text.__swbuf_r
                0x0000000008008672       0x7a C:/ST/STM32CubeIDE_1.10.1/STM32CubeIDE/plugins/com.st.stm32cube.ide.mcu.externaltools.gnu-tools-for-stm32.11.3.rel1.win32_1.1.0.202305231506/tools/bin/../lib/gcc/arm-none-eabi/11.3.1/../../../../arm-none-eabi/lib/thumb/v7e-m+fp/hard\libc_nano.a(libc_a-wbuf.o)
                0x0000000008008672                __swbuf_r
 .text.__swsetup_r
                0x00000000080086ec       0xb0 C:/ST/STM32CubeIDE_1.10.1/STM32CubeIDE/plugins/com.st.stm32cube.ide.mcu.externaltools.gnu-tools-for-stm32.11.3.rel1.win32_1.1.0.202305231506/tools/bin/../lib/gcc/arm-none-eabi/11.3.1/../../../../arm-none-eabi/lib/thumb/v7e-m+fp/hard\libc_nano.a(libc_a-wsetup.o)
                0x00000000080086ec                __swsetup_r
 .text.memset   0x000000000800879c       0x10 C:/ST/STM32CubeIDE_1.10.1/STM32CubeIDE/plugins/com.st.stm32cube.ide.mcu.externaltools.gnu-tools-for-stm32.11.3.rel1.win32_1.1.0.202305231506/tools/bin/../lib/gcc/arm-none-eabi/11.3.1/../../../../arm-none-eabi/lib/thumb/v7e-m+fp/hard\libc_nano.a(libc_a-memset.o)
                0x000000000800879c                memset
 .text._close_r
                0x00000000080087ac       0x20 C:/ST/STM32CubeIDE_1.10.1/STM32CubeIDE/plugins/com.st.stm32cube.ide.mcu.externaltools.gnu-tools-for-stm32.11.3.rel1.win32_1.1.0.202305231506/tools/bin/../lib/gcc/arm-none-eabi/11.3.1/../../../../arm-none-eabi/lib/thumb/v7e-m+fp/hard\libc_nano.a(libc_a-closer.o)
                0x00000000080087ac                _close_r
 .text._lseek_r
                0x00000000080087cc       0x24 C:/ST/STM32CubeIDE_1.10.1/STM32CubeIDE/plugins/com.st.stm32cube.ide.mcu.externaltools.gnu-tools-for-stm32.11.3.rel1.win32_1.1.0.202305231506/tools/bin/../lib/gcc/arm-none-eabi/11.3.1/../../../../arm-none-eabi/lib/thumb/v7e-m+fp/hard\libc_nano.a(libc_a-lseekr.o)
                0x00000000080087cc                _lseek_r
 .text._read_r  0x00000000080087f0       0x24 C:/ST/STM32CubeIDE_1.10.1/STM32CubeIDE/plugins/com.st.stm32cube.ide.mcu.externaltools.gnu-tools-for-stm32.11.3.rel1.win32_1.1.0.202305231506/tools/bin/../lib/gcc/arm-none-eabi/11.3.1/../../../../arm-none-eabi/lib/thumb/v7e-m+fp/hard\libc_nano.a(libc_a-readr.o)
                0x00000000080087f0                _read_r
 .text._write_r
                0x0000000008008814       0x24 C:/ST/STM32CubeIDE_1.10.1/STM32CubeIDE/plugins/com.st.stm32cube.ide.mcu.externaltools.gnu-tools-for-stm32.11.3.rel1.win32_1.1.0.202305231506/tools/bin/../lib/gcc/arm-none-eabi/11.3.1/../../../../arm-none-eabi/lib/thumb/v7e-m+fp/hard\libc_nano.a(libc_a-writer.o)
                0x0000000008008814                _write_r
 .text.__libc_init_array
                0x0000000008008838       0x48 C:/ST/STM32CubeIDE_1.10.1/STM32CubeIDE/plugins/com.st.stm32cube.ide.mcu.externaltools.gnu-tools-for-stm32.11.3.rel1.win32_1.1.0.202305231506/tools/bin/../lib/gcc/arm-none-eabi/11.3.1/../../../../arm-none-eabi/lib/thumb/v7e-m+fp/hard\libc_nano.a(libc_a-init.o)
                0x0000000008008838                __libc_init_array
 .text.__retarget_lock_acquire_recursive
                0x0000000008008880        0x2 C:/ST/STM32CubeIDE_1.10.1/STM32CubeIDE/plugins/com.st.stm32cube.ide.mcu.externaltools.gnu-tools-for-stm32.11.3.rel1.win32_1.1.0.202305231506/tools/bin/../lib/gcc/arm-none-eabi/11.3.1/../../../../arm-none-eabi/lib/thumb/v7e-m+fp/hard\libc_nano.a(libc_a-lock.o)
                0x0000000008008880                __retarget_lock_acquire_recursive
 .text.__retarget_lock_release_recursive
                0x0000000008008882        0x2 C:/ST/STM32CubeIDE_1.10.1/STM32CubeIDE/plugins/com.st.stm32cube.ide.mcu.externaltools.gnu-tools-for-stm32.11.3.rel1.win32_1.1.0.202305231506/tools/bin/../lib/gcc/arm-none-eabi/11.3.1/../../../../arm-none-eabi/lib/thumb/v7e-m+fp/hard\libc_nano.a(libc_a-lock.o)
                0x0000000008008882                __retarget_lock_release_recursive
 .text._free_r  0x0000000008008884       0x98 C:/ST/STM32CubeIDE_1.10.1/STM32CubeIDE/plugins/com.st.stm32cube.ide.mcu.externaltools.gnu-tools-for-stm32.11.3.rel1.win32_1.1.0.202305231506/tools/bin/../lib/gcc/arm-none-eabi/11.3.1/../../../../arm-none-eabi/lib/thumb/v7e-m+fp/hard\libc_nano.a(libc_a-freer.o)
                0x0000000008008884                _free_r
 .text.malloc   0x000000000800891c       0x10 C:/ST/STM32CubeIDE_1.10.1/STM32CubeIDE/plugins/com.st.stm32cube.ide.mcu.externaltools.gnu-tools-for-stm32.11.3.rel1.win32_1.1.0.202305231506/tools/bin/../lib/gcc/arm-none-eabi/11.3.1/../../../../arm-none-eabi/lib/thumb/v7e-m+fp/hard\libc_nano.a(libc_a-malloc.o)
                0x000000000800891c                malloc
 .text.sbrk_aligned
                0x000000000800892c       0x40 C:/ST/STM32CubeIDE_1.10.1/STM32CubeIDE/plugins/com.st.stm32cube.ide.mcu.externaltools.gnu-tools-for-stm32.11.3.rel1.win32_1.1.0.202305231506/tools/bin/../lib/gcc/arm-none-eabi/11.3.1/../../../../arm-none-eabi/lib/thumb/v7e-m+fp/hard\libc_nano.a(libc_a-mallocr.o)
 .text._malloc_r
                0x000000000800896c      0x100 C:/ST/STM32CubeIDE_1.10.1/STM32CubeIDE/plugins/com.st.stm32cube.ide.mcu.externaltools.gnu-tools-for-stm32.11.3.rel1.win32_1.1.0.202305231506/tools/bin/../lib/gcc/arm-none-eabi/11.3.1/../../../../arm-none-eabi/lib/thumb/v7e-m+fp/hard\libc_nano.a(libc_a-mallocr.o)
                0x000000000800896c                _malloc_r
 .text.__malloc_lock
                0x0000000008008a6c        0xc C:/ST/STM32CubeIDE_1.10.1/STM32CubeIDE/plugins/com.st.stm32cube.ide.mcu.externaltools.gnu-tools-for-stm32.11.3.rel1.win32_1.1.0.202305231506/tools/bin/../lib/gcc/arm-none-eabi/11.3.1/../../../../arm-none-eabi/lib/thumb/v7e-m+fp/hard\libc_nano.a(libc_a-mlock.o)
                0x0000000008008a6c                __malloc_lock
 .text.__malloc_unlock
                0x0000000008008a78        0xc C:/ST/STM32CubeIDE_1.10.1/STM32CubeIDE/plugins/com.st.stm32cube.ide.mcu.externaltools.gnu-tools-for-stm32.11.3.rel1.win32_1.1.0.202305231506/tools/bin/../lib/gcc/arm-none-eabi/11.3.1/../../../../arm-none-eabi/lib/thumb/v7e-m+fp/hard\libc_nano.a(libc_a-mlock.o)
                0x0000000008008a78                __malloc_unlock
 .text.__sfputc_r
                0x0000000008008a84       0x2e C:/ST/STM32CubeIDE_1.10.1/STM32CubeIDE/plugins/com.st.stm32cube.ide.mcu.externaltools.gnu-tools-for-stm32.11.3.rel1.win32_1.1.0.202305231506/tools/bin/../lib/gcc/arm-none-eabi/11.3.1/../../../../arm-none-eabi/lib/thumb/v7e-m+fp/hard\libc_nano.a(libc_a-nano-vfprintf.o)
 .text.__sfputs_r
                0x0000000008008ab2       0x24 C:/ST/STM32CubeIDE_1.10.1/STM32CubeIDE/plugins/com.st.stm32cube.ide.mcu.externaltools.gnu-tools-for-stm32.11.3.rel1.win32_1.1.0.202305231506/tools/bin/../lib/gcc/arm-none-eabi/11.3.1/../../../../arm-none-eabi/lib/thumb/v7e-m+fp/hard\libc_nano.a(libc_a-nano-vfprintf.o)
                0x0000000008008ab2                __sfputs_r
 *fill*         0x0000000008008ad6        0x2 
 .text._vfprintf_r
                0x0000000008008ad8      0x234 C:/ST/STM32CubeIDE_1.10.1/STM32CubeIDE/plugins/com.st.stm32cube.ide.mcu.externaltools.gnu-tools-for-stm32.11.3.rel1.win32_1.1.0.202305231506/tools/bin/../lib/gcc/arm-none-eabi/11.3.1/../../../../arm-none-eabi/lib/thumb/v7e-m+fp/hard\libc_nano.a(libc_a-nano-vfprintf.o)
                0x0000000008008ad8                _vfprintf_r
                0x0000000008008ad8                _vfiprintf_r
 .text._printf_common
                0x0000000008008d0c       0xda C:/ST/STM32CubeIDE_1.10.1/STM32CubeIDE/plugins/com.st.stm32cube.ide.mcu.externaltools.gnu-tools-for-stm32.11.3.rel1.win32_1.1.0.202305231506/tools/bin/../lib/gcc/arm-none-eabi/11.3.1/../../../../arm-none-eabi/lib/thumb/v7e-m+fp/hard\libc_nano.a(libc_a-nano-vfprintf_i.o)
                0x0000000008008d0c                _printf_common
 *fill*         0x0000000008008de6        0x2 
 .text._printf_i
                0x0000000008008de8      0x244 C:/ST/STM32CubeIDE_1.10.1/STM32CubeIDE/plugins/com.st.stm32cube.ide.mcu.externaltools.gnu-tools-for-stm32.11.3.rel1.win32_1.1.0.202305231506/tools/bin/../lib/gcc/arm-none-eabi/11.3.1/../../../../arm-none-eabi/lib/thumb/v7e-m+fp/hard\libc_nano.a(libc_a-nano-vfprintf_i.o)
                0x0000000008008de8                _printf_i
 .text.__sflush_r
                0x000000000800902c      0x10c C:/ST/STM32CubeIDE_1.10.1/STM32CubeIDE/plugins/com.st.stm32cube.ide.mcu.externaltools.gnu-tools-for-stm32.11.3.rel1.win32_1.1.0.202305231506/tools/bin/../lib/gcc/arm-none-eabi/11.3.1/../../../../arm-none-eabi/lib/thumb/v7e-m+fp/hard\libc_nano.a(libc_a-fflush.o)
                0x000000000800902c                __sflush_r
 .text._fflush_r
                0x0000000008009138       0x50 C:/ST/STM32CubeIDE_1.10.1/STM32CubeIDE/plugins/com.st.stm32cube.ide.mcu.externaltools.gnu-tools-for-stm32.11.3.rel1.win32_1.1.0.202305231506/tools/bin/../lib/gcc/arm-none-eabi/11.3.1/../../../../arm-none-eabi/lib/thumb/v7e-m+fp/hard\libc_nano.a(libc_a-fflush.o)
                0x0000000008009138                _fflush_r
 .text.__swhatbuf_r
                0x0000000008009188       0x4c C:/ST/STM32CubeIDE_1.10.1/STM32CubeIDE/plugins/com.st.stm32cube.ide.mcu.externaltools.gnu-tools-for-stm32.11.3.rel1.win32_1.1.0.202305231506/tools/bin/../lib/gcc/arm-none-eabi/11.3.1/../../../../arm-none-eabi/lib/thumb/v7e-m+fp/hard\libc_nano.a(libc_a-makebuf.o)
                0x0000000008009188                __swhatbuf_r
 .text.__smakebuf_r
                0x00000000080091d4       0x78 C:/ST/STM32CubeIDE_1.10.1/STM32CubeIDE/plugins/com.st.stm32cube.ide.mcu.externaltools.gnu-tools-for-stm32.11.3.rel1.win32_1.1.0.202305231506/tools/bin/../lib/gcc/arm-none-eabi/11.3.1/../../../../arm-none-eabi/lib/thumb/v7e-m+fp/hard\libc_nano.a(libc_a-makebuf.o)
                0x00000000080091d4                __smakebuf_r
 .text._fstat_r
                0x000000000800924c       0x24 C:/ST/STM32CubeIDE_1.10.1/STM32CubeIDE/plugins/com.st.stm32cube.ide.mcu.externaltools.gnu-tools-for-stm32.11.3.rel1.win32_1.1.0.202305231506/tools/bin/../lib/gcc/arm-none-eabi/11.3.1/../../../../arm-none-eabi/lib/thumb/v7e-m+fp/hard\libc_nano.a(libc_a-fstatr.o)
                0x000000000800924c                _fstat_r
 .text._isatty_r
                0x0000000008009270       0x20 C:/ST/STM32CubeIDE_1.10.1/STM32CubeIDE/plugins/com.st.stm32cube.ide.mcu.externaltools.gnu-tools-for-stm32.11.3.rel1.win32_1.1.0.202305231506/tools/bin/../lib/gcc/arm-none-eabi/11.3.1/../../../../arm-none-eabi/lib/thumb/v7e-m+fp/hard\libc_nano.a(libc_a-isattyr.o)
                0x0000000008009270                _isatty_r
 .text._sbrk_r  0x0000000008009290       0x20 C:/ST/STM32CubeIDE_1.10.1/STM32CubeIDE/plugins/com.st.stm32cube.ide.mcu.externaltools.gnu-tools-for-stm32.11.3.rel1.win32_1.1.0.202305231506/tools/bin/../lib/gcc/arm-none-eabi/11.3.1/../../../../arm-none-eabi/lib/thumb/v7e-m+fp/hard\libc_nano.a(libc_a-sbrkr.o)
                0x0000000008009290                _sbrk_r
 .text.cos      0x00000000080092b0       0xa8 C:/ST/STM32CubeIDE_1.10.1/STM32CubeIDE/plugins/com.st.stm32cube.ide.mcu.externaltools.gnu-tools-for-stm32.11.3.rel1.win32_1.1.0.202305231506/tools/bin/../lib/gcc/arm-none-eabi/11.3.1/../../../../arm-none-eabi/lib/thumb/v7e-m+fp/hard\libm.a(libm_a-s_cos.o)
                0x00000000080092b0                cos
 .text.sin      0x0000000008009358       0xb0 C:/ST/STM32CubeIDE_1.10.1/STM32CubeIDE/plugins/com.st.stm32cube.ide.mcu.externaltools.gnu-tools-for-stm32.11.3.rel1.win32_1.1.0.202305231506/tools/bin/../lib/gcc/arm-none-eabi/11.3.1/../../../../arm-none-eabi/lib/thumb/v7e-m+fp/hard\libm.a(libm_a-s_sin.o)
                0x0000000008009358                sin
 .text.__kernel_cos
                0x0000000008009408      0x18c C:/ST/STM32CubeIDE_1.10.1/STM32CubeIDE/plugins/com.st.stm32cube.ide.mcu.externaltools.gnu-tools-for-stm32.11.3.rel1.win32_1.1.0.202305231506/tools/bin/../lib/gcc/arm-none-eabi/11.3.1/../../../../arm-none-eabi/lib/thumb/v7e-m+fp/hard\libm.a(libm_a-k_cos.o)
                0x0000000008009408                __kernel_cos
 *fill*         0x0000000008009594        0x4 
 .text.__kernel_sin
                0x0000000008009598      0x17c C:/ST/STM32CubeIDE_1.10.1/STM32CubeIDE/plugins/com.st.stm32cube.ide.mcu.externaltools.gnu-tools-for-stm32.11.3.rel1.win32_1.1.0.202305231506/tools/bin/../lib/gcc/arm-none-eabi/11.3.1/../../../../arm-none-eabi/lib/thumb/v7e-m+fp/hard\libm.a(libm_a-k_sin.o)
                0x0000000008009598                __kernel_sin
 *fill*         0x0000000008009714        0x4 
 .text.__ieee754_rem_pio2
                0x0000000008009718      0x40c C:/ST/STM32CubeIDE_1.10.1/STM32CubeIDE/plugins/com.st.stm32cube.ide.mcu.externaltools.gnu-tools-for-stm32.11.3.rel1.win32_1.1.0.202305231506/tools/bin/../lib/gcc/arm-none-eabi/11.3.1/../../../../arm-none-eabi/lib/thumb/v7e-m+fp/hard\libm.a(libm_a-e_rem_pio2.o)
                0x0000000008009718                __ieee754_rem_pio2
 .text.fabs     0x0000000008009b24       0x12 C:/ST/STM32CubeIDE_1.10.1/STM32CubeIDE/plugins/com.st.stm32cube.ide.mcu.externaltools.gnu-tools-for-stm32.11.3.rel1.win32_1.1.0.202305231506/tools/bin/../lib/gcc/arm-none-eabi/11.3.1/../../../../arm-none-eabi/lib/thumb/v7e-m+fp/hard\libm.a(libm_a-s_fabs.o)
                0x0000000008009b24                fabs
 *fill*         0x0000000008009b36        0x2 
 .text.__kernel_rem_pio2
                0x0000000008009b38      0x69c C:/ST/STM32CubeIDE_1.10.1/STM32CubeIDE/plugins/com.st.stm32cube.ide.mcu.externaltools.gnu-tools-for-stm32.11.3.rel1.win32_1.1.0.202305231506/tools/bin/../lib/gcc/arm-none-eabi/11.3.1/../../../../arm-none-eabi/lib/thumb/v7e-m+fp/hard\libm.a(libm_a-k_rem_pio2.o)
                0x0000000008009b38                __kernel_rem_pio2
 *fill*         0x000000000800a1d4        0x4 
 .text.scalbn   0x000000000800a1d8       0xfc C:/ST/STM32CubeIDE_1.10.1/STM32CubeIDE/plugins/com.st.stm32cube.ide.mcu.externaltools.gnu-tools-for-stm32.11.3.rel1.win32_1.1.0.202305231506/tools/bin/../lib/gcc/arm-none-eabi/11.3.1/../../../../arm-none-eabi/lib/thumb/v7e-m+fp/hard\libm.a(libm_a-s_scalbn.o)
                0x000000000800a1d8                scalbn
 *fill*         0x000000000800a2d4        0x4 
 .text.floor    0x000000000800a2d8      0x100 C:/ST/STM32CubeIDE_1.10.1/STM32CubeIDE/plugins/com.st.stm32cube.ide.mcu.externaltools.gnu-tools-for-stm32.11.3.rel1.win32_1.1.0.202305231506/tools/bin/../lib/gcc/arm-none-eabi/11.3.1/../../../../arm-none-eabi/lib/thumb/v7e-m+fp/hard\libm.a(libm_a-s_floor.o)
                0x000000000800a2d8                floor
 .text._sbrk    0x000000000800a3d8       0x1c C:/ST/STM32CubeIDE_1.10.1/STM32CubeIDE/plugins/com.st.stm32cube.ide.mcu.externaltools.gnu-tools-for-stm32.11.3.rel1.win32_1.1.0.202305231506/tools/bin/../lib/gcc/arm-none-eabi/11.3.1/../../../../arm-none-eabi/lib/thumb/v7e-m+fp/hard\libnosys.a(sbrk.o)
                0x000000000800a3d8                _sbrk
 *(.glue_7)
 .glue_7        0x000000000800a3f4        0x0 linker stubs
 *(.glue_7t)
 .glue_7t       0x000000000800a3f4        0x0 linker stubs
 *(.eh_frame)
 .eh_frame      0x000000000800a3f4        0x0 C:/ST/STM32CubeIDE_1.10.1/STM32CubeIDE/plugins/com.st.stm32cube.ide.mcu.externaltools.gnu-tools-for-stm32.11.3.rel1.win32_1.1.0.202305231506/tools/bin/../lib/gcc/arm-none-eabi/11.3.1/thumb/v7e-m+fp/hard/crtbegin.o
 *(.init)
 .init          0x000000000800a3f4        0x4 C:/ST/STM32CubeIDE_1.10.1/STM32CubeIDE/plugins/com.st.stm32cube.ide.mcu.externaltools.gnu-tools-for-stm32.11.3.rel1.win32_1.1.0.202305231506/tools/bin/../lib/gcc/arm-none-eabi/11.3.1/thumb/v7e-m+fp/hard/crti.o
                0x000000000800a3f4                _init
 .init          0x000000000800a3f8        0x8 C:/ST/STM32CubeIDE_1.10.1/STM32CubeIDE/plugins/com.st.stm32cube.ide.mcu.externaltools.gnu-tools-for-stm32.11.3.rel1.win32_1.1.0.202305231506/tools/bin/../lib/gcc/arm-none-eabi/11.3.1/thumb/v7e-m+fp/hard/crtn.o
 *(.fini)
 .fini          0x000000000800a400        0x4 C:/ST/STM32CubeIDE_1.10.1/STM32CubeIDE/plugins/com.st.stm32cube.ide.mcu.externaltools.gnu-tools-for-stm32.11.3.rel1.win32_1.1.0.202305231506/tools/bin/../lib/gcc/arm-none-eabi/11.3.1/thumb/v7e-m+fp/hard/crti.o
                0x000000000800a400                _fini
 .fini          0x000000000800a404        0x8 C:/ST/STM32CubeIDE_1.10.1/STM32CubeIDE/plugins/com.st.stm32cube.ide.mcu.externaltools.gnu-tools-for-stm32.11.3.rel1.win32_1.1.0.202305231506/tools/bin/../lib/gcc/arm-none-eabi/11.3.1/thumb/v7e-m+fp/hard/crtn.o
                0x000000000800a40c                . = ALIGN (0x4)
                0x000000000800a40c                _etext = .

.vfp11_veneer   0x000000000800a40c        0x0
 .vfp11_veneer  0x000000000800a40c        0x0 linker stubs

.v4_bx          0x000000000800a40c        0x0
 .v4_bx         0x000000000800a40c        0x0 linker stubs

.iplt           0x000000000800a40c        0x0
 .iplt          0x000000000800a40c        0x0 C:/ST/STM32CubeIDE_1.10.1/STM32CubeIDE/plugins/com.st.stm32cube.ide.mcu.externaltools.gnu-tools-for-stm32.11.3.rel1.win32_1.1.0.202305231506/tools/bin/../lib/gcc/arm-none-eabi/11.3.1/thumb/v7e-m+fp/hard/crtbegin.o

.rodata         0x000000000800a410      0x398
                0x000000000800a410                . = ALIGN (0x4)
 *(.rodata)
 *(.rodata*)
 .rodata.ICM20602_IMU_calibration.str1.1
                0x000000000800a410       0x13 ./Core/Src/icm20602_spi.o
 .rodata.ICM20602_IMU_calibration2.str1.1
                0x000000000800a423        0xd ./Core/Src/icm20602_spi.o
 .rodata.HAL_GPIO_EXTI_Callback.str1.1
                0x000000000800a430       0x1d ./Core/Src/main.o
 .rodata.maintask_run.str1.1
                0x000000000800a44d        0xb ./Core/Src/main.o
 .rodata.HAL_TIM_PeriodElapsedCallback.str1.1
                0x000000000800a458       0xd8 ./Core/Src/main.o
                                         0xda (size before relaxing)
 .rodata.main.str1.1
                0x000000000800a530        0x7 ./Core/Src/main.o
 .rodata.AHBPrescTable
                0x000000000800a537       0x10 ./Core/Src/system_stm32g4xx.o
                0x000000000800a537                AHBPrescTable
 .rodata.APBPrescTable
                0x000000000800a547        0x8 ./Core/Src/system_stm32g4xx.o
                0x000000000800a547                APBPrescTable
 .rodata.DLCtoBytes
                0x000000000800a54f       0x10 ./Drivers/STM32G4xx_HAL_Driver/Src/stm32g4xx_hal_fdcan.o
 .rodata.CSWTCH.60
                0x000000000800a55f        0x3 ./Drivers/STM32G4xx_HAL_Driver/Src/stm32g4xx_hal_uart.o
 .rodata.CSWTCH.61
                0x000000000800a562        0xd ./Drivers/STM32G4xx_HAL_Driver/Src/stm32g4xx_hal_uart.o
 *fill*         0x000000000800a56f        0x1 
 .rodata.UARTPrescTable
                0x000000000800a570       0x18 ./Drivers/STM32G4xx_HAL_Driver/Src/stm32g4xx_hal_uart.o
                0x000000000800a570                UARTPrescTable
 .rodata.denominator.0
                0x000000000800a588        0x8 ./Drivers/STM32G4xx_HAL_Driver/Src/stm32g4xx_hal_uart_ex.o
 .rodata.numerator.1
                0x000000000800a590        0x8 ./Drivers/STM32G4xx_HAL_Driver/Src/stm32g4xx_hal_uart_ex.o
 .rodata._vfprintf_r.str1.1
                0x000000000800a598       0x11 C:/ST/STM32CubeIDE_1.10.1/STM32CubeIDE/plugins/com.st.stm32cube.ide.mcu.externaltools.gnu-tools-for-stm32.11.3.rel1.win32_1.1.0.202305231506/tools/bin/../lib/gcc/arm-none-eabi/11.3.1/../../../../arm-none-eabi/lib/thumb/v7e-m+fp/hard\libc_nano.a(libc_a-nano-vfprintf.o)
 .rodata._printf_i.str1.1
                0x000000000800a5a9       0x22 C:/ST/STM32CubeIDE_1.10.1/STM32CubeIDE/plugins/com.st.stm32cube.ide.mcu.externaltools.gnu-tools-for-stm32.11.3.rel1.win32_1.1.0.202305231506/tools/bin/../lib/gcc/arm-none-eabi/11.3.1/../../../../arm-none-eabi/lib/thumb/v7e-m+fp/hard\libc_nano.a(libc_a-nano-vfprintf_i.o)
 *fill*         0x000000000800a5cb        0x1 
 .rodata.npio2_hw
                0x000000000800a5cc       0x80 C:/ST/STM32CubeIDE_1.10.1/STM32CubeIDE/plugins/com.st.stm32cube.ide.mcu.externaltools.gnu-tools-for-stm32.11.3.rel1.win32_1.1.0.202305231506/tools/bin/../lib/gcc/arm-none-eabi/11.3.1/../../../../arm-none-eabi/lib/thumb/v7e-m+fp/hard\libm.a(libm_a-e_rem_pio2.o)
 .rodata.two_over_pi
                0x000000000800a64c      0x108 C:/ST/STM32CubeIDE_1.10.1/STM32CubeIDE/plugins/com.st.stm32cube.ide.mcu.externaltools.gnu-tools-for-stm32.11.3.rel1.win32_1.1.0.202305231506/tools/bin/../lib/gcc/arm-none-eabi/11.3.1/../../../../arm-none-eabi/lib/thumb/v7e-m+fp/hard\libm.a(libm_a-e_rem_pio2.o)
 *fill*         0x000000000800a754        0x4 
 .rodata.PIo2   0x000000000800a758       0x40 C:/ST/STM32CubeIDE_1.10.1/STM32CubeIDE/plugins/com.st.stm32cube.ide.mcu.externaltools.gnu-tools-for-stm32.11.3.rel1.win32_1.1.0.202305231506/tools/bin/../lib/gcc/arm-none-eabi/11.3.1/../../../../arm-none-eabi/lib/thumb/v7e-m+fp/hard\libm.a(libm_a-k_rem_pio2.o)
 .rodata.init_jk
                0x000000000800a798       0x10 C:/ST/STM32CubeIDE_1.10.1/STM32CubeIDE/plugins/com.st.stm32cube.ide.mcu.externaltools.gnu-tools-for-stm32.11.3.rel1.win32_1.1.0.202305231506/tools/bin/../lib/gcc/arm-none-eabi/11.3.1/../../../../arm-none-eabi/lib/thumb/v7e-m+fp/hard\libm.a(libm_a-k_rem_pio2.o)
                0x000000000800a7a8                . = ALIGN (0x4)

.ARM.extab      0x000000000800a7a8        0x0
                0x000000000800a7a8                . = ALIGN (0x4)
 *(.ARM.extab* .gnu.linkonce.armextab.*)
                0x000000000800a7a8                . = ALIGN (0x4)

.ARM            0x000000000800a7a8        0x8
                0x000000000800a7a8                . = ALIGN (0x4)
                0x000000000800a7a8                __exidx_start = .
 *(.ARM.exidx*)
 .ARM.exidx     0x000000000800a7a8        0x8 C:/ST/STM32CubeIDE_1.10.1/STM32CubeIDE/plugins/com.st.stm32cube.ide.mcu.externaltools.gnu-tools-for-stm32.11.3.rel1.win32_1.1.0.202305231506/tools/bin/../lib/gcc/arm-none-eabi/11.3.1/thumb/v7e-m+fp/hard\libgcc.a(_udivmoddi4.o)
                0x000000000800a7b0                __exidx_end = .
                0x000000000800a7b0                . = ALIGN (0x4)

.rel.dyn        0x000000000800a7b0        0x0
 .rel.iplt      0x000000000800a7b0        0x0 C:/ST/STM32CubeIDE_1.10.1/STM32CubeIDE/plugins/com.st.stm32cube.ide.mcu.externaltools.gnu-tools-for-stm32.11.3.rel1.win32_1.1.0.202305231506/tools/bin/../lib/gcc/arm-none-eabi/11.3.1/thumb/v7e-m+fp/hard/crtbegin.o

.preinit_array  0x000000000800a7b0        0x0
                0x000000000800a7b0                . = ALIGN (0x4)
                0x000000000800a7b0                PROVIDE (__preinit_array_start = .)
 *(.preinit_array*)
                0x000000000800a7b0                PROVIDE (__preinit_array_end = .)
                0x000000000800a7b0                . = ALIGN (0x4)

.init_array     0x000000000800a7b0        0x4
                0x000000000800a7b0                . = ALIGN (0x4)
                0x000000000800a7b0                PROVIDE (__init_array_start = .)
 *(SORT_BY_NAME(.init_array.*))
 *(.init_array*)
 .init_array    0x000000000800a7b0        0x4 C:/ST/STM32CubeIDE_1.10.1/STM32CubeIDE/plugins/com.st.stm32cube.ide.mcu.externaltools.gnu-tools-for-stm32.11.3.rel1.win32_1.1.0.202305231506/tools/bin/../lib/gcc/arm-none-eabi/11.3.1/thumb/v7e-m+fp/hard/crtbegin.o
                0x000000000800a7b4                PROVIDE (__init_array_end = .)
                0x000000000800a7b4                . = ALIGN (0x4)

.fini_array     0x000000000800a7b4        0x4
                0x000000000800a7b4                . = ALIGN (0x4)
                [!provide]                        PROVIDE (__fini_array_start = .)
 *(SORT_BY_NAME(.fini_array.*))
 *(.fini_array*)
 .fini_array    0x000000000800a7b4        0x4 C:/ST/STM32CubeIDE_1.10.1/STM32CubeIDE/plugins/com.st.stm32cube.ide.mcu.externaltools.gnu-tools-for-stm32.11.3.rel1.win32_1.1.0.202305231506/tools/bin/../lib/gcc/arm-none-eabi/11.3.1/thumb/v7e-m+fp/hard/crtbegin.o
                [!provide]                        PROVIDE (__fini_array_end = .)
                0x000000000800a7b8                . = ALIGN (0x4)
                0x000000000800a7b8                _sidata = LOADADDR (.data)

.data           0x0000000020000000       0x70 load address 0x000000000800a7b8
                0x0000000020000000                . = ALIGN (0x4)
                0x0000000020000000                _sdata = .
 *(.data)
 *(.data*)
 .data.Gscale   0x0000000020000000        0x4 ./Core/Src/icm20602_spi.o
                0x0000000020000000                Gscale
 .data.imu_dt   0x0000000020000004        0x4 ./Core/Src/icm20602_spi.o
                0x0000000020000004                imu_dt
 .data.SystemCoreClock
                0x0000000020000008        0x4 ./Core/Src/system_stm32g4xx.o
                0x0000000020000008                SystemCoreClock
 .data.uwTickFreq
                0x000000002000000c        0x4 ./Drivers/STM32G4xx_HAL_Driver/Src/stm32g4xx_hal.o
                0x000000002000000c                uwTickFreq
 .data.uwTickPrio
                0x0000000020000010        0x4 ./Drivers/STM32G4xx_HAL_Driver/Src/stm32g4xx_hal.o
                0x0000000020000010                uwTickPrio
 .data.__sglue  0x0000000020000014        0xc C:/ST/STM32CubeIDE_1.10.1/STM32CubeIDE/plugins/com.st.stm32cube.ide.mcu.externaltools.gnu-tools-for-stm32.11.3.rel1.win32_1.1.0.202305231506/tools/bin/../lib/gcc/arm-none-eabi/11.3.1/../../../../arm-none-eabi/lib/thumb/v7e-m+fp/hard\libc_nano.a(libc_a-findfp.o)
                0x0000000020000014                __sglue
 .data._impure_data
                0x0000000020000020       0x4c C:/ST/STM32CubeIDE_1.10.1/STM32CubeIDE/plugins/com.st.stm32cube.ide.mcu.externaltools.gnu-tools-for-stm32.11.3.rel1.win32_1.1.0.202305231506/tools/bin/../lib/gcc/arm-none-eabi/11.3.1/../../../../arm-none-eabi/lib/thumb/v7e-m+fp/hard\libc_nano.a(libc_a-impure.o)
                0x0000000020000020                _impure_data
 .data._impure_ptr
                0x000000002000006c        0x4 C:/ST/STM32CubeIDE_1.10.1/STM32CubeIDE/plugins/com.st.stm32cube.ide.mcu.externaltools.gnu-tools-for-stm32.11.3.rel1.win32_1.1.0.202305231506/tools/bin/../lib/gcc/arm-none-eabi/11.3.1/../../../../arm-none-eabi/lib/thumb/v7e-m+fp/hard\libc_nano.a(libc_a-impure.o)
                0x000000002000006c                _impure_ptr
                0x0000000020000070                . = ALIGN (0x4)
                0x0000000020000070                _edata = .

.igot.plt       0x0000000020000070        0x0 load address 0x000000000800a828
 .igot.plt      0x0000000020000070        0x0 C:/ST/STM32CubeIDE_1.10.1/STM32CubeIDE/plugins/com.st.stm32cube.ide.mcu.externaltools.gnu-tools-for-stm32.11.3.rel1.win32_1.1.0.202305231506/tools/bin/../lib/gcc/arm-none-eabi/11.3.1/thumb/v7e-m+fp/hard/crtbegin.o
                0x0000000020000070                . = ALIGN (0x4)

.bss            0x0000000020000070     0x16c4 load address 0x000000000800a828
                0x0000000020000070                _sbss = .
                0x0000000020000070                __bss_start__ = _sbss
 *(.bss)